02-07 11:45:20.028  8188  9775 D Katago  : parseRawResult: outSize=3777 actualFloats=59 n=64 totalVisits=21
02-07 11:45:20.029  8188  9775 D Katago  : parseRawResult: suggestionsRaw=64 finalWithPv=64 legal=64
02-07 11:45:20.042  8188  9775 D Katago  : parseRawResult: minVisits=0 finalSuggestions=64 maxVisits=3
02-07 11:45:20.058  8188  8188 I VRI[MainActivity]@e6af973: call setFrameRateCategory for touch hint category=no preference, reason=boost timeout, vri=VRI[MainActivity]@e6af973
02-07 11:45:20.176  8188  9775 D Katago  : parseRawResult: outSize=3777 actualFloats=59 n=64 totalVisits=28
02-07 11:45:20.181  8188  9775 D Katago  : parseRawResult: suggestionsRaw=64 finalWithPv=64 legal=64
02-07 11:45:20.184  8188  9775 D Katago  : parseRawResult: minVisits=0 finalSuggestions=64 maxVisits=4
02-07 11:45:20.354  8188  9775 D Katago  : parseRawResult: outSize=3777 actualFloats=59 n=64 totalVisits=33
02-07 11:45:20.358  8188  9775 D Katago  : parseRawResult: suggestionsRaw=64 finalWithPv=64 legal=64
02-07 11:45:20.362  8188  9775 D Katago  : parseRawResult: minVisits=0 finalSuggestions=64 maxVisits=5
02-07 11:45:20.436  8188  8216 I .katago.android: Background concurrent mark compact GC freed 12MB AllocSpace bytes, 91(1712KB) LOS objects, 49% free, 13MB/27MB, paused 9.125ms,13.595ms total 360.867ms
02-07 11:45:20.592  8188  9775 D Katago  : parseRawResult: outSize=3777 actualFloats=59 n=64 totalVisits=43
02-07 11:45:20.597  8188  9775 D Katago  : parseRawResult: suggestionsRaw=64 finalWithPv=64 legal=64
02-07 11:45:20.604  8188  9775 D Katago  : parseRawResult: minVisits=0 finalSuggestions=64 maxVisits=6
02-07 11:45:20.727  8188  9775 D Katago  : parseRawResult: outSize=3777 actualFloats=59 n=64 totalVisits=47
02-07 11:45:20.732  8188  9775 D Katago  : parseRawResult: suggestionsRaw=64 finalWithPv=64 legal=64
02-07 11:45:20.734  8188  9775 D Katago  : parseRawResult: minVisits=0 finalSuggestions=64 maxVisits=8
02-07 11:45:20.896  8188  9775 D Katago  : parseRawResult: outSize=3777 actualFloats=59 n=64 totalVisits=56
02-07 11:45:20.923  8188  9775 D Katago  : parseRawResult: suggestionsRaw=64 finalWithPv=64 legal=64
02-07 11:45:20.926  8188  9775 D Katago  : parseRawResult: minVisits=0 finalSuggestions=64 maxVisits=9
02-07 11:45:21.049  8188  9775 D Katago  : parseRawResult: outSize=3777 actualFloats=59 n=64 totalVisits=62
02-07 11:45:21.053  8188  9775 D Katago  : parseRawResult: suggestionsRaw=64 finalWithPv=64 legal=64
02-07 11:45:21.070  8188  9775 D Katago  : parseRawResult: minVisits=0 finalSuggestions=64 maxVisits=10
02-07 11:45:21.321  8188  9775 D Katago  : parseRawResult: outSize=3777 actualFloats=59 n=64 totalVisits=75
02-07 11:45:21.325  8188  9775 D Katago  : parseRawResult: suggestionsRaw=64 finalWithPv=64 legal=64
02-07 11:45:21.329  8188  9775 D Katago  : parseRawResult: minVisits=0 finalSuggestions=64 maxVisits=12
02-07 11:45:21.463  8188  9775 D Katago  : parseRawResult: outSize=3777 actualFloats=59 n=64 totalVisits=80
02-07 11:45:21.468  8188  9775 D Katago  : parseRawResult: suggestionsRaw=64 finalWithPv=64 legal=64
02-07 11:45:21.472  8188  9775 D Katago  : parseRawResult: minVisits=0 finalSuggestions=64 maxVisits=14
02-07 11:45:21.610  8188  9775 D Katago  : parseRawResult: outSize=3777 actualFloats=59 n=64 totalVisits=87
02-07 11:45:21.616  8188  9775 D Katago  : parseRawResult: suggestionsRaw=64 finalWithPv=64 legal=64
02-07 11:45:21.620  8188  9775 D Katago  : parseRawResult: minVisits=0 finalSuggestions=64 maxVisits=16
02-07 11:45:21.752  8188  8188 I VRI[MainActivity]@e6af973: ViewPostIme pointer 0
02-07 11:45:21.762  8188  8188 I VRI[MainActivity]@e6af973: call setFrameRateCategory for touch hint category=high hint, reason=touch, vri=VRI[MainActivity]@e6af973
02-07 11:45:21.792  8188  9775 D Katago  : parseRawResult: outSize=3777 actualFloats=59 n=64 totalVisits=92
02-07 11:45:21.796  8188  9775 D Katago  : parseRawResult: suggestionsRaw=64 finalWithPv=64 legal=64
02-07 11:45:21.800  8188  9775 D Katago  : parseRawResult: minVisits=0 finalSuggestions=64 maxVisits=16
02-07 11:45:21.816  8188  8188 I VRI[MainActivity]@e6af973: ViewPostIme pointer 1
02-07 11:45:21.922  8188  8188 I View    : setRequestedFrameRate frameRate=NaN, this=com.google.android.gms.ads.internal.webview.ai{96d0a65 VFEDHVC.. ........ 0,0-900,140}, caller=android.view.ViewGroup.setRequestedFrameRate:9952 WV.rf.o:1 WV.rg.h:118 WV.rg.onDraw:7 com.android.webview.chromium.WebViewChromium.onDraw:19 
02-07 11:45:21.934  8188  8188 W Katago  : AnalysisResultGate: DROPPED session=ANALYSIS mode=QUICK reason=requestId_mismatch(result=72339069014638615 last=0) suggestions=64 totalVisits=92
02-07 11:45:21.973  8188  9951 I AudioTrack: createTrack_l(0): AUDIO_OUTPUT_FLAG_FAST successful; frameCount 0 -> 4079
02-07 11:45:21.974  8188  9951 D AudioTrack: setVolume(1.000000, 1.000000) pid : 8188
02-07 11:45:22.554  8188  9777 D Katago  : Analysis Metrics: visits=120 time=3.198s vps=37.5 ms/visit=26.65 format=NEW
02-07 11:45:22.556  8188  9777 D Katago  : parseRawResult: outSize=3777 actualFloats=59 n=64 totalVisits=120
02-07 11:45:22.561  8188  9777 W Katago  : getTopPv: engine returned null or empty array
02-07 11:45:22.565  8188  9777 D Katago  : getTopPv: parsing out.size=0, expectedCount=64
02-07 11:45:22.569  8188  9777 D Katago  : getTopPv: returning 64 PVs, first pvSize=0
02-07 11:45:22.659  8188  9777 D Katago  : parseRawResult: suggestionsRaw=64 finalWithPv=64 legal=64
02-07 11:45:22.663  8188  9777 D Katago  : parseRawResult: minVisits=0 finalSuggestions=64 maxVisits=23
02-07 11:45:22.667  8188  8188 D Katago  : EngineOrchestrator process state=Ready event=AnalysisDone
02-07 11:45:22.675  8188  8188 D Katago  : EngineOrchestrator process state=Ready event=StartAnalysis
02-07 11:45:22.676  8188  9775 D GameStateUseCase: Game state saved: 10 moves, 0 redo moves
02-07 11:45:22.677  8188  8188 D Katago  : EngineOrchestrator process state=Analyzing event=AnalysisDone
02-07 11:45:22.678  8188  9775 I Katago  : triggerAnalysis start mode=QUICK budget=3000 (time-only)
02-07 11:45:22.679  8188  8188 D Katago  : analysis_state_machine intent submitted session=ANALYSIS movesHash=-1487110753090196683
02-07 11:45:22.681  8188  8188 D Katago  : intent_update source=PLAY_MOVE session=ANALYSIS movesHash=-1487110753090196683
02-07 11:45:22.682  8188  8188 I Katago  : playMove Timing (ns): Token=129091923, Legal=709064308, GameUpdate=123769, UiUpdate=1714154, Persist=1693539, Trigger=8305538, AsyncLaunch=306692
02-07 11:45:22.737  8188  8188 I View    : setRequestedFrameRate frameRate=NaN, this=com.google.android.gms.ads.internal.webview.ai{96d0a65 VFEDHVC.. ........ 0,0-900,140}, caller=android.view.ViewGroup.setRequestedFrameRate:9952 WV.rf.o:1 WV.rg.h:118 WV.rg.onDraw:7 com.android.webview.chromium.WebViewChromium.onDraw:19 
02-07 11:45:22.743  8188  8642 I Katago  : analyze start budgetMs=3000 maxVisits=0 size=19 moves=10
02-07 11:45:22.810  8188  8188 I View    : setRequestedFrameRate frameRate=NaN, this=com.google.android.gms.ads.internal.webview.ai{96d0a65 VFEDHVC.. ........ 0,0-900,140}, caller=android.view.ViewGroup.setRequestedFrameRate:9952 WV.rf.o:1 WV.rg.h:118 WV.rg.onDraw:7 com.android.webview.chromium.WebViewChromium.onDraw:19 
02-07 11:45:23.030  8188  9775 D Katago  : parseRawResult: outSize=3777 actualFloats=59 n=64 totalVisits=2
02-07 11:45:23.035  8188  9775 D Katago  : parseRawResult: suggestionsRaw=64 finalWithPv=64 legal=64
02-07 11:45:23.066  8188  9775 D Katago  : parseRawResult: minVisits=0 finalSuggestions=64 maxVisits=0
02-07 11:45:23.176  8188  9775 D Katago  : parseRawResult: outSize=3777 actualFloats=59 n=64 totalVisits=7
02-07 11:45:23.192  8188  9775 D Katago  : parseRawResult: suggestionsRaw=64 finalWithPv=64 legal=64
02-07 11:45:23.194  8188  8188 I View    : setRequestedFrameRate frameRate=NaN, this=com.google.android.gms.ads.internal.webview.ai{96d0a65 VFEDHVC.. ........ 0,0-900,140}, caller=android.view.ViewGroup.setRequestedFrameRate:9952 WV.rf.o:1 WV.rg.h:118 WV.rg.onDraw:7 com.android.webview.chromium.WebViewChromium.onDraw:19 
02-07 11:45:23.195  8188  9775 D Katago  : parseRawResult: minVisits=0 finalSuggestions=64 maxVisits=1
02-07 11:45:23.401  8188  9775 D Katago  : parseRawResult: outSize=3777 actualFloats=59 n=64 totalVisits=11
02-07 11:45:23.407  8188  9775 D Katago  : parseRawResult: suggestionsRaw=64 finalWithPv=64 legal=64
02-07 11:45:23.409  8188  9775 D Katago  : parseRawResult: minVisits=0 finalSuggestions=64 maxVisits=2
02-07 11:45:23.600  8188  9775 D Katago  : parseRawResult: outSize=3777 actualFloats=59 n=64 totalVisits=13
02-07 11:45:23.602  8188  9775 D Katago  : parseRawResult: suggestionsRaw=64 finalWithPv=64 legal=64
02-07 11:45:23.604  8188  9775 D Katago  : parseRawResult: minVisits=0 finalSuggestions=64 maxVisits=3
02-07 11:45:23.763  8188  9775 D Katago  : parseRawResult: outSize=3777 actualFloats=59 n=64 totalVisits=17
02-07 11:45:23.764  8188  9775 D Katago  : parseRawResult: suggestionsRaw=64 finalWithPv=64 legal=64
02-07 11:45:23.765  8188  9775 D Katago  : parseRawResult: minVisits=0 finalSuggestions=64 maxVisits=3
02-07 11:45:23.920  8188  9775 D Katago  : parseRawResult: outSize=3777 actualFloats=59 n=64 totalVisits=22
02-07 11:45:23.921  8188  9775 D Katago  : parseRawResult: suggestionsRaw=64 finalWithPv=64 legal=64
02-07 11:45:23.923  8188  9775 D Katago  : parseRawResult: minVisits=0 finalSuggestions=64 maxVisits=4
02-07 11:45:24.193  8188  9775 D Katago  : parseRawResult: outSize=3777 actualFloats=59 n=64 totalVisits=25
02-07 11:45:24.198  8188  9775 D Katago  : parseRawResult: suggestionsRaw=64 finalWithPv=64 legal=64
02-07 11:45:24.202  8188  9775 D Katago  : parseRawResult: minVisits=0 finalSuggestions=64 maxVisits=4
02-07 11:45:24.392  8188  9775 D Katago  : parseRawResult: outSize=3777 actualFloats=59 n=64 totalVisits=33
02-07 11:45:24.397  8188  9775 D Katago  : parseRawResult: suggestionsRaw=64 finalWithPv=64 legal=64
02-07 11:45:24.400  8188  9775 D Katago  : parseRawResult: minVisits=0 finalSuggestions=64 maxVisits=6
02-07 11:45:24.594  8188  9775 D Katago  : parseRawResult: outSize=3777 actualFloats=59 n=64 totalVisits=38
02-07 11:45:24.598  8188  9775 D Katago  : parseRawResult: suggestionsRaw=64 finalWithPv=64 legal=64
02-07 11:45:24.602  8188  9775 D Katago  : parseRawResult: minVisits=0 finalSuggestions=64 maxVisits=6
02-07 11:45:24.720  8188  9775 D Katago  : parseRawResult: outSize=3777 actualFloats=59 n=64 totalVisits=42
02-07 11:45:24.725  8188  9775 D Katago  : parseRawResult: suggestionsRaw=64 finalWithPv=64 legal=64
02-07 11:45:24.729  8188  9775 D Katago  : parseRawResult: minVisits=0 finalSuggestions=64 maxVisits=8
02-07 11:45:24.869  8188  9775 D Katago  : parseRawResult: outSize=3777 actualFloats=59 n=64 totalVisits=47
02-07 11:45:24.874  8188  9775 D Katago  : parseRawResult: suggestionsRaw=64 finalWithPv=64 legal=64
02-07 11:45:24.879  8188  9775 D Katago  : parseRawResult: minVisits=0 finalSuggestions=64 maxVisits=8
02-07 11:45:24.940  8188  8188 I VRI[MainActivity]@e6af973: call setFrameRateCategory for touch hint category=no preference, reason=boost timeout, vri=VRI[MainActivity]@e6af973
02-07 11:45:25.053  8188  9775 D Katago  : parseRawResult: outSize=3777 actualFloats=59 n=64 totalVisits=52
02-07 11:45:25.054  8188  9775 D Katago  : parseRawResult: suggestionsRaw=64 finalWithPv=64 legal=64
02-07 11:45:25.055  8188  9775 D Katago  : parseRawResult: minVisits=0 finalSuggestions=64 maxVisits=9
02-07 11:45:25.078  8188  8188 I VRI[MainActivity]@e6af973: ViewPostIme pointer 0
02-07 11:45:25.093  8188  8188 I VRI[MainActivity]@e6af973: call setFrameRateCategory for touch hint category=high hint, reason=touch, vri=VRI[MainActivity]@e6af973
02-07 11:45:25.188  8188  8188 I VRI[MainActivity]@e6af973: ViewPostIme pointer 1
02-07 11:45:25.279  8188  8188 I View    : setRequestedFrameRate frameRate=NaN, this=com.google.android.gms.ads.internal.webview.ai{96d0a65 VFEDHVC.. ........ 0,0-900,140}, caller=android.view.ViewGroup.setRequestedFrameRate:9952 WV.rf.o:1 WV.rg.h:118 WV.rg.onDraw:7 com.android.webview.chromium.WebViewChromium.onDraw:19 
02-07 11:45:25.365  8188  9951 I AudioTrack: createTrack_l(0): AUDIO_OUTPUT_FLAG_FAST successful; frameCount 0 -> 4079
02-07 11:45:25.366  8188  9951 D AudioTrack: setVolume(1.000000, 1.000000) pid : 8188
02-07 11:45:25.927  8188  8642 D Katago  : Analysis Metrics: visits=77 time=3.183s vps=24.2 ms/visit=41.34 format=NEW
02-07 11:45:25.929  8188  8642 D Katago  : parseRawResult: outSize=3777 actualFloats=59 n=64 totalVisits=77
02-07 11:45:25.934  8188  8642 W Katago  : getTopPv: engine returned null or empty array
02-07 11:45:25.935  8188  8642 D Katago  : getTopPv: parsing out.size=0, expectedCount=64
02-07 11:45:25.936  8188  8642 D Katago  : getTopPv: returning 64 PVs, first pvSize=0
02-07 11:45:26.028  8188  8642 D Katago  : parseRawResult: suggestionsRaw=64 finalWithPv=64 legal=64
02-07 11:45:26.030  8188  8642 D Katago  : parseRawResult: minVisits=0 finalSuggestions=64 maxVisits=12
02-07 11:45:26.033  8188  8188 D Katago  : EngineOrchestrator process state=Ready event=AnalysisDone
02-07 11:45:26.041  8188  8188 D Katago  : EngineOrchestrator process state=Ready event=StartAnalysis
02-07 11:45:26.043  8188  8188 D Katago  : EngineOrchestrator process state=Analyzing event=AnalysisDone
02-07 11:45:26.044  8188  9775 I Katago  : triggerAnalysis start mode=QUICK budget=3000 (time-only)
02-07 11:45:26.044  8188  9777 D GameStateUseCase: Game state saved: 11 moves, 0 redo moves
02-07 11:45:26.045  8188  8188 D Katago  : analysis_state_machine intent submitted session=ANALYSIS movesHash=-1264646859439032773
02-07 11:45:26.047  8188  8188 D Katago  : intent_update source=PLAY_MOVE session=ANALYSIS movesHash=-1264646859439032773
02-07 11:45:26.049  8188  8188 I Katago  : playMove Timing (ns): Token=623308, Legal=827709615, GameUpdate=149462, UiUpdate=1532615, Persist=702231, Trigger=7516231, AsyncLaunch=350461
02-07 11:45:26.053  8188  8642 I Katago  : analyze start budgetMs=3000 maxVisits=0 size=19 moves=11
02-07 11:45:26.250  8188  9776 D Katago  : parseRawResult: outSize=3777 actualFloats=59 n=64 totalVisits=1
02-07 11:45:26.258  8188  9776 D Katago  : parseRawResult: suggestionsRaw=64 finalWithPv=64 legal=64
02-07 11:45:26.271  8188  9776 D Katago  : parseRawResult: minVisits=0 finalSuggestions=64 maxVisits=0
02-07 11:45:26.377  8188  9776 D Katago  : parseRawResult: outSize=3777 actualFloats=59 n=64 totalVisits=4
02-07 11:45:26.384  8188  9776 D Katago  : parseRawResult: suggestionsRaw=64 finalWithPv=64 legal=64
02-07 11:45:26.389  8188  9776 D Katago  : parseRawResult: minVisits=0 finalSuggestions=64 maxVisits=1
02-07 11:45:26.483  8188  8188 I View    : setRequestedFrameRate frameRate=NaN, this=com.google.android.gms.ads.internal.webview.ai{96d0a65 VFEDHVC.. ........ 0,0-900,140}, caller=android.view.ViewGroup.setRequestedFrameRate:9952 WV.rf.o:1 WV.rg.h:118 WV.rg.onDraw:7 com.android.webview.chromium.WebViewChromium.onDraw:19 
02-07 11:45:26.548  8188  9776 D Katago  : parseRawResult: outSize=3777 actualFloats=59 n=64 totalVisits=12
02-07 11:45:26.554  8188  9776 D Katago  : parseRawResult: suggestionsRaw=64 finalWithPv=64 legal=64
02-07 11:45:26.566  8188  9776 D Katago  : parseRawResult: minVisits=0 finalSuggestions=64 maxVisits=2
02-07 11:45:26.706  8188  9776 D Katago  : parseRawResult: outSize=3777 actualFloats=59 n=64 totalVisits=17
02-07 11:45:26.708  8188  9776 D Katago  : parseRawResult: suggestionsRaw=64 finalWithPv=64 legal=64
02-07 11:45:26.717  8188  9776 D Katago  : parseRawResult: minVisits=0 finalSuggestions=64 maxVisits=3
02-07 11:45:26.963  8188  9776 D Katago  : parseRawResult: outSize=3777 actualFloats=59 n=64 totalVisits=26
02-07 11:45:26.965  8188  9776 D Katago  : parseRawResult: suggestionsRaw=64 finalWithPv=64 legal=64
02-07 11:45:26.966  8188  9776 D Katago  : parseRawResult: minVisits=0 finalSuggestions=64 maxVisits=3
02-07 11:45:27.115  8188  9776 D Katago  : parseRawResult: outSize=3777 actualFloats=59 n=64 totalVisits=32
02-07 11:45:27.117  8188  9776 D Katago  : parseRawResult: suggestionsRaw=64 finalWithPv=64 legal=64
02-07 11:45:27.118  8188  9776 D Katago  : parseRawResult: minVisits=0 finalSuggestions=64 maxVisits=7
02-07 11:45:27.215  8188  8216 I .katago.android: Background concurrent mark compact GC freed 12MB AllocSpace bytes, 43(832KB) LOS objects, 50% free, 14MB/28MB, paused 2.941ms,8.500ms total 231.824ms
02-07 11:45:27.281  8188  9776 D Katago  : parseRawResult: outSize=3777 actualFloats=59 n=64 totalVisits=39
02-07 11:45:27.283  8188  9776 D Katago  : parseRawResult: suggestionsRaw=64 finalWithPv=64 legal=64
02-07 11:45:27.284  8188  9776 D Katago  : parseRawResult: minVisits=0 finalSuggestions=64 maxVisits=8
02-07 11:45:27.451  8188  9776 D Katago  : parseRawResult: outSize=3777 actualFloats=59 n=64 totalVisits=41
02-07 11:45:27.453  8188  9776 D Katago  : parseRawResult: suggestionsRaw=64 finalWithPv=64 legal=64
02-07 11:45:27.454  8188  9776 D Katago  : parseRawResult: minVisits=0 finalSuggestions=64 maxVisits=9
02-07 11:45:27.568  8188  9776 D Katago  : parseRawResult: outSize=3777 actualFloats=59 n=64 totalVisits=46
02-07 11:45:27.570  8188  9776 D Katago  : parseRawResult: suggestionsRaw=64 finalWithPv=64 legal=64
02-07 11:45:27.571  8188  9776 D Katago  : parseRawResult: minVisits=0 finalSuggestions=64 maxVisits=10
02-07 11:45:27.732  8188  9776 D Katago  : parseRawResult: outSize=3777 actualFloats=59 n=64 totalVisits=53
02-07 11:45:27.735  8188  9776 D Katago  : parseRawResult: suggestionsRaw=64 finalWithPv=64 legal=64
02-07 11:45:27.736  8188  9776 D Katago  : parseRawResult: minVisits=0 finalSuggestions=64 maxVisits=10
02-07 11:45:27.886  8188  9776 D Katago  : parseRawResult: outSize=3777 actualFloats=59 n=64 totalVisits=57
02-07 11:45:27.888  8188  9776 D Katago  : parseRawResult: suggestionsRaw=64 finalWithPv=64 legal=64
02-07 11:45:27.889  8188  9776 D Katago  : parseRawResult: minVisits=0 finalSuggestions=64 maxVisits=11
02-07 11:45:28.002  8188  9776 D Katago  : parseRawResult: outSize=3777 actualFloats=59 n=64 totalVisits=62
02-07 11:45:28.003  8188  9776 D Katago  : parseRawResult: suggestionsRaw=64 finalWithPv=64 legal=64
02-07 11:45:28.004  8188  9776 D Katago  : parseRawResult: minVisits=0 finalSuggestions=64 maxVisits=12
02-07 11:45:28.134  8188  9776 D Katago  : parseRawResult: outSize=3777 actualFloats=59 n=64 totalVisits=66
02-07 11:45:28.141  8188  9776 D Katago  : parseRawResult: suggestionsRaw=64 finalWithPv=64 legal=64
02-07 11:45:28.144  8188  9776 D Katago  : parseRawResult: minVisits=0 finalSuggestions=64 maxVisits=13
02-07 11:45:28.200  8188  8188 I VRI[MainActivity]@e6af973: call setFrameRateCategory for touch hint category=no preference, reason=boost timeout, vri=VRI[MainActivity]@e6af973
02-07 11:45:28.324  8188  9776 D Katago  : parseRawResult: outSize=3777 actualFloats=59 n=64 totalVisits=71
02-07 11:45:28.339  8188  9776 D Katago  : parseRawResult: suggestionsRaw=64 finalWithPv=64 legal=64
02-07 11:45:28.353  8188  9776 D Katago  : parseRawResult: minVisits=0 finalSuggestions=64 maxVisits=14
02-07 11:45:28.508  8188  9776 D Katago  : parseRawResult: outSize=3777 actualFloats=59 n=64 totalVisits=78
02-07 11:45:28.513  8188  9776 D Katago  : parseRawResult: suggestionsRaw=64 finalWithPv=64 legal=64
02-07 11:45:28.518  8188  9776 D Katago  : parseRawResult: minVisits=0 finalSuggestions=64 maxVisits=16
02-07 11:45:28.651  8188  9776 D Katago  : parseRawResult: outSize=3777 actualFloats=59 n=64 totalVisits=83
02-07 11:45:28.655  8188  9776 D Katago  : parseRawResult: suggestionsRaw=64 finalWithPv=64 legal=64
02-07 11:45:28.659  8188  9776 D Katago  : parseRawResult: minVisits=0 finalSuggestions=64 maxVisits=16
02-07 11:45:28.778  8188  9776 D Katago  : parseRawResult: outSize=3777 actualFloats=59 n=64 totalVisits=89
02-07 11:45:28.784  8188  9776 D Katago  : parseRawResult: suggestionsRaw=64 finalWithPv=64 legal=64
02-07 11:45:28.788  8188  9776 D Katago  : parseRawResult: minVisits=0 finalSuggestions=64 maxVisits=19
02-07 11:45:28.960  8188  9776 D Katago  : parseRawResult: outSize=3777 actualFloats=59 n=64 totalVisits=95
02-07 11:45:28.964  8188  9776 D Katago  : parseRawResult: suggestionsRaw=64 finalWithPv=64 legal=64
02-07 11:45:28.968  8188  9776 D Katago  : parseRawResult: minVisits=0 finalSuggestions=64 maxVisits=21
02-07 11:45:29.156  8188  9776 D Katago  : parseRawResult: outSize=3777 actualFloats=59 n=64 totalVisits=105
02-07 11:45:29.161  8188  9776 D Katago  : parseRawResult: suggestionsRaw=64 finalWithPv=64 legal=64
02-07 11:45:29.164  8188  9776 D Katago  : parseRawResult: minVisits=0 finalSuggestions=64 maxVisits=23
02-07 11:45:29.253  8188  8642 D Katago  : Analysis Metrics: visits=108 time=3.199s vps=33.8 ms/visit=29.62 format=NEW
02-07 11:45:29.254  8188  8642 D Katago  : parseRawResult: outSize=3777 actualFloats=59 n=64 totalVisits=108
02-07 11:45:29.261  8188  8642 W Katago  : getTopPv: engine returned null or empty array
02-07 11:45:29.264  8188  8642 D Katago  : getTopPv: parsing out.size=0, expectedCount=64
02-07 11:45:29.265  8188  8642 D Katago  : getTopPv: returning 64 PVs, first pvSize=0
02-07 11:45:29.353  8188  8642 D Katago  : parseRawResult: suggestionsRaw=64 finalWithPv=64 legal=64
02-07 11:45:29.355  8188  8642 D Katago  : parseRawResult: minVisits=0 finalSuggestions=64 maxVisits=27
02-07 11:45:29.358  8188  8188 D Katago  : TopSuggestion winrate: moves=11 side=W coord=(16,5) black=0.761 display=0.239 pvSize=7
02-07 11:45:29.401  8188  8188 D Katago  : EngineOrchestrator process state=Ready event=AnalysisDone
02-07 11:45:41.972  8188  8188 I VRI[MainActivity]@e6af973: ViewPostIme pointer 0
02-07 11:45:41.980  8188  8188 I VRI[MainActivity]@e6af973: call setFrameRateCategory for touch hint category=high hint, reason=touch, vri=VRI[MainActivity]@e6af973
02-07 11:45:42.094  8188  8188 I VRI[MainActivity]@e6af973: ViewPostIme pointer 1
02-07 11:45:42.943  8188  8188 I VRI[MainActivity]@e6af973: ViewPostIme pointer 0
02-07 11:45:43.059  8188  8188 I VRI[MainActivity]@e6af973: ViewPostIme pointer 1
02-07 11:45:43.120  8188  8188 D Katago  : EngineOrchestrator process state=Ready event=SwitchSession
02-07 11:45:43.126  8188  9005 D GameStateUseCase: No saved game state found
02-07 11:45:43.127  8188  8188 W WindowOnBackDispatcher: OnBackInvokedCallback is not enabled for the application.
02-07 11:45:43.127  8188  8188 W WindowOnBackDispatcher: Set 'android:enableOnBackInvokedCallback="true"' in the application manifest.
02-07 11:45:43.128  8188  9775 D GameStateUseCase: Game state saved: 11 moves, 0 redo moves
02-07 11:45:43.201  8188  8188 I AudioTrack: createTrack_l(0): AUDIO_OUTPUT_FLAG_FAST successful; frameCount 0 -> 512
02-07 11:45:43.202  8188  8188 D AudioTrack: setVolume(0.177828, 0.177828) pid : 8188
02-07 11:45:43.324  8188  9775 I Kumiho-Kumiho: getPackageName: com.katago.android
02-07 11:45:43.325  8188  9775 I Kumiho-Kumiho: getPackageName: com.katago.android
02-07 11:45:43.334  8188  9776 I Kumiho-Kumiho: getPackageName: com.katago.android
02-07 11:45:43.340  8188  9776 I Kumiho-Kumiho: getPackageName: com.katago.android
02-07 11:45:43.340  8188  9005 I Kumiho-Kumiho: getPackageName: com.katago.android
02-07 11:45:43.345  8188  9775 I Kumiho-Kumiho: getPackageName: com.katago.android
02-07 11:45:43.350  8188  8188 I DynamiteModule: Considering local module com.google.android.gms.ads.dynamite:0 and remote module com.google.android.gms.ads.dynamite:254380203
02-07 11:45:43.350  8188  8188 I DynamiteModule: Selected remote version of com.google.android.gms.ads.dynamite, version >= 254380203
02-07 11:45:43.350  8188  8188 V DynamiteModule: Dynamite loader version >= 2, using loadModule2NoCrashUtils
02-07 11:45:43.357  8188  9005 I Kumiho-Kumiho: getPackageName: com.katago.android
02-07 11:45:43.360  8188  9776 I Kumiho-Kumiho: getPackageName: com.katago.android
02-07 11:45:43.366  8188  8188 I Ads     : This request is sent from a test device.
02-07 11:45:43.387  8188  8188 W ServiceBindIntentUtils: Dynamic lookup for intent failed for action: com.google.android.gms.ads.service.CACHE
02-07 11:45:43.393  8188  9005 I Kumiho-Kumiho: getPackageName: com.katago.android
02-07 11:45:43.393  8188 14252 W ServiceBindIntentUtils: Dynamic lookup for intent failed for action: com.google.android.gms.ads.service.START
02-07 11:45:43.393  8188  9776 I Kumiho-Kumiho: getPackageName: com.katago.android
02-07 11:45:43.394  8188  9005 I Kumiho-Kumiho: getPackageName: com.katago.android
02-07 11:45:43.400  8188  9005 I Kumiho-Kumiho: getPackageName: com.katago.android
02-07 11:45:43.402  8188  9776 I Kumiho-Kumiho: getPackageName: com.katago.android
02-07 11:45:43.417  8188  8188 I Dialog  : mIsDeviceDefault = false, mIsSamsungBasicInteraction = false, isMetaDataInActivity = false
02-07 11:45:43.425  8188  8188 I DecorView: setWindowBackground: isPopOver=false color=0 d=android.graphics.drawable.ColorDrawable@432e949
02-07 11:45:43.442  8188  8188 W WindowOnBackDispatcher: OnBackInvokedCallback is not enabled for the application.
02-07 11:45:43.442  8188  8188 W WindowOnBackDispatcher: Set 'android:enableOnBackInvokedCallback="true"' in the application manifest.
02-07 11:45:43.442  8188  8188 I WindowManager: WindowManagerGlobal#addView, ty=2, view=com.android.internal.policy.DecorView{318b57b V.E...... R.....I. 0,0-0,0}[MainActivity], caller=android.view.WindowManagerImpl.addView:158 android.app.Dialog.show:540 androidx.compose.ui.window.AndroidDialog_androidKt$Dialog$1.invoke:184 
02-07 11:45:43.443  8188  8188 I ViewRootImpl: dVRR is disabled
02-07 11:45:43.443  8188  8760 D NativeCustomFrequencyManager: [NativeCFMS] BpCustomFrequencyManager::BpCustomFrequencyManager()
02-07 11:45:43.456  8188  8188 D InputTransport: Input channel constructed: 'fe0c4d ', fd=349
02-07 11:45:43.457  8188  8188 I InsetsController: onStateChanged: host=com.katago.android/com.katago.android.MainActivity, from=android.view.ViewRootImpl.onInsetsStateChanged:3026, state=InsetsState: {mDisplayFrame=Rect(0, 0 - 1080, 2340), mDisplayCutout=DisplayCutout{insets=Rect(0, 80 - 0, 0) waterfall=Insets{left=0, top=0, right=0, bottom=0} boundingRect={Bounds=[Rect(0, 0 - 0, 0), Rect(472, 0 - 608, 80), Rect(0, 0 - 0, 0), Rect(0, 0 - 0, 0)]} cutoutPathParserInfo={CutoutPathParserInfo{displayWidth=1080 displayHeight=2340 physicalDisplayWidth=1080 physicalDisplayHeight=2340 density={2.8125} cutoutSpec={M 0,0 H -24.177777778 V 28.4444444444 H 24.177777778 V 0 H 0 Z @dp} rotation={0} scale={1.0} physicalPixelDisplaySizeRatio={1.0}}} sideOverrides={}}, mRoundedCorners=RoundedCorners{[RoundedCorner{position=TopLeft, radius=113, center=Point(113, 113)}, RoundedCorner{position=TopRight, radius=113, center=Point(967, 113)}, RoundedCorner{position=BottomRight, radius=113, center=Point(967, 2227)}, RoundedCorner{position=BottomLeft, radius=113, center=Point(113, 2227)}]}  mRoundedCornerFrame=Rect(0, 0 - 1080, 2340), mPrivacyIndicatorBounds=PrivacyIndicatorBounds {static bounds=Rect(956, 0 - 1080, 80) rotation=0}, mDisplayShape=DisplayShape{ spec=-311912193 displayWidth=1080 displayHeight=2340 physicalPixelDisplaySizeRatio=1.0 rotation=0 offsetX=0 offsetY=0 scale=1.0}, mSources= { InsetsSource: {db440000 mType=statusBars mFrame=[0,0][1080,80] mVisible=true mFlags= mSideHint=TOP mBoundingRects=null}, InsetsSource: {db440005 mType=mandatorySystemGestures mFrame=[0,0][1080,114] mVisible=true mFlags= mSideHint=TOP mBoundingRects=null}, InsetsSource: {db440006 mType=tappableElement mFrame=[0,0][1080,80] mVisible=true mFlags= mSideHint=TOP mBoundingRects=null}, InsetsSource: {3 mType=ime mFrame=[0,0][0,0] mVisible=false mFlags= mSideHint=NONE mBoundingRects=null}, InsetsSource: {27 mType=displayCutout mFrame=[0,0][1080,80] mVisible=true mFlags= mSideHint=TOP mBoundingRects=null}, InsetsSource: {8660001 mType=navigationBars mFrame=[0,2205][1080,2340] mVisible=true mFlags= mSideHint=BOTTOM mBoundingRects=null}, InsetsSource: {8660004 mType=systemGestures mFrame=[0,0][0,0] mVisible=true mFlags= mSideHint=NONE mBoundingRects=null}, InsetsSource: {8660005 mType=mandatorySystemGestures mFrame=[0,2205][1080,2340] mVisible=true mFlags= mSideHint=BOTTOM mBoundingRects=null}, InsetsSource: {8660006 mType=tappableElement mFrame=[0,2205][1080,2340] mVisible=true mFlags= mSideHint=BOTTOM mBoundingRects=null}, InsetsSource: {8660024 mType=systemGestures mFrame=[0,0][0,0] mVisible=true mFlags= mSideHint=NONE mBoundingRects=null} }
02-07 11:45:43.457  8188  8188 I VRI[MainActivity]@f2ef98: synced displayState. AttachInfo displayState=2
02-07 11:45:43.460  8188  8188 I VRI[MainActivity]@f2ef98: setView = com.android.internal.policy.DecorView@318b57b IsHRR=false mFlingFrameRateChange=0 TM=true
02-07 11:45:43.585  8188  8188 I InsetsSourceConsumer: applyRequestedVisibilityToControl: visible=true, type=navigationBars, host=com.katago.android/com.katago.android.MainActivity
02-07 11:45:43.586  8188  8188 I InsetsSourceConsumer: applyRequestedVisibilityToControl: visible=true, type=statusBars, host=com.katago.android/com.katago.android.MainActivity
02-07 11:45:43.586  8188  8188 D BufferQueueConsumer: [](id:1ffc00000002,api:0,p:-1,c:8188) connect: controlledByApp=false
02-07 11:45:43.587  8188  8188 I BLASTBufferQueue: [VRI[MainActivity]@f2ef98#1](f:0,a:0,s:0) constructor()
02-07 11:45:43.587  8188  8188 I BLASTBufferQueue_Java: new BLASTBufferQueue, mName= VRI[MainActivity]@f2ef98 mNativeObject= 0xb4000079412cc800 caller= android.view.ViewRootImpl.updateBlastSurfaceIfNeeded:3585 android.view.ViewRootImpl.relayoutWindow:11685 android.view.ViewRootImpl.performTraversals:4804 android.view.ViewRootImpl.doTraversal:3924 android.view.ViewRootImpl$TraversalRunnable.run:12903 android.view.Choreographer$CallbackRecord.run:1901 android.view.Choreographer$CallbackRecord.run:1910 android.view.Choreographer.doCallbacks:1367 android.view.Choreographer.doFrame:1292 android.view.Choreographer$FrameDisplayEventReceiver.run:1870 
02-07 11:45:43.587  8188  8188 I BLASTBufferQueue_Java: update, w= 1080 h= 2085 mName = VRI[MainActivity]@f2ef98 mNativeObject= 0xb4000079412cc800 sc.mNativeObject= 0xb4000079410cd5c0 format= -2 caller= android.view.ViewRootImpl.updateBlastSurfaceIfNeeded:3590 android.view.ViewRootImpl.relayoutWindow:11685 android.view.ViewRootImpl.performTraversals:4804 android.view.ViewRootImpl.doTraversal:3924 android.view.ViewRootImpl$TraversalRunnable.run:12903 android.view.Choreographer$CallbackRecord.run:1901 
02-07 11:45:43.587  8188  8188 I BLASTBufferQueue: [VRI[MainActivity]@f2ef98#1](f:0,a:0,s:0) update width=1080 height=2085 format=-2 mTransformHint=0
02-07 11:45:43.588  8188  8188 I VRI[MainActivity]@f2ef98: Relayout returned: old=(0,80,1080,2205) new=(90,190,990,2095) relayoutAsync=false req=(900,1905)0 dur=5 res=0x3 s={true 0xb400007c52fad600} ch=true seqId=0
02-07 11:45:43.589  8188  8188 I VRI[MainActivity]@f2ef98: performConfigurationChange setNightDimText nightDimLevel=0
02-07 11:45:43.590  8188  8188 D VRI[MainActivity]@f2ef98: mThreadedRenderer.initialize() mSurface={isValid=true 0xb400007c52fad600} hwInitialized=true
02-07 11:45:43.605  8188  8188 D VRI[MainActivity]@f2ef98: reportNextDraw android.view.ViewRootImpl.performTraversals:5443 android.view.ViewRootImpl.doTraversal:3924 android.view.ViewRootImpl$TraversalRunnable.run:12903 android.view.Choreographer$CallbackRecord.run:1901 android.view.Choreographer$CallbackRecord.run:1910 
02-07 11:45:43.605  8188  8188 D VRI[MainActivity]@f2ef98: Setup new sync=wmsSync-VRI[MainActivity]@f2ef98#2
02-07 11:45:43.605  8188  8188 I VRI[MainActivity]@f2ef98: Creating new active sync group VRI[MainActivity]@f2ef98#3
02-07 11:45:43.605  8188  8188 D VRI[MainActivity]@f2ef98: registerCallbacksForSync syncBuffer=false
02-07 11:45:43.621  8188  9020 D VRI[MainActivity]@f2ef98: Received frameDrawingCallback syncResult=0 frameNum=1.
02-07 11:45:43.621  8188  9020 I VRI[MainActivity]@f2ef98: mWNT: t=0xb400007c53e30600 mBlastBufferQueue=0xb4000079412cc800 fn= 1 HdrRenderState mRenderHdrSdrRatio=1.0 caller= android.view.ViewRootImpl$12.onFrameDraw:15441 android.view.ThreadedRenderer$1.onFrameDraw:718 <bottom of call stack> 
02-07 11:45:43.621  8188  9020 I VRI[MainActivity]@f2ef98: Setting up sync and frameCommitCallback
02-07 11:45:43.648  8188  8760 I BLASTBufferQueue: [VRI[MainActivity]@f2ef98#1](f:0,a:0,s:0) onFrameAvailable the first frame is available
02-07 11:45:43.648  8188  8760 I BLASTBufferQueue: [VRI[MainActivity]@f2ef98#1](f:0,a:1,s:0) acquireNextBufferLocked size=1080x2085 mFrameNumber=1 applyTransaction=true mTimestamp=150336957469(auto) mPendingTransactions.size=0 graphicBufferId=35167192219710 transform=0
02-07 11:45:43.649  8188  8760 I VRI[MainActivity]@f2ef98: Received frameCommittedCallback lastAttemptedDrawFrameNum=1 didProduceBuffer=true
02-07 11:45:43.650  8188  8760 D HWUI    : CFMS:: SetUp Pid : 8188    Tid : 8760
02-07 11:45:43.650  8188  8188 D VRI[MainActivity]@f2ef98: reportDrawFinished seqId=0
02-07 11:45:43.662  8188  8188 D Katago  : analysis_state_machine intent submitted session=PLAY movesHash=-3750763034362895579
02-07 11:45:43.662  8188  9776 D GameStateUseCase: Clearing saved game state (empty game)
02-07 11:45:43.663  8188  8188 D Katago  : intent_update source=SET_ACTIVE_SESSION session=PLAY movesHash=-3750763034362895579
02-07 11:45:43.665  8188  8188 D Katago  : EngineOrchestrator process state=Ready event=StartAnalysis
02-07 11:45:43.666  8188  8188 D Katago  : EngineOrchestrator process state=Analyzing event=AnalysisDone
02-07 11:45:43.670  8188  9005 I Katago  : triggerAnalysis start mode=QUICK budget=3267 (time-only)
02-07 11:45:43.680  8188  9005 I Kumiho-Kumiho: getPackageName: com.katago.android
02-07 11:45:43.681  8188  9005 I Kumiho-Kumiho: getPackageName: com.katago.android
02-07 11:45:43.684  8188  9005 I Kumiho-Kumiho: getPackageName: com.katago.android
02-07 11:45:43.741  8188  8188 I BLASTBufferQueue_Java: update, w= 1080 h= 2085 mName = VRI[MainActivity]@f2ef98 mNativeObject= 0xb4000079412cc800 sc.mNativeObject= 0xb4000079410cd5c0 format= -2 caller= android.view.ViewRootImpl.updateBlastSurfaceIfNeeded:3574 android.view.ViewRootImpl.relayoutWindow:11685 android.view.ViewRootImpl.performTraversals:4804 android.view.ViewRootImpl.doTraversal:3924 android.view.ViewRootImpl$TraversalRunnable.run:12903 android.view.Choreographer$CallbackRecord.run:1901 
02-07 11:45:43.741  8188  8188 I VRI[MainActivity]@f2ef98: Relayout returned: old=(90,190,990,2095) new=(90,190,990,2095) relayoutAsync=true req=(900,1905)0 dur=0 res=0x0 s={true 0xb400007c52fad600} ch=false seqId=0
02-07 11:45:43.745  8188  8188 I VRI[MainActivity]@f2ef98: registerCallbackForPendingTransactions
02-07 11:45:43.749  8188  9020 I VRI[MainActivity]@f2ef98: mWNT: t=0xb400007c53e30780 mBlastBufferQueue=0xb4000079412cc800 fn= 2 HdrRenderState mRenderHdrSdrRatio=1.0 caller= android.view.ViewRootImpl$10.onFrameDraw:6536 android.view.ViewRootImpl$4.onFrameDraw:2489 android.view.ThreadedRenderer$1.onFrameDraw:718 
02-07 11:45:43.757  8188  8760 D HWUI    : HWUI - treat SMPTE_170M as sRGB
02-07 11:45:43.758  8188  8188 I ImeFocusController: onPreWindowFocus: skipped hasWindowFocus=false mHasImeFocus=true
02-07 11:45:43.758  8188  8188 I ImeFocusController: onPostWindowFocus: skipped hasWindowFocus=false mHasImeFocus=true
02-07 11:45:43.762  8188  9005 I Katago  : analyze start budgetMs=3267 maxVisits=0 size=19 moves=0
02-07 11:45:43.770  8188  9005 D Katago  : parseRawResult: outSize=0 actualFloats=6 n=0 totalVisits=0
02-07 11:45:43.771  8188  9005 D Katago  : parseRawResult: suggestionsRaw=0 finalWithPv=0 legal=0
02-07 11:45:43.773  8188  9005 D Katago  : parseRawResult: minVisits=0 finalSuggestions=0 maxVisits=0
02-07 11:45:43.865  8188  8188 I BLASTBufferQueue_Java: update, w= 1080 h= 2085 mName = VRI[MainActivity]@f2ef98 mNativeObject= 0xb4000079412cc800 sc.mNativeObject= 0xb4000079410cd5c0 format= -2 caller= android.view.ViewRootImpl.updateBlastSurfaceIfNeeded:3574 android.view.ViewRootImpl.relayoutWindow:11685 android.view.ViewRootImpl.performTraversals:4804 android.view.ViewRootImpl.doTraversal:3924 android.view.ViewRootImpl$TraversalRunnable.run:12903 android.view.Choreographer$CallbackRecord.run:1901 
02-07 11:45:43.865  8188  8188 I VRI[MainActivity]@f2ef98: Relayout returned: old=(90,190,990,2095) new=(90,190,990,2095) relayoutAsync=true req=(900,1905)0 dur=0 res=0x0 s={true 0xb400007c52fad600} ch=false seqId=0
02-07 11:45:43.868  8188  8188 I VRI[MainActivity]@f2ef98: registerCallbackForPendingTransactions
02-07 11:45:43.871  8188  9020 I VRI[MainActivity]@f2ef98: mWNT: t=0xb400007c53e31680 mBlastBufferQueue=0xb4000079412cc800 fn= 3 HdrRenderState mRenderHdrSdrRatio=1.0 caller= android.view.ViewRootImpl$10.onFrameDraw:6536 android.view.ViewRootImpl$4.onFrameDraw:2489 android.view.ThreadedRenderer$1.onFrameDraw:718 
02-07 11:45:43.886  8188  8188 D VRI[MainActivity]@f2ef98: mThreadedRenderer.initializeIfNeeded()#2 mSurface={isValid=true 0xb400007c52fad600}
02-07 11:45:43.887  8188  8188 D InputMethodManagerUtils: startInputInner - Id : 0
02-07 11:45:43.887  8188  8188 I InputMethodManager: startInputInner - IInputMethodManagerGlobalInvoker.startInputOrWindowGainedFocus
02-07 11:45:43.891  8188  8188 W Katago  : Analysis empty suggestions: totalVisits=0 session=PLAY mode=QUICK isModelReady=true analyzedMoves=0 (check parseRawResult/minVisits or native empty)
02-07 11:45:43.902  8188  9285 D InputTransport: Input channel constructed: 'ClientS', fd=374
02-07 11:45:43.957  8188  8188 I BLASTBufferQueue_Java: update, w= 1080 h= 2085 mName = VRI[MainActivity]@f2ef98 mNativeObject= 0xb4000079412cc800 sc.mNativeObject= 0xb4000079410cd5c0 format= -2 caller= android.view.ViewRootImpl.updateBlastSurfaceIfNeeded:3574 android.view.ViewRootImpl.relayoutWindow:11685 android.view.ViewRootImpl.performTraversals:4804 android.view.ViewRootImpl.doTraversal:3924 android.view.ViewRootImpl$TraversalRunnable.run:12903 android.view.Choreographer$CallbackRecord.run:1901 
02-07 11:45:43.957  8188  8188 I VRI[MainActivity]@f2ef98: Relayout returned: old=(90,190,990,2095) new=(90,190,990,2095) relayoutAsync=true req=(900,1905)0 dur=0 res=0x0 s={true 0xb400007c52fad600} ch=false seqId=0
02-07 11:45:43.959  8188  8188 I VRI[MainActivity]@f2ef98: registerCallbackForPendingTransactions
02-07 11:45:43.962  8188  9020 I VRI[MainActivity]@f2ef98: mWNT: t=0xb400007c53e30900 mBlastBufferQueue=0xb4000079412cc800 fn= 4 HdrRenderState mRenderHdrSdrRatio=1.0 caller= android.view.ViewRootImpl$10.onFrameDraw:6536 android.view.ViewRootImpl$4.onFrameDraw:2489 android.view.ThreadedRenderer$1.onFrameDraw:718 
02-07 11:45:43.965  8188  8188 D Katago  : EngineOrchestrator process state=Ready event=AnalysisDone
02-07 11:45:43.967  8188  8188 I InputMethodManager: handleMessage: setImeVisibility visible=false
02-07 11:45:43.967  8188  8188 D InsetsController: hide(ime(), fromIme=false)
02-07 11:45:43.968  8188  8188 I ImeTracker: com.katago.android:397115ca: onCancelled at PHASE_CLIENT_ALREADY_HIDDEN
02-07 11:45:44.245  8188  8188 D Katago  : EngineOrchestrator process state=Ready event=StartAnalysis
02-07 11:45:44.252  8188  8188 D Katago  : EngineOrchestrator process state=Analyzing event=AnalysisDone
02-07 11:45:44.253  8188  9777 I Katago  : triggerAnalysis start mode=QUICK budget=3267 (time-only)
02-07 11:45:44.255  8188  8188 D Katago  : analysis_state_machine intent submitted session=PLAY movesHash=-3750763034362895579
02-07 11:45:44.257  8188  8188 D Katago  : intent_update source=RESULT_EMPTY_RETRY session=PLAY movesHash=-3750763034362895579
02-07 11:45:44.262  8188  9005 I Katago  : analyze start budgetMs=3267 maxVisits=0 size=19 moves=0
02-07 11:45:44.266  8188  9005 D Katago  : parseRawResult: outSize=0 actualFloats=6 n=0 totalVisits=0
02-07 11:45:44.267  8188  9005 D Katago  : parseRawResult: suggestionsRaw=0 finalWithPv=0 legal=0
02-07 11:45:44.268  8188  9005 D Katago  : parseRawResult: minVisits=0 finalSuggestions=0 maxVisits=0
02-07 11:45:44.270  8188  8188 W Katago  : Analysis empty suggestions: totalVisits=0 session=PLAY mode=QUICK isModelReady=true analyzedMoves=0 (check parseRawResult/minVisits or native empty)
02-07 11:45:44.273  8188  8188 D Katago  : EngineOrchestrator process state=Ready event=AnalysisDone
02-07 11:45:44.301  8188  8188 I BLASTBufferQueue_Java: update, w= 1080 h= 2085 mName = VRI[MainActivity]@f2ef98 mNativeObject= 0xb4000079412cc800 sc.mNativeObject= 0xb4000079410cd5c0 format= -2 caller= android.view.ViewRootImpl.updateBlastSurfaceIfNeeded:3574 android.view.ViewRootImpl.relayoutWindow:11685 android.view.ViewRootImpl.performTraversals:4804 android.view.ViewRootImpl.doTraversal:3924 android.view.ViewRootImpl$TraversalRunnable.run:12903 android.view.Choreographer$CallbackRecord.run:1901 
02-07 11:45:44.301  8188  8188 I VRI[MainActivity]@f2ef98: Relayout returned: old=(90,190,990,2095) new=(90,190,990,2095) relayoutAsync=true req=(900,1905)0 dur=0 res=0x0 s={true 0xb400007c52fad600} ch=false seqId=0
02-07 11:45:44.302  8188  8188 I VRI[MainActivity]@f2ef98: registerCallbackForPendingTransactions
02-07 11:45:44.307  8188  9020 I VRI[MainActivity]@f2ef98: mWNT: t=0xb400007c53e31380 mBlastBufferQueue=0xb4000079412cc800 fn= 5 HdrRenderState mRenderHdrSdrRatio=1.0 caller= android.view.ViewRootImpl$10.onFrameDraw:6536 android.view.ViewRootImpl$4.onFrameDraw:2489 android.view.ThreadedRenderer$1.onFrameDraw:718 
02-07 11:45:44.338  8188  8188 I BLASTBufferQueue_Java: update, w= 1080 h= 2085 mName = VRI[MainActivity]@f2ef98 mNativeObject= 0xb4000079412cc800 sc.mNativeObject= 0xb4000079410cd5c0 format= -2 caller= android.view.ViewRootImpl.updateBlastSurfaceIfNeeded:3574 android.view.ViewRootImpl.relayoutWindow:11685 android.view.ViewRootImpl.performTraversals:4804 android.view.ViewRootImpl.doTraversal:3924 android.view.ViewRootImpl$TraversalRunnable.run:12903 android.view.Choreographer$CallbackRecord.run:1901 
02-07 11:45:44.339  8188  8188 I VRI[MainActivity]@f2ef98: Relayout returned: old=(90,190,990,2095) new=(90,190,990,2095) relayoutAsync=true req=(900,1905)0 dur=0 res=0x0 s={true 0xb400007c52fad600} ch=false seqId=0
02-07 11:45:44.340  8188  8188 I VRI[MainActivity]@f2ef98: registerCallbackForPendingTransactions
02-07 11:45:44.343  8188  9020 I VRI[MainActivity]@f2ef98: mWNT: t=0xb400007c53e31800 mBlastBufferQueue=0xb4000079412cc800 fn= 6 HdrRenderState mRenderHdrSdrRatio=1.0 caller= android.view.ViewRootImpl$10.onFrameDraw:6536 android.view.ViewRootImpl$4.onFrameDraw:2489 android.view.ThreadedRenderer$1.onFrameDraw:718 
02-07 11:45:44.402  8188  8215 I .katago.android: Compiler allocated 8017KB to compile void com.katago.android.ui.play.PlayScreenScaffoldKt.PlayScreenTopBar(com.katago.android.ui.play.PlayRewardTimerState, kotlin.jvm.functions.Function0, kotlin.jvm.functions.Function0, kotlin.jvm.functions.Function1, kotlin.jvm.functions.Function0, kotlin.jvm.functions.Function1, kotlin.jvm.functions.Function1, kotlin.jvm.functions.Function0, kotlin.jvm.functions.Function0, kotlin.jvm.functions.Function0, kotlin.jvm.functions.Function1, com.katago.android.ui.play.PlaySettingsState, com.katago.android.engine.UiState, kotlin.jvm.functions.Function0, kotlin.jvm.functions.Function0, kotlin.jvm.functions.Function1, kotlin.jvm.functions.Function1, kotlin.jvm.functions.Function0, kotlin.jvm.functions.Function0, androidx.compose.runtime.Composer, int, int)
02-07 11:45:44.546  8188  8188 I VRI[MainActivity]@f2ef98: ViewPostIme pointer 0
02-07 11:45:44.553  8188  8188 I VRI[MainActivity]@f2ef98: call setFrameRateCategory for touch hint category=high hint, reason=touch, vri=VRI[MainActivity]@f2ef98
02-07 11:45:44.638  8188  8188 I VRI[MainActivity]@f2ef98: ViewPostIme pointer 1
02-07 11:45:44.707  8188  8217 D InputTransport: Input channel destroyed: 'ClientS', fd=374
02-07 11:45:44.910  8188  8188 I VRI[MainActivity]@f2ef98: ViewPostIme pointer 0
02-07 11:45:44.988  8188  8188 I VRI[MainActivity]@f2ef98: ViewPostIme pointer 1
02-07 11:45:45.334  8188  8188 I DynamiteModule: Considering local module com.google.android.gms.ads.dynamite:0 and remote module com.google.android.gms.ads.dynamite:254380203
02-07 11:45:45.334  8188  8188 I DynamiteModule: Selected remote version of com.google.android.gms.ads.dynamite, version >= 254380203
02-07 11:45:45.348  8188  8188 D BannerAd: Loaded: ca-app-pub-3940256099942544/6300978111
02-07 11:45:45.367  8188  8188 I View    : setRequestedFrameRate frameRate=NaN, this=com.google.android.gms.ads.internal.webview.ai{563b3b6 VFEDHVC.. ........ 0,0-900,140}, caller=android.view.ViewGroup.setRequestedFrameRate:9952 WV.rf.o:1 WV.rg.h:118 WV.rg.onDraw:7 com.android.webview.chromium.WebViewChromium.onDraw:19 
02-07 11:45:45.406  8188  8188 I VRI[MainActivity]@f2ef98: ViewPostIme pointer 0
02-07 11:45:45.417  8188  8188 I View    : setRequestedFrameRate frameRate=NaN, this=com.google.android.gms.ads.internal.webview.ai{563b3b6 VFEDHVC.. ........ 0,0-900,140}, caller=android.view.ViewGroup.setRequestedFrameRate:9952 WV.rf.o:1 WV.rg.h:118 WV.rg.onDraw:7 com.android.webview.chromium.WebViewChromium.onDraw:19 
02-07 11:45:45.447  8188  8188 I View    : setRequestedFrameRate frameRate=NaN, this=com.google.android.gms.ads.internal.webview.ai{563b3b6 VFEDHVC.. ........ 0,0-900,140}, caller=android.view.ViewGroup.setRequestedFrameRate:9952 WV.rf.o:1 WV.rg.h:118 WV.rg.onDraw:7 com.android.webview.chromium.WebViewChromium.onDraw:19 
02-07 11:45:45.491  8188  8760 E GPUAUX  : [AUX]GuiExtAuxCheckAuxPath:682: Null anb
02-07 11:45:45.548  8188  8188 I VRI[MainActivity]@f2ef98: ViewPostIme pointer 1
02-07 11:45:45.580  8188  8188 I View    : setRequestedFrameRate frameRate=NaN, this=com.google.android.gms.ads.internal.webview.ai{563b3b6 VFEDHVC.. ........ 0,0-900,140}, caller=android.view.ViewGroup.setRequestedFrameRate:9952 WV.rf.o:1 WV.rg.h:118 WV.rg.onDraw:7 com.android.webview.chromium.WebViewChromium.onDraw:19 
02-07 11:45:45.841  8188  8188 I VRI[MainActivity]@f2ef98: ViewPostIme pointer 0
02-07 11:45:45.949  8188  8188 I VRI[MainActivity]@f2ef98: ViewPostIme pointer 1
02-07 11:45:46.001  8188  8188 I BLASTBufferQueue_Java: update, w= 1080 h= 2085 mName = VRI[MainActivity]@f2ef98 mNativeObject= 0xb4000079412cc800 sc.mNativeObject= 0xb4000079410cd5c0 format= -2 caller= android.view.ViewRootImpl.updateBlastSurfaceIfNeeded:3574 android.view.ViewRootImpl.relayoutWindow:11685 android.view.ViewRootImpl.performTraversals:4804 android.view.ViewRootImpl.doTraversal:3924 android.view.ViewRootImpl$TraversalRunnable.run:12903 android.view.Choreographer$CallbackRecord.run:1901 
02-07 11:45:46.001  8188  8188 I VRI[MainActivity]@f2ef98: Relayout returned: old=(90,190,990,2095) new=(90,190,990,2095) relayoutAsync=true req=(900,1905)0 dur=0 res=0x0 s={true 0xb400007c52fad600} ch=false seqId=0
02-07 11:45:46.001  8188  8188 I VRI[MainActivity]@f2ef98: registerCallbackForPendingTransactions
02-07 11:45:46.008  8188  9020 I VRI[MainActivity]@f2ef98: mWNT: t=0xb400007cb8df3c00 mBlastBufferQueue=0xb4000079412cc800 fn= 52 HdrRenderState mRenderHdrSdrRatio=1.0 caller= android.view.ViewRootImpl$10.onFrameDraw:6536 android.view.ViewRootImpl$4.onFrameDraw:2489 android.view.ThreadedRenderer$1.onFrameDraw:718 
02-07 11:45:46.061  8188  8188 I VRI[MainActivity]@e6af973: call setFrameRateCategory for touch hint category=no preference, reason=boost timeout, vri=VRI[MainActivity]@e6af973
02-07 11:45:46.439  8188  8188 I VRI[MainActivity]@f2ef98: ViewPostIme pointer 0
02-07 11:45:46.537  8188  8188 I VRI[MainActivity]@f2ef98: ViewPostIme pointer 1
02-07 11:45:46.584  8188  8188 I BLASTBufferQueue_Java: update, w= 1080 h= 2085 mName = VRI[MainActivity]@f2ef98 mNativeObject= 0xb4000079412cc800 sc.mNativeObject= 0xb4000079410cd5c0 format= -2 caller= android.view.ViewRootImpl.updateBlastSurfaceIfNeeded:3574 android.view.ViewRootImpl.relayoutWindow:11685 android.view.ViewRootImpl.performTraversals:4804 android.view.ViewRootImpl.doTraversal:3924 android.view.ViewRootImpl$TraversalRunnable.run:12903 android.view.Choreographer$CallbackRecord.run:1901 
02-07 11:45:46.584  8188  8188 I VRI[MainActivity]@f2ef98: Relayout returned: old=(90,190,990,2095) new=(90,190,990,2095) relayoutAsync=true req=(900,1905)0 dur=0 res=0x0 s={true 0xb400007c52fad600} ch=false seqId=0
02-07 11:45:46.584  8188  8188 I VRI[MainActivity]@f2ef98: registerCallbackForPendingTransactions
02-07 11:45:46.592  8188  9020 I VRI[MainActivity]@f2ef98: mWNT: t=0xb400007c53a49f00 mBlastBufferQueue=0xb4000079412cc800 fn= 94 HdrRenderState mRenderHdrSdrRatio=1.0 caller= android.view.ViewRootImpl$10.onFrameDraw:6536 android.view.ViewRootImpl$4.onFrameDraw:2489 android.view.ThreadedRenderer$1.onFrameDraw:718 
02-07 11:45:46.782  8188  8188 I View    : setRequestedFrameRate frameRate=NaN, this=com.google.android.gms.ads.internal.webview.ai{563b3b6 VFEDHVC.. ........ 0,0-900,140}, caller=android.view.ViewGroup.setRequestedFrameRate:9952 WV.rf.o:1 WV.rg.h:118 WV.rg.onDraw:7 com.android.webview.chromium.WebViewChromium.onDraw:19 
02-07 11:45:46.815  8188  8188 I VRI[MainActivity]@f2ef98: ViewPostIme pointer 0
02-07 11:45:46.915  8188  8188 I VRI[MainActivity]@f2ef98: ViewPostIme pointer 1
02-07 11:45:46.919  8188  8188 I PlayMode: startGame: levelIndex=25 strength01=0.16666669 strengthZ=-1.3333333 levelLabel=珥덈낫 1 humanColor=WHITE botIsBlack=true timeRange=2.3333335s~2.3333335s randTemp=1.9250001 avoidUtility=1.77 scoreUtility=0.7875
02-07 11:45:46.927  8188  9005 I Katago  : Overwriting configs (CPU only, Level: 0, Visits: unlimited)
02-07 11:45:46.940  8188  9005 I Katago  : CPU Low Freq (2200000000 Hz) -> Conservative Threads (7)
02-07 11:45:46.941  8188  9005 I Katago  : CPU Config: Threads=7, Batch=2, Cache=2^15
02-07 11:45:46.957  8188  9005 I Katago  : analysis.cfg len=741 includeTuned=false
