02-07 11:44:44.599  8188 10090 D CCodecConfig:   c2::u32 raw.pixel-format.value = 2130706433
02-07 11:44:44.600  8188 10090 D CCodecBuffers: [c2.mtk.vp9.decoder#301:2D-Output] popFromStashAndRegister: at 1000000000000us, output format changed to AMessage(what = 0x00000000) = {
02-07 11:44:44.600  8188 10090 D CCodecBuffers:   int32_t android._color-format = 2130706433
02-07 11:44:44.600  8188 10090 D CCodecBuffers:   int32_t android._video-scaling = 1
02-07 11:44:44.600  8188 10090 D CCodecBuffers:   int32_t sar-width = 1
02-07 11:44:44.600  8188 10090 D CCodecBuffers:   int32_t color-standard = 1
02-07 11:44:44.600  8188 10090 D CCodecBuffers:   int32_t color-range = 2
02-07 11:44:44.600  8188 10090 D CCodecBuffers:   int32_t color-transfer = 3
02-07 11:44:44.600  8188 10090 D CCodecBuffers:   int32_t android._dataspace = 260
02-07 11:44:44.600  8188 10090 D CCodecBuffers:   int32_t width = 640
02-07 11:44:44.600  8188 10090 D CCodecBuffers:   int32_t rotation-degrees = 0
02-07 11:44:44.600  8188 10090 D CCodecBuffers:   int32_t sar-height = 1
02-07 11:44:44.600  8188 10090 D CCodecBuffers:   int32_t max-width = 640
02-07 11:44:44.600  8188 10090 D CCodecBuffers:   int32_t max-height = 360
02-07 11:44:44.600  8188 10090 D CCodecBuffers:   int32_t priority = 0
02-07 11:44:44.600  8188 10090 D CCodecBuffers:   string mime = "video/raw"
02-07 11:44:44.600  8188 10090 D CCodecBuffers:   Rect crop(0, 0, 639, 359)
02-07 11:44:44.600  8188 10090 D CCodecBuffers:   Buffer hdr-static-info = {
02-07 11:44:44.600  8188 10090 D CCodecBuffers:     00000000:  00 00 00 00 00 00 00 00  00 00 00 00 00 00 00 00  ................
02-07 11:44:44.600  8188 10090 D CCodecBuffers:     00000010:  00 00 00 00 00 00 00 00  00                       .........
02-07 11:44:44.600  8188 10090 D CCodecBuffers:   }
02-07 11:44:44.600  8188 10090 D CCodecBuffers:   int32_t frame-rate = 0
02-07 11:44:44.600  8188 10090 D CCodecBuffers:   int32_t height = 360
02-07 11:44:44.600  8188 10090 D CCodecBuffers:   int32_t color-format = 2130708361
02-07 11:44:44.600  8188 10090 D CCodecBuffers:   int32_t p-extraBC = 6
02-07 11:44:44.600  8188 10090 D CCodecBuffers: }
02-07 11:44:44.746  8188  9005 D Katago  : parseRawResult: outSize=3777 actualFloats=59 n=64 totalVisits=13
02-07 11:44:44.753  8188  9005 D Katago  : parseRawResult: suggestionsRaw=64 finalWithPv=64 legal=64
02-07 11:44:44.757  8188  9005 D Katago  : parseRawResult: minVisits=0 finalSuggestions=64 maxVisits=5
02-07 11:44:45.019  8188  9005 D Katago  : parseRawResult: outSize=3777 actualFloats=59 n=64 totalVisits=21
02-07 11:44:45.023  8188  9005 D Katago  : parseRawResult: suggestionsRaw=64 finalWithPv=64 legal=64
02-07 11:44:45.027  8188  9005 D Katago  : parseRawResult: minVisits=0 finalSuggestions=64 maxVisits=5
02-07 11:44:45.135  8188  8188 I DynamiteModule: Considering local module com.google.android.gms.ads.dynamite:0 and remote module com.google.android.gms.ads.dynamite:254380203
02-07 11:44:45.135  8188  8188 I DynamiteModule: Selected remote version of com.google.android.gms.ads.dynamite, version >= 254380203
02-07 11:44:45.203  8188  8188 D RewardedAd: Ad loaded successfully
02-07 11:44:45.238  8188  9005 D Katago  : parseRawResult: outSize=3777 actualFloats=59 n=64 totalVisits=25
02-07 11:44:45.242  8188  9005 D Katago  : parseRawResult: suggestionsRaw=64 finalWithPv=64 legal=64
02-07 11:44:45.254  8188  9005 D Katago  : parseRawResult: minVisits=0 finalSuggestions=64 maxVisits=6
02-07 11:44:45.429  8188 10089 I MediaCodec: setCodecState state(0), called in 6, domain 1, 1
02-07 11:44:45.559  8188  9005 D Katago  : parseRawResult: outSize=3777 actualFloats=59 n=64 totalVisits=30
02-07 11:44:45.567  8188  9005 D Katago  : parseRawResult: suggestionsRaw=64 finalWithPv=64 legal=64
02-07 11:44:45.572  8188  9005 D Katago  : parseRawResult: minVisits=0 finalSuggestions=64 maxVisits=7
02-07 11:44:45.717  8188  9005 D Katago  : parseRawResult: outSize=3777 actualFloats=59 n=64 totalVisits=37
02-07 11:44:45.721  8188  9005 D Katago  : parseRawResult: suggestionsRaw=64 finalWithPv=64 legal=64
02-07 11:44:45.725  8188  9005 D Katago  : parseRawResult: minVisits=0 finalSuggestions=64 maxVisits=9
02-07 11:44:45.893  8188  9005 D Katago  : parseRawResult: outSize=3777 actualFloats=59 n=64 totalVisits=41
02-07 11:44:45.897  8188  9005 D Katago  : parseRawResult: suggestionsRaw=64 finalWithPv=64 legal=64
02-07 11:44:45.901  8188  9005 D Katago  : parseRawResult: minVisits=0 finalSuggestions=64 maxVisits=9
02-07 11:44:45.909  8188  8188 I VRI[MainActivity]@e6af973: ViewPostIme pointer 0
02-07 11:44:46.060  8188  9005 D Katago  : parseRawResult: outSize=3777 actualFloats=59 n=64 totalVisits=54
02-07 11:44:46.064  8188  9005 D Katago  : parseRawResult: suggestionsRaw=64 finalWithPv=64 legal=64
02-07 11:44:46.077  8188  9005 D Katago  : parseRawResult: minVisits=0 finalSuggestions=64 maxVisits=10
02-07 11:44:46.183  8188  8215 I .katago.android: Compiler allocated 5467KB to compile void com.katago.android.ui.main.BoardSectionKt.BoardAndControls(androidx.compose.ui.Modifier, com.katago.android.engine.UiState, com.katago.android.engine.TokenState, com.katago.android.audio.SoundPlayer, boolean, kotlin.jvm.functions.Function1, kotlin.jvm.functions.Function1, kotlin.jvm.functions.Function1, com.katago.android.ui.main.MainScreenCallbacks, com.katago.android.MainActivity, androidx.compose.ui.hapticfeedback.HapticFeedback, androidx.compose.runtime.Composer, int, int, int)
02-07 11:44:46.276  8188  8188 I VRI[MainActivity]@e6af973: ViewPostIme pointer 1
02-07 11:44:46.287  8188  8188 D Katago  : EngineOrchestrator process state=Ready event=StartAnalysis
02-07 11:44:46.289  8188  9005 D GameStateUseCase: Clearing saved game state (empty game)
02-07 11:44:46.291  8188  8628 I Katago  : triggerAnalysis start mode=QUICK budget=3000 (time-only)
02-07 11:44:46.292  8188  8188 D Katago  : analysis_state_machine intent submitted session=ANALYSIS movesHash=-3750763034362895579
02-07 11:44:46.294  8188  8188 D Katago  : intent_update source=NEW_GAME session=ANALYSIS movesHash=-3750763034362895579
02-07 11:44:46.300  8188  8188 W Katago  : AnalysisResultGate: DROPPED session=ANALYSIS mode=QUICK reason=requestId_mismatch(result=72339069014638596 last=72339069014638597) suggestions=64 totalVisits=41
02-07 11:44:46.519  8188  8188 W Katago  : AnalysisResultGate: DROPPED session=ANALYSIS mode=QUICK reason=requestId_mismatch(result=72339069014638596 last=72339069014638597) suggestions=64 totalVisits=54
02-07 11:44:46.538  8188  8188 D Katago  : EngineOrchestrator process state=Analyzing event=AnalysisDone
02-07 11:44:46.539  8188  8188 D Katago  : EngineOrchestrator process state=Ready event=AnalysisDone
02-07 11:44:46.660  8188  8188 I View    : setRequestedFrameRate frameRate=NaN, this=com.google.android.gms.ads.internal.webview.ai{96d0a65 VFEDHVC.. ........ 0,0-900,140}, caller=android.view.ViewGroup.setRequestedFrameRate:9952 WV.rf.o:1 WV.rg.h:118 WV.rg.onDraw:7 com.android.webview.chromium.WebViewChromium.onDraw:19 
02-07 11:44:46.868  8188  9777 D Katago  : Analysis Metrics: visits=82 time=3.204s vps=25.6 ms/visit=39.07 format=NEW
02-07 11:44:46.871  8188  9777 D Katago  : parseRawResult: outSize=3777 actualFloats=59 n=64 totalVisits=82
02-07 11:44:46.876  8188  9777 W Katago  : getTopPv: engine returned null or empty array
02-07 11:44:46.877  8188  9777 D Katago  : getTopPv: parsing out.size=0, expectedCount=64
02-07 11:44:46.878  8188  9777 D Katago  : getTopPv: returning 64 PVs, first pvSize=0
02-07 11:44:46.958  8188  9777 D Katago  : parseRawResult: suggestionsRaw=64 finalWithPv=64 legal=64
02-07 11:44:46.962  8188  9777 D Katago  : parseRawResult: minVisits=0 finalSuggestions=64 maxVisits=14
02-07 11:44:46.966  8188  9777 I Katago  : analyze start budgetMs=3000 maxVisits=0 size=19 moves=0
02-07 11:44:47.152  8188  8628 D Katago  : parseRawResult: outSize=3777 actualFloats=59 n=64 totalVisits=58
02-07 11:44:47.154  8188  8628 D Katago  : parseRawResult: suggestionsRaw=64 finalWithPv=64 legal=64
02-07 11:44:47.160  8188  8628 D Katago  : parseRawResult: minVisits=0 finalSuggestions=64 maxVisits=16
02-07 11:44:47.274  8188  8188 I View    : setRequestedFrameRate frameRate=NaN, this=com.google.android.gms.ads.internal.webview.ai{96d0a65 VFEDHVC.. ........ 0,0-900,140}, caller=android.view.ViewGroup.setRequestedFrameRate:9952 WV.rf.o:1 WV.rg.h:118 WV.rg.onDraw:7 com.android.webview.chromium.WebViewChromium.onDraw:19 
02-07 11:44:47.377  8188  8628 D Katago  : parseRawResult: outSize=3777 actualFloats=59 n=64 totalVisits=64
02-07 11:44:47.382  8188  8628 D Katago  : parseRawResult: suggestionsRaw=64 finalWithPv=64 legal=64
02-07 11:44:47.386  8188  8628 D Katago  : parseRawResult: minVisits=0 finalSuggestions=64 maxVisits=17
02-07 11:44:47.506  8188  8628 D Katago  : parseRawResult: outSize=3777 actualFloats=59 n=64 totalVisits=81
02-07 11:44:47.510  8188  8628 D Katago  : parseRawResult: suggestionsRaw=64 finalWithPv=64 legal=64
02-07 11:44:47.530  8188  8628 D Katago  : parseRawResult: minVisits=0 finalSuggestions=64 maxVisits=18
02-07 11:44:47.600  8188  8188 I VRI[MainActivity]@e6af973: ViewPostIme pointer 0
02-07 11:44:47.765  8188  8188 I VRI[MainActivity]@e6af973: ViewPostIme pointer 1
02-07 11:44:47.933  8188  8188 I View    : setRequestedFrameRate frameRate=NaN, this=com.google.android.gms.ads.internal.webview.ai{96d0a65 VFEDHVC.. ........ 0,0-900,140}, caller=android.view.ViewGroup.setRequestedFrameRate:9952 WV.rf.o:1 WV.rg.h:118 WV.rg.onDraw:7 com.android.webview.chromium.WebViewChromium.onDraw:19 
02-07 11:44:47.983  8188  9951 D AudioTrack: setVolume(1.000000, 1.000000) pid : 8188
02-07 11:44:48.960  8188  8188 I VRI[MainActivity]@e6af973: ViewPostIme pointer 0
02-07 11:44:48.971  8188 10024 D BufferPoolAccessor2.0: bufferpool2 0xb400007950c91c28 : 5(40960 size) total buffers - 0(0 size) used buffers - 13/19 (recycle/alloc) - 7/19 (fetch/transfer)
02-07 11:44:48.971  8188 10024 D BufferPoolAccessor2.0: evictor expired: 1, evicted: 1
02-07 11:44:49.081  8188  8188 I VRI[MainActivity]@e6af973: ViewPostIme pointer 1
02-07 11:44:50.126  8188  9777 D Katago  : Analysis Metrics: visits=222 time=3.160s vps=70.3 ms/visit=14.23 format=NEW
02-07 11:44:50.127  8188  9777 D Katago  : parseRawResult: outSize=3777 actualFloats=59 n=64 totalVisits=222
02-07 11:44:50.131  8188  9777 W Katago  : getTopPv: engine returned null or empty array
02-07 11:44:50.135  8188  9777 D Katago  : getTopPv: parsing out.size=0, expectedCount=64
02-07 11:44:50.136  8188  9777 D Katago  : getTopPv: returning 64 PVs, first pvSize=0
02-07 11:44:50.303  8188  9777 D Katago  : parseRawResult: suggestionsRaw=64 finalWithPv=64 legal=64
02-07 11:44:50.306  8188  9777 D Katago  : parseRawResult: minVisits=0 finalSuggestions=64 maxVisits=41
02-07 11:44:50.311  8188  8188 D Katago  : EngineOrchestrator process state=Ready event=AnalysisDone
02-07 11:44:50.320  8188  8188 D Katago  : EngineOrchestrator process state=Ready event=StartAnalysis
02-07 11:44:50.322  8188  9005 D GameStateUseCase: Game state saved: 1 moves, 0 redo moves
02-07 11:44:50.322  8188  8188 D Katago  : EngineOrchestrator process state=Analyzing event=AnalysisDone
02-07 11:44:50.322  8188  9777 I Katago  : triggerAnalysis start mode=QUICK budget=3000 (time-only)
02-07 11:44:50.323  8188  8188 D Katago  : analysis_state_machine intent submitted session=ANALYSIS movesHash=6673931766717003853
02-07 11:44:50.326  8188  8188 D Katago  : intent_update source=PLAY_MOVE session=ANALYSIS movesHash=6673931766717003853
02-07 11:44:50.327  8188  8188 I Katago  : playMove Timing (ns): Token=202660000, Legal=2336955384, GameUpdate=61539, UiUpdate=940231, Persist=801615, Trigger=7783000, AsyncLaunch=363154
02-07 11:44:50.422  8188  8188 I View    : setRequestedFrameRate frameRate=NaN, this=com.google.android.gms.ads.internal.webview.ai{96d0a65 VFEDHVC.. ........ 0,0-900,140}, caller=android.view.ViewGroup.setRequestedFrameRate:9952 WV.rf.o:1 WV.rg.h:118 WV.rg.onDraw:7 com.android.webview.chromium.WebViewChromium.onDraw:19 
02-07 11:44:50.428  8188  8642 I Katago  : analyze start budgetMs=3000 maxVisits=0 size=19 moves=1
02-07 11:44:50.457  8188  8188 I VRI[MainActivity]@e6af973: ViewPostIme pointer 0
02-07 11:44:50.565  8188  8188 I View    : setRequestedFrameRate frameRate=NaN, this=com.google.android.gms.ads.internal.webview.ai{96d0a65 VFEDHVC.. ........ 0,0-900,140}, caller=android.view.ViewGroup.setRequestedFrameRate:9952 WV.rf.o:1 WV.rg.h:118 WV.rg.onDraw:7 com.android.webview.chromium.WebViewChromium.onDraw:19 
02-07 11:44:50.592  8188  8188 I VRI[MainActivity]@e6af973: ViewPostIme pointer 1
02-07 11:44:50.851  8188  9951 I AudioTrack: createTrack_l(0): AUDIO_OUTPUT_FLAG_FAST successful; frameCount 0 -> 4079
02-07 11:44:50.852  8188  9951 D AudioTrack: setVolume(1.000000, 1.000000) pid : 8188
02-07 11:44:51.972  8188 10024 D BufferPoolAccessor2.0: bufferpool2 0xb40000792c282c28 : 9(18846720 size) total buffers - 8(16752640 size) used buffers - 23/32 (recycle/alloc) - 14/32 (fetch/transfer)
02-07 11:44:51.972  8188 10024 D BufferPoolAccessor2.0: evictor expired: 1, evicted: 1
02-07 11:44:53.595  8188  8188 I VRI[MainActivity]@e6af973: call setFrameRateCategory for touch hint category=no preference, reason=boost timeout, vri=VRI[MainActivity]@e6af973
02-07 11:44:53.603  8188  8642 D Katago  : Analysis Metrics: visits=150 time=3.174s vps=47.3 ms/visit=21.16 format=NEW
02-07 11:44:53.604  8188  8642 D Katago  : parseRawResult: outSize=3777 actualFloats=59 n=64 totalVisits=150
02-07 11:44:53.609  8188  8642 W Katago  : getTopPv: engine returned null or empty array
02-07 11:44:53.610  8188  8642 D Katago  : getTopPv: parsing out.size=0, expectedCount=64
02-07 11:44:53.612  8188  8642 D Katago  : getTopPv: returning 64 PVs, first pvSize=0
02-07 11:44:53.668  8188  8642 D Katago  : parseRawResult: suggestionsRaw=64 finalWithPv=64 legal=64
02-07 11:44:53.670  8188  8642 D Katago  : parseRawResult: minVisits=0 finalSuggestions=64 maxVisits=27
02-07 11:44:53.673  8188  8188 D Katago  : EngineOrchestrator process state=Ready event=AnalysisDone
02-07 11:44:53.680  8188  8188 D Katago  : EngineOrchestrator process state=Ready event=StartAnalysis
02-07 11:44:53.681  8188  9005 D GameStateUseCase: Game state saved: 2 moves, 0 redo moves
02-07 11:44:53.684  8188  8188 D Katago  : EngineOrchestrator process state=Analyzing event=AnalysisDone
02-07 11:44:53.684  8188  9005 I Katago  : triggerAnalysis start mode=QUICK budget=3000 (time-only)
02-07 11:44:53.686  8188  8188 D Katago  : analysis_state_machine intent submitted session=ANALYSIS movesHash=-4384148670723269322
02-07 11:44:53.689  8188  8188 D Katago  : intent_update source=PLAY_MOVE session=ANALYSIS movesHash=-4384148670723269322
02-07 11:44:53.690  8188  8188 I Katago  : playMove Timing (ns): Token=185304692, Legal=2891337462, GameUpdate=122154, UiUpdate=1406153, Persist=1436693, Trigger=11460615, AsyncLaunch=334769
02-07 11:44:53.759  8188  8188 I View    : setRequestedFrameRate frameRate=NaN, this=com.google.android.gms.ads.internal.webview.ai{96d0a65 VFEDHVC.. ........ 0,0-900,140}, caller=android.view.ViewGroup.setRequestedFrameRate:9952 WV.rf.o:1 WV.rg.h:118 WV.rg.onDraw:7 com.android.webview.chromium.WebViewChromium.onDraw:19 
02-07 11:44:53.770  8188  8627 I Katago  : analyze start budgetMs=3000 maxVisits=0 size=19 moves=2
02-07 11:44:53.857  8188  8188 I View    : setRequestedFrameRate frameRate=NaN, this=com.google.android.gms.ads.internal.webview.ai{96d0a65 VFEDHVC.. ........ 0,0-900,140}, caller=android.view.ViewGroup.setRequestedFrameRate:9952 WV.rf.o:1 WV.rg.h:118 WV.rg.onDraw:7 com.android.webview.chromium.WebViewChromium.onDraw:19 
02-07 11:44:53.884  8188  8642 D Katago  : parseRawResult: outSize=0 actualFloats=6 n=0 totalVisits=0
02-07 11:44:53.887  8188  8642 D Katago  : parseRawResult: suggestionsRaw=0 finalWithPv=0 legal=0
02-07 11:44:53.890  8188  8642 D Katago  : parseRawResult: minVisits=0 finalSuggestions=0 maxVisits=0
02-07 11:44:54.206  8188  8642 D Katago  : parseRawResult: outSize=3777 actualFloats=59 n=64 totalVisits=41
02-07 11:44:54.211  8188  8642 D Katago  : parseRawResult: suggestionsRaw=64 finalWithPv=64 legal=64
02-07 11:44:54.215  8188  8642 D Katago  : parseRawResult: minVisits=0 finalSuggestions=64 maxVisits=9
02-07 11:44:54.442  8188  8642 D Katago  : parseRawResult: outSize=3777 actualFloats=59 n=64 totalVisits=50
02-07 11:44:54.447  8188  8642 D Katago  : parseRawResult: suggestionsRaw=64 finalWithPv=64 legal=64
02-07 11:44:54.452  8188  8642 D Katago  : parseRawResult: minVisits=0 finalSuggestions=64 maxVisits=11
02-07 11:44:54.490  8188  8188 I View    : setRequestedFrameRate frameRate=NaN, this=com.google.android.gms.ads.internal.webview.ai{96d0a65 VFEDHVC.. ........ 0,0-900,140}, caller=android.view.ViewGroup.setRequestedFrameRate:9952 WV.rf.o:1 WV.rg.h:118 WV.rg.onDraw:7 com.android.webview.chromium.WebViewChromium.onDraw:19 
02-07 11:44:54.792  8188  8642 D Katago  : parseRawResult: outSize=3777 actualFloats=59 n=64 totalVisits=61
02-07 11:44:54.797  8188  8642 D Katago  : parseRawResult: suggestionsRaw=64 finalWithPv=64 legal=64
02-07 11:44:54.805  8188  8642 D Katago  : parseRawResult: minVisits=0 finalSuggestions=64 maxVisits=12
02-07 11:44:55.215  8188  8642 D Katago  : parseRawResult: outSize=3777 actualFloats=59 n=64 totalVisits=79
02-07 11:44:55.269  8188  8642 D Katago  : parseRawResult: suggestionsRaw=64 finalWithPv=64 legal=64
02-07 11:44:55.274  8188  8642 D Katago  : parseRawResult: minVisits=0 finalSuggestions=64 maxVisits=13
02-07 11:44:55.413  8188  8188 I VRI[MainActivity]@e6af973: ViewPostIme key 0
02-07 11:44:55.489  8188  8188 I VRI[MainActivity]@e6af973: ViewPostIme key 0
02-07 11:44:55.535  8188  8642 D Katago  : parseRawResult: outSize=3777 actualFloats=59 n=64 totalVisits=82
02-07 11:44:55.538  8188  8188 I VRI[MainActivity]@e6af973: ViewPostIme key 0
02-07 11:44:55.540  8188  8642 D Katago  : parseRawResult: suggestionsRaw=64 finalWithPv=64 legal=64
02-07 11:44:55.542  8188  8642 D Katago  : parseRawResult: minVisits=0 finalSuggestions=64 maxVisits=14
02-07 11:44:55.637  8188  8188 I VRI[MainActivity]@e6af973: ViewPostIme key 0
02-07 11:44:55.641  8188  8188 I VRI[MainActivity]@e6af973: ViewPostIme key 0
02-07 11:44:55.690  8188  8188 I VRI[MainActivity]@e6af973: ViewPostIme key 0
02-07 11:44:55.747  8188  8188 I VRI[MainActivity]@e6af973: ViewPostIme key 0
02-07 11:44:55.790  8188  8188 I VRI[MainActivity]@e6af973: ViewPostIme key 0
02-07 11:44:55.805  8188  8642 D Katago  : parseRawResult: outSize=3777 actualFloats=59 n=64 totalVisits=85
02-07 11:44:55.807  8188  8642 D Katago  : parseRawResult: suggestionsRaw=64 finalWithPv=64 legal=64
02-07 11:44:55.809  8188  8642 D Katago  : parseRawResult: minVisits=0 finalSuggestions=64 maxVisits=14
02-07 11:44:56.017  8188  8642 D Katago  : parseRawResult: outSize=3777 actualFloats=59 n=64 totalVisits=89
02-07 11:44:56.028  8188  8642 D Katago  : parseRawResult: suggestionsRaw=64 finalWithPv=64 legal=64
02-07 11:44:56.032  8188  8642 D Katago  : parseRawResult: minVisits=0 finalSuggestions=64 maxVisits=15
02-07 11:44:56.053  8188  8188 I VRI[MainActivity]@e6af973: ViewPostIme key 0
02-07 11:44:56.132  8188  8188 I VRI[MainActivity]@e6af973: ViewPostIme key 0
02-07 11:44:56.145  8188  8188 I VRI[MainActivity]@e6af973: ViewPostIme key 0
02-07 11:44:56.162  8188  8188 I VRI[MainActivity]@e6af973: ViewPostIme key 0
02-07 11:44:56.171  8188  8216 W .katago.android: Suspending all threads took: 5.234ms
02-07 11:44:56.286  8188  8188 I VRI[MainActivity]@e6af973: ViewPostIme key 0
02-07 11:44:56.305  8188  8188 I VRI[MainActivity]@e6af973: ViewPostIme key 0
02-07 11:44:56.311  8188  8188 I VRI[MainActivity]@e6af973: ViewPostIme key 0
02-07 11:44:56.344  8188  8188 I VRI[MainActivity]@e6af973: ViewPostIme key 0
02-07 11:44:56.400  8188  8188 I VRI[MainActivity]@e6af973: ViewPostIme key 0
02-07 11:44:56.435  8188  8642 D Katago  : parseRawResult: outSize=3777 actualFloats=59 n=64 totalVisits=97
02-07 11:44:56.444  8188  8642 D Katago  : parseRawResult: suggestionsRaw=64 finalWithPv=64 legal=64
02-07 11:44:56.447  8188  8188 I VRI[MainActivity]@e6af973: ViewPostIme key 0
02-07 11:44:56.455  8188  8642 D Katago  : parseRawResult: minVisits=0 finalSuggestions=64 maxVisits=15
02-07 11:44:56.640  8188  8188 I VRI[MainActivity]@e6af973: ViewPostIme key 0
02-07 11:44:56.652  8188  8188 I VRI[MainActivity]@e6af973: ViewPostIme key 0
02-07 11:44:56.661  8188  8188 I VRI[MainActivity]@e6af973: ViewPostIme key 0
02-07 11:44:56.703  8188  8188 I VRI[MainActivity]@e6af973: ViewPostIme key 0
02-07 11:44:56.719  8188  8642 D Katago  : parseRawResult: outSize=3777 actualFloats=59 n=64 totalVisits=102
02-07 11:44:56.730  8188  8642 D Katago  : parseRawResult: suggestionsRaw=64 finalWithPv=64 legal=64
02-07 11:44:56.734  8188  8642 D Katago  : parseRawResult: minVisits=0 finalSuggestions=64 maxVisits=16
02-07 11:44:56.900  8188  8642 D Katago  : parseRawResult: outSize=3777 actualFloats=59 n=64 totalVisits=108
02-07 11:44:56.902  8188  8642 D Katago  : parseRawResult: suggestionsRaw=64 finalWithPv=64 legal=64
02-07 11:44:56.910  8188  8188 I VRI[MainActivity]@e6af973: ViewPostIme key 0
02-07 11:44:56.911  8188  8642 D Katago  : parseRawResult: minVisits=0 finalSuggestions=64 maxVisits=17
02-07 11:44:56.992  8188  8188 I VRI[MainActivity]@e6af973: ViewPostIme key 0
02-07 11:44:56.999  8188  8188 I VRI[MainActivity]@e6af973: ViewPostIme key 0
02-07 11:44:57.052  8188  8216 I .katago.android: Background concurrent mark compact GC freed 12MB AllocSpace bytes, 71(1504KB) LOS objects, 50% free, 15MB/30MB, paused 6.351ms,9.261ms total 986.930ms
02-07 11:44:57.106  8188  8627 D Katago  : Analysis Metrics: visits=111 time=3.336s vps=33.3 ms/visit=30.05 format=NEW
02-07 11:44:57.108  8188  8627 D Katago  : parseRawResult: outSize=3777 actualFloats=59 n=64 totalVisits=111
02-07 11:44:57.112  8188  8627 W Katago  : getTopPv: engine returned null or empty array
02-07 11:44:57.115  8188  8627 D Katago  : getTopPv: parsing out.size=0, expectedCount=64
02-07 11:44:57.119  8188  8188 I VRI[MainActivity]@e6af973: ViewPostIme key 1
02-07 11:44:57.119  8188  8627 D Katago  : getTopPv: returning 64 PVs, first pvSize=0
02-07 11:44:57.288  8188  8627 D Katago  : parseRawResult: suggestionsRaw=64 finalWithPv=64 legal=64
02-07 11:44:57.290  8188  8627 D Katago  : parseRawResult: minVisits=0 finalSuggestions=64 maxVisits=18
02-07 11:44:57.293  8188  8188 D Katago  : TopSuggestion winrate: moves=2 side=B coord=(15,15) black=0.465 display=0.465 pvSize=5
02-07 11:44:57.370  8188  8188 D Katago  : EngineOrchestrator process state=Ready event=AnalysisDone
02-07 11:44:57.554  8188  8188 I VRI[MainActivity]@e6af973: ViewPostIme key 0
02-07 11:44:57.816  8188  8188 I VRI[MainActivity]@e6af973: ViewPostIme key 0
02-07 11:44:57.854  8188  8188 I VRI[MainActivity]@e6af973: ViewPostIme key 0
02-07 11:44:57.889  8188  8188 I VRI[MainActivity]@e6af973: ViewPostIme key 1
02-07 11:44:58.718  8188  8526 I TRuntime.CctTransportBackend: Making request to: https://firebaselogging.googleapis.com/v0cc/log/batch?format=json_proto3
02-07 11:44:58.926  8188  8188 I VRI[MainActivity]@e6af973: ViewPostIme pointer 0
02-07 11:44:58.932  8188  8188 I VRI[MainActivity]@e6af973: call setFrameRateCategory for touch hint category=high hint, reason=touch, vri=VRI[MainActivity]@e6af973
02-07 11:44:59.016  8188  8188 W Choreographer: Frame time is 0.031915 ms in the future!  Check that graphics HAL is generating vsync timestamps using the correct timebase.
02-07 11:44:59.066  8188  8188 I VRI[MainActivity]@e6af973: ViewPostIme pointer 1
02-07 11:44:59.125  8188  8526 I TRuntime.CctTransportBackend: Status Code: 200
02-07 11:44:59.136  8188  8188 I View    : setRequestedFrameRate frameRate=NaN, this=com.google.android.gms.ads.internal.webview.ai{96d0a65 VFEDHVC.. ........ 0,0-900,140}, caller=android.view.ViewGroup.setRequestedFrameRate:9952 WV.rf.o:1 WV.rg.h:118 WV.rg.onDraw:7 com.android.webview.chromium.WebViewChromium.onDraw:19 
02-07 11:44:59.179  8188  9951 I AudioTrack: createTrack_l(0): AUDIO_OUTPUT_FLAG_FAST successful; frameCount 0 -> 4079
02-07 11:44:59.180  8188  9951 D AudioTrack: setVolume(1.000000, 1.000000) pid : 8188
02-07 11:44:59.213  8188  8188 D Katago  : EngineOrchestrator process state=Ready event=StartAnalysis
02-07 11:44:59.215  8188  9005 D GameStateUseCase: Game state saved: 3 moves, 0 redo moves
02-07 11:44:59.215  8188  8627 I Katago  : triggerAnalysis start mode=QUICK budget=3000 (time-only)
02-07 11:44:59.217  8188  8188 D Katago  : EngineOrchestrator process state=Analyzing event=AnalysisDone
02-07 11:44:59.219  8188  8188 D Katago  : analysis_state_machine intent submitted session=ANALYSIS movesHash=7847688354068993795
02-07 11:44:59.220  8188  8188 D Katago  : intent_update source=PLAY_MOVE session=ANALYSIS movesHash=7847688354068993795
02-07 11:44:59.221  8188  8188 I Katago  : playMove Timing (ns): Token=68505154, Legal=65808077, GameUpdate=61769, UiUpdate=662154, Persist=637230, Trigger=8477000, AsyncLaunch=302462
02-07 11:44:59.300  8188  8188 I View    : setRequestedFrameRate frameRate=NaN, this=com.google.android.gms.ads.internal.webview.ai{96d0a65 VFEDHVC.. ........ 0,0-900,140}, caller=android.view.ViewGroup.setRequestedFrameRate:9952 WV.rf.o:1 WV.rg.h:118 WV.rg.onDraw:7 com.android.webview.chromium.WebViewChromium.onDraw:19 
02-07 11:44:59.307  8188  8642 I Katago  : analyze start budgetMs=3000 maxVisits=0 size=19 moves=3
02-07 11:44:59.388  8188  8188 I View    : setRequestedFrameRate frameRate=NaN, this=com.google.android.gms.ads.internal.webview.ai{96d0a65 VFEDHVC.. ........ 0,0-900,140}, caller=android.view.ViewGroup.setRequestedFrameRate:9952 WV.rf.o:1 WV.rg.h:118 WV.rg.onDraw:7 com.android.webview.chromium.WebViewChromium.onDraw:19 
02-07 11:44:59.462  8188  8627 D Katago  : parseRawResult: outSize=3777 actualFloats=59 n=64 totalVisits=1
02-07 11:44:59.466  8188  8627 D Katago  : parseRawResult: suggestionsRaw=64 finalWithPv=64 legal=64
02-07 11:44:59.470  8188  8627 D Katago  : parseRawResult: minVisits=0 finalSuggestions=64 maxVisits=0
02-07 11:44:59.620  8188  8627 D Katago  : parseRawResult: outSize=3777 actualFloats=59 n=64 totalVisits=3
02-07 11:44:59.624  8188  8627 D Katago  : parseRawResult: suggestionsRaw=64 finalWithPv=64 legal=64
02-07 11:44:59.628  8188  8627 D Katago  : parseRawResult: minVisits=0 finalSuggestions=64 maxVisits=1
02-07 11:44:59.743  8188  8188 I View    : setRequestedFrameRate frameRate=NaN, this=com.google.android.gms.ads.internal.webview.ai{96d0a65 VFEDHVC.. ........ 0,0-900,140}, caller=android.view.ViewGroup.setRequestedFrameRate:9952 WV.rf.o:1 WV.rg.h:118 WV.rg.onDraw:7 com.android.webview.chromium.WebViewChromium.onDraw:19 
02-07 11:44:59.899  8188  8627 D Katago  : parseRawResult: outSize=3777 actualFloats=59 n=64 totalVisits=10
02-07 11:44:59.904  8188  8627 D Katago  : parseRawResult: suggestionsRaw=64 finalWithPv=64 legal=64
02-07 11:44:59.907  8188  8627 D Katago  : parseRawResult: minVisits=0 finalSuggestions=64 maxVisits=2
02-07 11:45:00.107  8188  8627 D Katago  : parseRawResult: outSize=3777 actualFloats=59 n=64 totalVisits=11
02-07 11:45:00.108  8188  8627 D Katago  : parseRawResult: suggestionsRaw=64 finalWithPv=64 legal=64
02-07 11:45:00.110  8188  8627 D Katago  : parseRawResult: minVisits=0 finalSuggestions=64 maxVisits=4
02-07 11:45:00.234  8188  8627 D Katago  : parseRawResult: outSize=3777 actualFloats=59 n=64 totalVisits=11
02-07 11:45:00.236  8188  8627 D Katago  : parseRawResult: suggestionsRaw=64 finalWithPv=64 legal=64
02-07 11:45:00.237  8188  8627 D Katago  : parseRawResult: minVisits=0 finalSuggestions=64 maxVisits=4
02-07 11:45:00.382  8188  8188 I VRI[MainActivity]@e6af973: ViewPostIme pointer 0
02-07 11:45:00.492  8188  8627 D Katago  : parseRawResult: outSize=3777 actualFloats=59 n=64 totalVisits=16
02-07 11:45:00.496  8188  8627 D Katago  : parseRawResult: suggestionsRaw=64 finalWithPv=64 legal=64
02-07 11:45:00.499  8188  8627 D Katago  : parseRawResult: minVisits=0 finalSuggestions=64 maxVisits=4
02-07 11:45:00.622  8188  8188 I VRI[MainActivity]@e6af973: ViewPostIme pointer 1
02-07 11:45:00.622  8188  8627 D Katago  : parseRawResult: outSize=3777 actualFloats=59 n=64 totalVisits=20
02-07 11:45:00.627  8188  8627 D Katago  : parseRawResult: suggestionsRaw=64 finalWithPv=64 legal=64
02-07 11:45:00.630  8188  8627 D Katago  : parseRawResult: minVisits=0 finalSuggestions=64 maxVisits=4
02-07 11:45:00.685  8188  8188 I View    : setRequestedFrameRate frameRate=NaN, this=com.google.android.gms.ads.internal.webview.ai{96d0a65 VFEDHVC.. ........ 0,0-900,140}, caller=android.view.ViewGroup.setRequestedFrameRate:9952 WV.rf.o:1 WV.rg.h:118 WV.rg.onDraw:7 com.android.webview.chromium.WebViewChromium.onDraw:19 
02-07 11:45:00.711  8188  8188 W Katago  : AnalysisResultGate: DROPPED session=ANALYSIS mode=QUICK reason=requestId_mismatch(result=72339069014638603 last=0) suggestions=64 totalVisits=20
02-07 11:45:00.724  8188  9951 I AudioTrack: createTrack_l(0): AUDIO_OUTPUT_FLAG_FAST successful; frameCount 0 -> 4079
02-07 11:45:00.731  8188  9951 D AudioTrack: setVolume(1.000000, 1.000000) pid : 8188
02-07 11:45:02.462  8188  8642 D Katago  : Analysis Metrics: visits=75 time=3.154s vps=23.8 ms/visit=42.05 format=NEW
02-07 11:45:02.464  8188  8642 D Katago  : parseRawResult: outSize=3777 actualFloats=59 n=64 totalVisits=75
02-07 11:45:02.468  8188  8642 W Katago  : getTopPv: engine returned null or empty array
02-07 11:45:02.469  8188  8642 D Katago  : getTopPv: parsing out.size=0, expectedCount=64
02-07 11:45:02.470  8188  8642 D Katago  : getTopPv: returning 64 PVs, first pvSize=0
02-07 11:45:02.542  8188  8642 D Katago  : parseRawResult: suggestionsRaw=64 finalWithPv=64 legal=64
02-07 11:45:02.544  8188  8642 D Katago  : parseRawResult: minVisits=0 finalSuggestions=64 maxVisits=11
02-07 11:45:02.546  8188  8188 D Katago  : EngineOrchestrator process state=Ready event=AnalysisDone
02-07 11:45:02.551  8188  8188 D Katago  : EngineOrchestrator process state=Ready event=StartAnalysis
02-07 11:45:02.553  8188  8188 D Katago  : EngineOrchestrator process state=Analyzing event=AnalysisDone
02-07 11:45:02.553  8188  9777 I Katago  : triggerAnalysis start mode=QUICK budget=3000 (time-only)
02-07 11:45:02.554  8188  8642 D GameStateUseCase: Game state saved: 4 moves, 0 redo moves
02-07 11:45:02.554  8188  8188 D Katago  : analysis_state_machine intent submitted session=ANALYSIS movesHash=-6306845933771845661
02-07 11:45:02.555  8188  8188 D Katago  : intent_update source=PLAY_MOVE session=ANALYSIS movesHash=-6306845933771845661
02-07 11:45:02.557  8188  8188 I Katago  : playMove Timing (ns): Token=81991462, Legal=1838153231, GameUpdate=71076, UiUpdate=765462, Persist=682154, Trigger=6380384, AsyncLaunch=325231
02-07 11:45:02.565  8188  9777 I Katago  : analyze start budgetMs=3000 maxVisits=0 size=19 moves=4
02-07 11:45:02.754  8188  8642 D Katago  : parseRawResult: outSize=3777 actualFloats=59 n=64 totalVisits=1
02-07 11:45:02.758  8188  8642 D Katago  : parseRawResult: suggestionsRaw=64 finalWithPv=64 legal=64
02-07 11:45:02.763  8188  8642 D Katago  : parseRawResult: minVisits=0 finalSuggestions=64 maxVisits=0
02-07 11:45:02.922  8188  8642 D Katago  : parseRawResult: outSize=3777 actualFloats=59 n=64 totalVisits=6
02-07 11:45:02.927  8188  8642 D Katago  : parseRawResult: suggestionsRaw=64 finalWithPv=64 legal=64
02-07 11:45:02.930  8188  8642 D Katago  : parseRawResult: minVisits=0 finalSuggestions=64 maxVisits=0
02-07 11:45:03.025  8188  8188 I View    : setRequestedFrameRate frameRate=NaN, this=com.google.android.gms.ads.internal.webview.ai{96d0a65 VFEDHVC.. ........ 0,0-900,140}, caller=android.view.ViewGroup.setRequestedFrameRate:9952 WV.rf.o:1 WV.rg.h:118 WV.rg.onDraw:7 com.android.webview.chromium.WebViewChromium.onDraw:19 
02-07 11:45:03.028  8188  8188 I VRI[MainActivity]@e6af973: ViewPostIme pointer 0
02-07 11:45:03.099  8188  8188 I VRI[MainActivity]@e6af973: ViewPostIme pointer 1
02-07 11:45:03.102  8188  8642 D Katago  : parseRawResult: outSize=3777 actualFloats=59 n=64 totalVisits=12
02-07 11:45:03.109  8188  8642 D Katago  : parseRawResult: suggestionsRaw=64 finalWithPv=64 legal=64
02-07 11:45:03.112  8188  8642 D Katago  : parseRawResult: minVisits=0 finalSuggestions=64 maxVisits=1
02-07 11:45:03.208  8188  8188 I View    : setRequestedFrameRate frameRate=NaN, this=com.google.android.gms.ads.internal.webview.ai{96d0a65 VFEDHVC.. ........ 0,0-900,140}, caller=android.view.ViewGroup.setRequestedFrameRate:9952 WV.rf.o:1 WV.rg.h:118 WV.rg.onDraw:7 com.android.webview.chromium.WebViewChromium.onDraw:19 
02-07 11:45:03.236  8188  8188 W Katago  : AnalysisResultGate: DROPPED session=ANALYSIS mode=QUICK reason=requestId_mismatch(result=72339069014638605 last=0) suggestions=64 totalVisits=12
02-07 11:45:03.259  8188  9951 I AudioTrack: createTrack_l(0): AUDIO_OUTPUT_FLAG_FAST successful; frameCount 0 -> 4079
02-07 11:45:03.272  8188  9951 D AudioTrack: setVolume(1.000000, 1.000000) pid : 8188
02-07 11:45:04.276  8188  8188 I VRI[MainActivity]@e6af973: ViewPostIme pointer 0
02-07 11:45:04.401  8188  8188 I VRI[MainActivity]@e6af973: ViewPostIme pointer 1
02-07 11:45:04.603  8188  9951 I AudioTrack: createTrack_l(0): AUDIO_OUTPUT_FLAG_FAST successful; frameCount 0 -> 4079
02-07 11:45:04.604  8188  9951 D AudioTrack: setVolume(1.000000, 1.000000) pid : 8188
02-07 11:45:05.106  8188  8188 I VRI[MainActivity]@e6af973: ViewPostIme pointer 0
02-07 11:45:05.607  8188  8188 I VRI[MainActivity]@e6af973: ViewPostIme pointer 1
02-07 11:45:05.792  8188  9777 D Katago  : Analysis Metrics: visits=68 time=3.226s vps=21.1 ms/visit=47.44 format=NEW
02-07 11:45:05.796  8188  9777 D Katago  : parseRawResult: outSize=3777 actualFloats=59 n=64 totalVisits=68
02-07 11:45:05.800  8188  9777 W Katago  : getTopPv: engine returned null or empty array
02-07 11:45:05.802  8188  9777 D Katago  : getTopPv: parsing out.size=0, expectedCount=64
02-07 11:45:05.803  8188  9777 D Katago  : getTopPv: returning 64 PVs, first pvSize=0
02-07 11:45:05.887  8188  9777 D Katago  : parseRawResult: suggestionsRaw=64 finalWithPv=64 legal=64
02-07 11:45:05.889  8188  9777 D Katago  : parseRawResult: minVisits=0 finalSuggestions=64 maxVisits=17
02-07 11:45:05.893  8188  8188 D Katago  : EngineOrchestrator process state=Ready event=AnalysisDone
02-07 11:45:05.902  8188  8188 D Katago  : EngineOrchestrator process state=Ready event=StartAnalysis
02-07 11:45:05.904  8188  8188 D Katago  : EngineOrchestrator process state=Analyzing event=AnalysisDone
02-07 11:45:05.904  8188  9776 I Katago  : triggerAnalysis start mode=QUICK budget=3000 (time-only)
02-07 11:45:05.904  8188  9777 D GameStateUseCase: Game state saved: 5 moves, 0 redo moves
02-07 11:45:05.905  8188  8188 D Katago  : analysis_state_machine intent submitted session=ANALYSIS movesHash=-3471408489733090964
02-07 11:45:05.907  8188  8188 D Katago  : intent_update source=PLAY_MOVE session=ANALYSIS movesHash=-3471408489733090964
02-07 11:45:05.908  8188  8188 I Katago  : playMove Timing (ns): Token=129805461, Legal=2665245231, GameUpdate=120923, UiUpdate=1364385, Persist=1391308, Trigger=6583769, AsyncLaunch=295000
02-07 11:45:05.912  8188  8188 D Katago  : analysis_state_machine intent submitted session=ANALYSIS movesHash=-7815752140800589480
02-07 11:45:05.913  8188  8188 D Katago  : intent_update source=PLAY_MOVE session=ANALYSIS movesHash=-7815752140800589480
02-07 11:45:05.924  8188  8188 I Katago  : playMove Timing (ns): Token=169095385, Legal=1328050769, GameUpdate=75385, UiUpdate=476384, Persist=276846, Trigger=2782847, AsyncLaunch=8893230
02-07 11:45:05.925  8188  9776 D GameStateUseCase: Game state saved: 6 moves, 0 redo moves
02-07 11:45:05.976  8188  8188 I View    : setRequestedFrameRate frameRate=NaN, this=com.google.android.gms.ads.internal.webview.ai{96d0a65 VFEDHVC.. ........ 0,0-900,140}, caller=android.view.ViewGroup.setRequestedFrameRate:9952 WV.rf.o:1 WV.rg.h:118 WV.rg.onDraw:7 com.android.webview.chromium.WebViewChromium.onDraw:19 
02-07 11:45:05.981  8188  9776 I Katago  : analyze start budgetMs=3000 maxVisits=0 size=19 moves=5
02-07 11:45:06.052  8188  8188 I View    : setRequestedFrameRate frameRate=NaN, this=com.google.android.gms.ads.internal.webview.ai{96d0a65 VFEDHVC.. ........ 0,0-900,140}, caller=android.view.ViewGroup.setRequestedFrameRate:9952 WV.rf.o:1 WV.rg.h:118 WV.rg.onDraw:7 com.android.webview.chromium.WebViewChromium.onDraw:19 
02-07 11:45:06.080  8188  8188 D Katago  : EngineOrchestrator process state=Ready event=StartAnalysis
02-07 11:45:06.086  8188  8188 D Katago  : EngineOrchestrator process state=Analyzing event=AnalysisDone
02-07 11:45:06.087  8188  8628 I Katago  : triggerAnalysis start mode=QUICK budget=3000 (time-only)
02-07 11:45:06.093  8188  8188 D Katago  : EngineOrchestrator process state=Ready event=AnalysisDone
02-07 11:45:06.436  8188  8216 I .katago.android: Background concurrent mark compact GC freed 14MB AllocSpace bytes, 66(1400KB) LOS objects, 49% free, 13MB/27MB, paused 680us,3.551ms total 127.304ms
02-07 11:45:06.503  8188  8188 I VRI[MainActivity]@e6af973: ViewPostIme pointer 0
02-07 11:45:06.513  8188  8526 I TRuntime.CctTransportBackend: Making request to: https://firebaselogging-pa.googleapis.com/v1/firelog/legacy/batchlog
02-07 11:45:07.197  8188  8188 I VRI[MainActivity]@e6af973: ViewPostIme pointer 1
02-07 11:45:07.293  8188  9951 D AudioTrack: setVolume(1.000000, 1.000000) pid : 8188
02-07 11:45:08.815  8188  8526 I TRuntime.CctTransportBackend: Status Code: 200
02-07 11:45:09.216  8188  9776 D Katago  : Analysis Metrics: visits=87 time=3.234s vps=26.9 ms/visit=37.17 format=NEW
02-07 11:45:09.217  8188  9776 D Katago  : parseRawResult: outSize=3777 actualFloats=59 n=64 totalVisits=87
02-07 11:45:09.232  8188  9776 W Katago  : getTopPv: engine returned null or empty array
02-07 11:45:09.234  8188  9776 D Katago  : getTopPv: parsing out.size=0, expectedCount=64
02-07 11:45:09.235  8188  9776 D Katago  : getTopPv: returning 64 PVs, first pvSize=0
02-07 11:45:09.367  8188  9776 D Katago  : parseRawResult: suggestionsRaw=64 finalWithPv=64 legal=64
02-07 11:45:09.369  8188  9776 D Katago  : parseRawResult: minVisits=0 finalSuggestions=64 maxVisits=16
02-07 11:45:09.372  8188  9776 I Katago  : analyze start budgetMs=3000 maxVisits=0 size=19 moves=6
02-07 11:45:09.379  8188  8188 D Katago  : EngineOrchestrator process state=Ready event=StartAnalysis
02-07 11:45:09.385  8188  9005 I Katago  : triggerAnalysis start mode=QUICK budget=3000 (time-only)
02-07 11:45:09.385  8188  8188 D Katago  : analysis_state_machine intent submitted session=ANALYSIS movesHash=8818174422544660592
02-07 11:45:09.388  8188  8188 D Katago  : intent_update source=PLAY_MOVE session=ANALYSIS movesHash=8818174422544660592
02-07 11:45:09.390  8188  8188 I Katago  : playMove Timing (ns): Token=80774693, Legal=2084868692, GameUpdate=130385, UiUpdate=1998461, Persist=1795154, Trigger=12187385, AsyncLaunch=429461
02-07 11:45:09.393  8188  9775 D GameStateUseCase: Game state saved: 7 moves, 0 redo moves
02-07 11:45:09.460  8188  8188 I View    : setRequestedFrameRate frameRate=NaN, this=com.google.android.gms.ads.internal.webview.ai{96d0a65 VFEDHVC.. ........ 0,0-900,140}, caller=android.view.ViewGroup.setRequestedFrameRate:9952 WV.rf.o:1 WV.rg.h:118 WV.rg.onDraw:7 com.android.webview.chromium.WebViewChromium.onDraw:19 
02-07 11:45:09.469  8188  8188 D Katago  : EngineOrchestrator process state=Analyzing event=AnalysisDone
02-07 11:45:09.474  8188  8188 D Katago  : EngineOrchestrator process state=Ready event=AnalysisDone
02-07 11:45:09.593  8188  8188 I View    : setRequestedFrameRate frameRate=NaN, this=com.google.android.gms.ads.internal.webview.ai{96d0a65 VFEDHVC.. ........ 0,0-900,140}, caller=android.view.ViewGroup.setRequestedFrameRate:9952 WV.rf.o:1 WV.rg.h:118 WV.rg.onDraw:7 com.android.webview.chromium.WebViewChromium.onDraw:19 
02-07 11:45:10.211  8188  8188 I VRI[MainActivity]@e6af973: call setFrameRateCategory for touch hint category=no preference, reason=boost timeout, vri=VRI[MainActivity]@e6af973
02-07 11:45:10.650  8188  8188 I VRI[MainActivity]@e6af973: ViewPostIme pointer 0
02-07 11:45:10.659  8188  8188 I VRI[MainActivity]@e6af973: call setFrameRateCategory for touch hint category=high hint, reason=touch, vri=VRI[MainActivity]@e6af973
02-07 11:45:10.800  8188  8188 W Choreographer: Frame time is 0.137192 ms in the future!  Check that graphics HAL is generating vsync timestamps using the correct timebase.
02-07 11:45:10.984  8188  8188 I VRI[MainActivity]@e6af973: ViewPostIme pointer 1
02-07 11:45:11.102  8188  9951 I AudioTrack: createTrack_l(0): AUDIO_OUTPUT_FLAG_FAST successful; frameCount 0 -> 4079
02-07 11:45:11.104  8188  9951 D AudioTrack: setVolume(1.000000, 1.000000) pid : 8188
02-07 11:45:12.601  8188  9776 D Katago  : Analysis Metrics: visits=88 time=3.227s vps=27.3 ms/visit=36.67 format=NEW
02-07 11:45:12.605  8188  9776 D Katago  : parseRawResult: outSize=3777 actualFloats=59 n=64 totalVisits=88
02-07 11:45:12.609  8188  9776 W Katago  : getTopPv: engine returned null or empty array
02-07 11:45:12.612  8188  9776 D Katago  : getTopPv: parsing out.size=0, expectedCount=64
02-07 11:45:12.613  8188  9776 D Katago  : getTopPv: returning 64 PVs, first pvSize=0
02-07 11:45:12.750  8188  9776 D Katago  : parseRawResult: suggestionsRaw=64 finalWithPv=64 legal=64
02-07 11:45:12.752  8188  9776 D Katago  : parseRawResult: minVisits=0 finalSuggestions=64 maxVisits=14
02-07 11:45:12.757  8188  9776 I Katago  : analyze start budgetMs=3000 maxVisits=0 size=19 moves=7
02-07 11:45:12.764  8188  9005 D GameStateUseCase: Game state saved: 8 moves, 0 redo moves
02-07 11:45:12.764  8188  8188 D Katago  : EngineOrchestrator process state=Ready event=StartAnalysis
02-07 11:45:12.772  8188  8188 D Katago  : EngineOrchestrator process state=Analyzing event=AnalysisDone
02-07 11:45:12.773  8188  8188 D Katago  : EngineOrchestrator process state=Ready event=AnalysisDone
02-07 11:45:12.773  8188  8642 I Katago  : triggerAnalysis start mode=QUICK budget=3000 (time-only)
02-07 11:45:12.775  8188  8188 D Katago  : analysis_state_machine intent submitted session=ANALYSIS movesHash=6433914445725126882
02-07 11:45:12.777  8188  8188 D Katago  : intent_update source=PLAY_MOVE session=ANALYSIS movesHash=6433914445725126882
02-07 11:45:12.779  8188  8188 I Katago  : playMove Timing (ns): Token=991693, Legal=1767824077, GameUpdate=258692, UiUpdate=2296385, Persist=2168230, Trigger=16421616, AsyncLaunch=330154
02-07 11:45:12.844  8188  8188 I View    : setRequestedFrameRate frameRate=NaN, this=com.google.android.gms.ads.internal.webview.ai{96d0a65 VFEDHVC.. ........ 0,0-900,140}, caller=android.view.ViewGroup.setRequestedFrameRate:9952 WV.rf.o:1 WV.rg.h:118 WV.rg.onDraw:7 com.android.webview.chromium.WebViewChromium.onDraw:19 
02-07 11:45:12.928  8188  8188 I View    : setRequestedFrameRate frameRate=NaN, this=com.google.android.gms.ads.internal.webview.ai{96d0a65 VFEDHVC.. ........ 0,0-900,140}, caller=android.view.ViewGroup.setRequestedFrameRate:9952 WV.rf.o:1 WV.rg.h:118 WV.rg.onDraw:7 com.android.webview.chromium.WebViewChromium.onDraw:19 
02-07 11:45:13.987  8188  8188 I VRI[MainActivity]@e6af973: call setFrameRateCategory for touch hint category=no preference, reason=boost timeout, vri=VRI[MainActivity]@e6af973
02-07 11:45:15.928  8188  9776 D Katago  : Analysis Metrics: visits=110 time=3.170s vps=34.7 ms/visit=28.82 format=NEW
02-07 11:45:15.930  8188  9776 D Katago  : parseRawResult: outSize=3777 actualFloats=59 n=64 totalVisits=110
02-07 11:45:15.934  8188  9776 W Katago  : getTopPv: engine returned null or empty array
02-07 11:45:15.935  8188  9776 D Katago  : getTopPv: parsing out.size=0, expectedCount=64
02-07 11:45:15.936  8188  9776 D Katago  : getTopPv: returning 64 PVs, first pvSize=0
02-07 11:45:16.011  8188  9776 D Katago  : parseRawResult: suggestionsRaw=64 finalWithPv=64 legal=64
02-07 11:45:16.013  8188  9776 D Katago  : parseRawResult: minVisits=0 finalSuggestions=64 maxVisits=24
02-07 11:45:16.016  8188  9776 I Katago  : analyze start budgetMs=3000 maxVisits=0 size=19 moves=8
02-07 11:45:16.184  8188  9777 D Katago  : parseRawResult: outSize=3777 actualFloats=59 n=64 totalVisits=1
02-07 11:45:16.189  8188  9777 D Katago  : parseRawResult: suggestionsRaw=64 finalWithPv=64 legal=64
02-07 11:45:16.199  8188  9777 D Katago  : parseRawResult: minVisits=0 finalSuggestions=64 maxVisits=0
02-07 11:45:16.441  8188  9777 D Katago  : parseRawResult: outSize=3777 actualFloats=59 n=64 totalVisits=10
02-07 11:45:16.446  8188  9777 D Katago  : parseRawResult: suggestionsRaw=64 finalWithPv=64 legal=64
02-07 11:45:16.449  8188  9777 D Katago  : parseRawResult: minVisits=0 finalSuggestions=64 maxVisits=1
02-07 11:45:16.601  8188  8188 I View    : setRequestedFrameRate frameRate=NaN, this=com.google.android.gms.ads.internal.webview.ai{96d0a65 VFEDHVC.. ........ 0,0-900,140}, caller=android.view.ViewGroup.setRequestedFrameRate:9952 WV.rf.o:1 WV.rg.h:118 WV.rg.onDraw:7 com.android.webview.chromium.WebViewChromium.onDraw:19 
02-07 11:45:16.611  8188  8188 I VRI[MainActivity]@e6af973: ViewPostIme pointer 0
02-07 11:45:16.614  8188  8188 I VRI[MainActivity]@e6af973: call setFrameRateCategory for touch hint category=high hint, reason=touch, vri=VRI[MainActivity]@e6af973
02-07 11:45:16.751  8188  9777 D Katago  : parseRawResult: outSize=3777 actualFloats=59 n=64 totalVisits=20
02-07 11:45:16.755  8188  9777 D Katago  : parseRawResult: suggestionsRaw=64 finalWithPv=64 legal=64
02-07 11:45:16.758  8188  9777 D Katago  : parseRawResult: minVisits=0 finalSuggestions=64 maxVisits=3
02-07 11:45:16.961  8188  9777 D Katago  : parseRawResult: outSize=3777 actualFloats=59 n=64 totalVisits=28
02-07 11:45:16.966  8188  9777 D Katago  : parseRawResult: suggestionsRaw=64 finalWithPv=64 legal=64
02-07 11:45:16.970  8188  9777 D Katago  : parseRawResult: minVisits=0 finalSuggestions=64 maxVisits=4
02-07 11:45:16.998  8188  8188 I VRI[MainActivity]@e6af973: ViewPostIme pointer 1
02-07 11:45:17.177  8188  8188 I View    : setRequestedFrameRate frameRate=NaN, this=com.google.android.gms.ads.internal.webview.ai{96d0a65 VFEDHVC.. ........ 0,0-900,140}, caller=android.view.ViewGroup.setRequestedFrameRate:9952 WV.rf.o:1 WV.rg.h:118 WV.rg.onDraw:7 com.android.webview.chromium.WebViewChromium.onDraw:19 
02-07 11:45:17.248  8188  9951 D AudioTrack: setVolume(1.000000, 1.000000) pid : 8188
02-07 11:45:19.211  8188  9776 D Katago  : Analysis Metrics: visits=97 time=3.195s vps=30.4 ms/visit=32.94 format=NEW
02-07 11:45:19.212  8188  9776 D Katago  : parseRawResult: outSize=3777 actualFloats=59 n=64 totalVisits=97
02-07 11:45:19.216  8188  9776 W Katago  : getTopPv: engine returned null or empty array
02-07 11:45:19.217  8188  9776 D Katago  : getTopPv: parsing out.size=0, expectedCount=64
02-07 11:45:19.218  8188  9776 D Katago  : getTopPv: returning 64 PVs, first pvSize=0
02-07 11:45:19.278  8188  9776 D Katago  : parseRawResult: suggestionsRaw=64 finalWithPv=64 legal=64
02-07 11:45:19.280  8188  9776 D Katago  : parseRawResult: minVisits=0 finalSuggestions=64 maxVisits=15
02-07 11:45:19.282  8188  8188 D Katago  : EngineOrchestrator process state=Ready event=AnalysisDone
02-07 11:45:19.290  8188  8188 D Katago  : EngineOrchestrator process state=Ready event=StartAnalysis
02-07 11:45:19.291  8188  9775 D GameStateUseCase: Game state saved: 9 moves, 0 redo moves
02-07 11:45:19.295  8188  8188 D Katago  : EngineOrchestrator process state=Analyzing event=AnalysisDone
02-07 11:45:19.295  8188  9775 I Katago  : triggerAnalysis start mode=QUICK budget=3000 (time-only)
02-07 11:45:19.296  8188  8188 D Katago  : analysis_state_machine intent submitted session=ANALYSIS movesHash=-4612389194269232983
02-07 11:45:19.299  8188  8188 D Katago  : intent_update source=PLAY_MOVE session=ANALYSIS movesHash=-4612389194269232983
02-07 11:45:19.300  8188  8188 I Katago  : playMove Timing (ns): Token=206471692, Legal=2075293923, GameUpdate=122077, UiUpdate=1804923, Persist=1570154, Trigger=11132077, AsyncLaunch=325539
02-07 11:45:19.349  8188  8188 I View    : setRequestedFrameRate frameRate=NaN, this=com.google.android.gms.ads.internal.webview.ai{96d0a65 VFEDHVC.. ........ 0,0-900,140}, caller=android.view.ViewGroup.setRequestedFrameRate:9952 WV.rf.o:1 WV.rg.h:118 WV.rg.onDraw:7 com.android.webview.chromium.WebViewChromium.onDraw:19 
02-07 11:45:19.355  8188  9777 I Katago  : analyze start budgetMs=3000 maxVisits=0 size=19 moves=9
02-07 11:45:19.418  8188  8188 I View    : setRequestedFrameRate frameRate=NaN, this=com.google.android.gms.ads.internal.webview.ai{96d0a65 VFEDHVC.. ........ 0,0-900,140}, caller=android.view.ViewGroup.setRequestedFrameRate:9952 WV.rf.o:1 WV.rg.h:118 WV.rg.onDraw:7 com.android.webview.chromium.WebViewChromium.onDraw:19 
02-07 11:45:19.538  8188  9775 D Katago  : parseRawResult: outSize=3777 actualFloats=59 n=64 totalVisits=2
02-07 11:45:19.545  8188  9775 D Katago  : parseRawResult: suggestionsRaw=64 finalWithPv=64 legal=64
02-07 11:45:19.551  8188  9775 D Katago  : parseRawResult: minVisits=0 finalSuggestions=64 maxVisits=0
02-07 11:45:19.687  8188  8188 I View    : setRequestedFrameRate frameRate=NaN, this=com.google.android.gms.ads.internal.webview.ai{96d0a65 VFEDHVC.. ........ 0,0-900,140}, caller=android.view.ViewGroup.setRequestedFrameRate:9952 WV.rf.o:1 WV.rg.h:118 WV.rg.onDraw:7 com.android.webview.chromium.WebViewChromium.onDraw:19 
02-07 11:45:19.821  8188  9775 D Katago  : parseRawResult: outSize=3777 actualFloats=59 n=64 totalVisits=11
02-07 11:45:19.822  8188  9775 D Katago  : parseRawResult: suggestionsRaw=64 finalWithPv=64 legal=64
02-07 11:45:19.824  8188  9775 D Katago  : parseRawResult: minVisits=0 finalSuggestions=64 maxVisits=2
