02-07 11:46:04.475  8188  8188 D Katago  : intent_update source=SET_ACTIVE_SESSION session=ANALYSIS movesHash=-1264646859439032773
02-07 11:46:04.477  8188  8188 D Katago  : EngineOrchestrator process state=Ready event=StartAnalysis
02-07 11:46:04.478  8188  9776 I Katago  : triggerAnalysis start mode=QUICK budget=3000 (time-only)
02-07 11:46:04.478  8188  8188 D Katago  : EngineOrchestrator process state=Analyzing event=AnalysisDone
02-07 11:46:04.483  8188  9775 I Kumiho-Kumiho: getPackageName: com.katago.android
02-07 11:46:04.484  8188  9776 I Kumiho-Kumiho: getPackageName: com.katago.android
02-07 11:46:04.485  8188  9775 I Kumiho-Kumiho: getPackageName: com.katago.android
02-07 11:46:04.489  8188  9775 I Kumiho-Kumiho: getPackageName: com.katago.android
02-07 11:46:04.493  8188  9776 I Kumiho-Kumiho: getPackageName: com.katago.android
02-07 11:46:04.514  8188  9776 I Katago  : analyze start budgetMs=3000 maxVisits=0 size=19 moves=11
02-07 11:46:04.521  8188 14384 I AudioTrack: createTrack_l(0): AUDIO_OUTPUT_FLAG_FAST successful; frameCount 0 -> 4079
02-07 11:46:04.522  8188 14384 D AudioTrack: setVolume(1.000000, 1.000000) pid : 8188
02-07 11:46:04.750  8188  8628 D Katago  : parseRawResult: outSize=3777 actualFloats=59 n=64 totalVisits=102
02-07 11:46:04.754  8188  8628 D Katago  : parseRawResult: suggestionsRaw=64 finalWithPv=64 legal=64
02-07 11:46:04.758  8188  8628 D Katago  : parseRawResult: minVisits=0 finalSuggestions=64 maxVisits=21
02-07 11:46:04.904  8188  8628 D Katago  : parseRawResult: outSize=3777 actualFloats=59 n=64 totalVisits=109
02-07 11:46:04.908  8188  8628 D Katago  : parseRawResult: suggestionsRaw=64 finalWithPv=64 legal=64
02-07 11:46:04.911  8188  8628 D Katago  : parseRawResult: minVisits=0 finalSuggestions=64 maxVisits=24
02-07 11:46:05.047  8188  8628 D Katago  : parseRawResult: outSize=3777 actualFloats=59 n=64 totalVisits=119
02-07 11:46:05.051  8188  8628 D Katago  : parseRawResult: suggestionsRaw=64 finalWithPv=64 legal=64
02-07 11:46:05.055  8188  8628 D Katago  : parseRawResult: minVisits=0 finalSuggestions=64 maxVisits=27
02-07 11:46:05.196  8188  8628 D Katago  : parseRawResult: outSize=3777 actualFloats=59 n=64 totalVisits=127
02-07 11:46:05.200  8188  8628 D Katago  : parseRawResult: suggestionsRaw=64 finalWithPv=64 legal=64
02-07 11:46:05.204  8188  8628 D Katago  : parseRawResult: minVisits=0 finalSuggestions=64 maxVisits=31
02-07 11:46:05.344  8188  8628 D Katago  : parseRawResult: outSize=3777 actualFloats=59 n=64 totalVisits=138
02-07 11:46:05.348  8188  8628 D Katago  : parseRawResult: suggestionsRaw=64 finalWithPv=64 legal=64
02-07 11:46:05.352  8188  8628 D Katago  : parseRawResult: minVisits=0 finalSuggestions=64 maxVisits=34
02-07 11:46:05.444  8188  8188 I VRI[MainActivity]@e6af973: ViewPostIme pointer 0
02-07 11:46:05.496  8188  8188 I VRI[MainActivity]@e6af973: ViewPostIme pointer 1
02-07 11:46:05.587  8188 14384 I AudioTrack: createTrack_l(0): AUDIO_OUTPUT_FLAG_FAST successful; frameCount 0 -> 4079
02-07 11:46:05.587  8188 14384 D AudioTrack: setVolume(1.000000, 1.000000) pid : 8188
02-07 11:46:06.099  8188  8188 I VRI[MainActivity]@e6af973: ViewPostIme pointer 0
02-07 11:46:06.220  8188  8188 I DynamiteModule: Considering local module com.google.android.gms.ads.dynamite:0 and remote module com.google.android.gms.ads.dynamite:254380203
02-07 11:46:06.220  8188  8188 I DynamiteModule: Selected remote version of com.google.android.gms.ads.dynamite, version >= 254380203
02-07 11:46:06.254  8188  8188 D BannerAd: Loaded: ca-app-pub-3940256099942544/6300978111
02-07 11:46:06.265  8188  8188 I VRI[MainActivity]@e6af973: ViewPostIme pointer 1
02-07 11:46:06.302  8188  8188 I View    : setRequestedFrameRate frameRate=NaN, this=com.google.android.gms.ads.internal.webview.ai{20a9862 VFEDHVC.. ......I. 0,0-900,140}, caller=android.view.ViewGroup.setRequestedFrameRate:9952 WV.rf.o:1 WV.rg.h:118 WV.rg.onDraw:7 com.android.webview.chromium.WebViewChromium.onDraw:19 
02-07 11:46:06.374  8188  8188 I View    : setRequestedFrameRate frameRate=NaN, this=com.google.android.gms.ads.internal.webview.ai{20a9862 VFEDHVC.. ......I. 0,0-900,140}, caller=android.view.ViewGroup.setRequestedFrameRate:9952 WV.rf.o:1 WV.rg.h:118 WV.rg.onDraw:7 com.android.webview.chromium.WebViewChromium.onDraw:19 
02-07 11:46:06.533  8188  8188 I View    : setRequestedFrameRate frameRate=NaN, this=com.google.android.gms.ads.internal.webview.ai{20a9862 VFEDHVC.. ......I. 0,0-900,140}, caller=android.view.ViewGroup.setRequestedFrameRate:9952 WV.rf.o:1 WV.rg.h:118 WV.rg.onDraw:7 com.android.webview.chromium.WebViewChromium.onDraw:19 
02-07 11:46:06.577  8188  8188 I View    : setRequestedFrameRate frameRate=NaN, this=com.google.android.gms.ads.internal.webview.ai{20a9862 VFEDHVC.. ......I. 0,0-900,140}, caller=android.view.ViewGroup.setRequestedFrameRate:9952 WV.rf.o:1 WV.rg.h:118 WV.rg.onDraw:7 com.android.webview.chromium.WebViewChromium.onDraw:19 
02-07 11:46:07.674  8188  9776 D Katago  : Analysis Metrics: visits=252 time=3.160s vps=79.7 ms/visit=12.54 format=NEW
02-07 11:46:07.675  8188  9776 D Katago  : parseRawResult: outSize=3777 actualFloats=59 n=64 totalVisits=252
02-07 11:46:07.680  8188  9776 W Katago  : getTopPv: engine returned null or empty array
02-07 11:46:07.681  8188  9776 D Katago  : getTopPv: parsing out.size=0, expectedCount=64
02-07 11:46:07.683  8188  9776 D Katago  : getTopPv: returning 64 PVs, first pvSize=0
02-07 11:46:07.706  8188  8188 I View    : setRequestedFrameRate frameRate=NaN, this=com.google.android.gms.ads.internal.webview.ai{20a9862 VFEDHVC.. ......I. 0,0-900,140}, caller=android.view.ViewGroup.setRequestedFrameRate:9952 WV.rf.o:1 WV.rg.h:118 WV.rg.onDraw:7 com.android.webview.chromium.WebViewChromium.onDraw:19 
02-07 11:46:07.719  8188  8188 I View    : setRequestedFrameRate frameRate=NaN, this=com.google.android.gms.ads.internal.webview.ai{20a9862 VFEDHVC.. ......I. 0,0-900,140}, caller=android.view.ViewGroup.setRequestedFrameRate:9952 WV.rf.o:1 WV.rg.h:118 WV.rg.onDraw:7 com.android.webview.chromium.WebViewChromium.onDraw:19 
02-07 11:46:07.720  8188  9776 D Katago  : parseRawResult: suggestionsRaw=64 finalWithPv=64 legal=64
02-07 11:46:07.721  8188  9776 D Katago  : parseRawResult: minVisits=0 finalSuggestions=64 maxVisits=98
02-07 11:46:07.726  8188  8188 D Katago  : EngineOrchestrator process state=Ready event=AnalysisDone
02-07 11:46:07.731  8188  8188 D Katago  : EngineOrchestrator process state=Ready event=StartAnalysis
02-07 11:46:07.732  8188  9776 D GameStateUseCase: Game state saved: 12 moves, 0 redo moves
02-07 11:46:07.733  8188  8188 D Katago  : EngineOrchestrator process state=Analyzing event=AnalysisDone
02-07 11:46:07.733  8188  9776 I Katago  : triggerAnalysis start mode=QUICK budget=3000 (time-only)
02-07 11:46:07.734  8188  8188 D Katago  : analysis_state_machine intent submitted session=ANALYSIS movesHash=-2222635035121953479
02-07 11:46:07.736  8188  8188 D Katago  : intent_update source=PLAY_MOVE session=ANALYSIS movesHash=-2222635035121953479
02-07 11:46:07.738  8188  8188 I Katago  : playMove Timing (ns): Token=72246154, Legal=2150471077, GameUpdate=61923, UiUpdate=1058154, Persist=513462, Trigger=6384923, AsyncLaunch=280615
02-07 11:46:07.770  8188  8188 I View    : setRequestedFrameRate frameRate=NaN, this=com.google.android.gms.ads.internal.webview.ai{20a9862 VFEDHVC.. ........ 0,0-900,140}, caller=android.view.ViewGroup.setRequestedFrameRate:9952 WV.rf.o:1 WV.rg.h:118 WV.rg.onDraw:7 com.android.webview.chromium.WebViewChromium.onDraw:19 
02-07 11:46:07.790  8188  9005 I Katago  : analyze start budgetMs=3000 maxVisits=0 size=19 moves=12
02-07 11:46:07.836  8188  8188 I View    : setRequestedFrameRate frameRate=NaN, this=com.google.android.gms.ads.internal.webview.ai{20a9862 VFEDHVC.. ......I. 0,0-900,140}, caller=android.view.ViewGroup.setRequestedFrameRate:9952 WV.rf.o:1 WV.rg.h:118 WV.rg.onDraw:7 com.android.webview.chromium.WebViewChromium.onDraw:19 
02-07 11:46:07.968  8188  8642 D Katago  : parseRawResult: outSize=3777 actualFloats=59 n=64 totalVisits=1
02-07 11:46:07.972  8188  8642 D Katago  : parseRawResult: suggestionsRaw=64 finalWithPv=64 legal=64
02-07 11:46:07.976  8188  8642 D Katago  : parseRawResult: minVisits=0 finalSuggestions=64 maxVisits=0
02-07 11:46:08.211  8188  8642 D Katago  : parseRawResult: outSize=3777 actualFloats=59 n=64 totalVisits=15
02-07 11:46:08.215  8188  8642 D Katago  : parseRawResult: suggestionsRaw=64 finalWithPv=64 legal=64
02-07 11:46:08.219  8188  8642 D Katago  : parseRawResult: minVisits=0 finalSuggestions=64 maxVisits=2
02-07 11:46:08.326  8188  8188 I View    : setRequestedFrameRate frameRate=NaN, this=com.google.android.gms.ads.internal.webview.ai{20a9862 VFEDHVC.. ........ 0,0-900,140}, caller=android.view.ViewGroup.setRequestedFrameRate:9952 WV.rf.o:1 WV.rg.h:118 WV.rg.onDraw:7 com.android.webview.chromium.WebViewChromium.onDraw:19 
02-07 11:46:08.336  8188  8642 D Katago  : parseRawResult: outSize=3777 actualFloats=59 n=64 totalVisits=21
02-07 11:46:08.340  8188  8642 D Katago  : parseRawResult: suggestionsRaw=64 finalWithPv=64 legal=64
02-07 11:46:08.345  8188  8642 D Katago  : parseRawResult: minVisits=0 finalSuggestions=64 maxVisits=3
02-07 11:46:08.362  8188  8760 E GPUAUX  : [AUX]GuiExtAuxCheckAuxPath:682: Null anb
02-07 11:46:08.467  8188  8642 D Katago  : parseRawResult: outSize=3777 actualFloats=59 n=64 totalVisits=25
02-07 11:46:08.472  8188  8642 D Katago  : parseRawResult: suggestionsRaw=64 finalWithPv=64 legal=64
02-07 11:46:08.476  8188  8642 D Katago  : parseRawResult: minVisits=0 finalSuggestions=64 maxVisits=4
02-07 11:46:08.609  8188  8642 D Katago  : parseRawResult: outSize=3777 actualFloats=59 n=64 totalVisits=32
02-07 11:46:08.613  8188  8642 D Katago  : parseRawResult: suggestionsRaw=64 finalWithPv=64 legal=64
02-07 11:46:08.617  8188  8642 D Katago  : parseRawResult: minVisits=0 finalSuggestions=64 maxVisits=5
02-07 11:46:08.750  8188  8642 D Katago  : parseRawResult: outSize=3777 actualFloats=59 n=64 totalVisits=40
02-07 11:46:08.756  8188  8642 D Katago  : parseRawResult: suggestionsRaw=64 finalWithPv=64 legal=64
02-07 11:46:08.760  8188  8642 D Katago  : parseRawResult: minVisits=0 finalSuggestions=64 maxVisits=6
02-07 11:46:08.870  8188  8642 D Katago  : parseRawResult: outSize=3777 actualFloats=59 n=64 totalVisits=46
02-07 11:46:08.875  8188  8642 D Katago  : parseRawResult: suggestionsRaw=64 finalWithPv=64 legal=64
02-07 11:46:08.884  8188  8642 D Katago  : parseRawResult: minVisits=0 finalSuggestions=64 maxVisits=7
02-07 11:46:09.125  8188  8642 D Katago  : parseRawResult: outSize=3777 actualFloats=59 n=64 totalVisits=56
02-07 11:46:09.130  8188  8642 D Katago  : parseRawResult: suggestionsRaw=64 finalWithPv=64 legal=64
02-07 11:46:09.134  8188  8642 D Katago  : parseRawResult: minVisits=0 finalSuggestions=64 maxVisits=9
02-07 11:46:09.283  8188  8188 I VRI[MainActivity]@e6af973: call setFrameRateCategory for touch hint category=no preference, reason=boost timeout, vri=VRI[MainActivity]@e6af973
02-07 11:46:09.299  8188  8642 D Katago  : parseRawResult: outSize=3777 actualFloats=59 n=64 totalVisits=66
02-07 11:46:09.304  8188  8642 D Katago  : parseRawResult: suggestionsRaw=64 finalWithPv=64 legal=64
02-07 11:46:09.307  8188  8642 D Katago  : parseRawResult: minVisits=0 finalSuggestions=64 maxVisits=10
02-07 11:46:09.439  8188  8642 D Katago  : parseRawResult: outSize=3777 actualFloats=59 n=64 totalVisits=73
02-07 11:46:09.443  8188  8642 D Katago  : parseRawResult: suggestionsRaw=64 finalWithPv=64 legal=64
02-07 11:46:09.447  8188  8642 D Katago  : parseRawResult: minVisits=0 finalSuggestions=64 maxVisits=11
02-07 11:46:09.684  8188  8642 D Katago  : parseRawResult: outSize=3777 actualFloats=59 n=64 totalVisits=83
02-07 11:46:09.688  8188  8642 D Katago  : parseRawResult: suggestionsRaw=64 finalWithPv=64 legal=64
02-07 11:46:09.692  8188  8642 D Katago  : parseRawResult: minVisits=0 finalSuggestions=64 maxVisits=12
02-07 11:46:09.834  8188  8642 D Katago  : parseRawResult: outSize=3777 actualFloats=59 n=64 totalVisits=90
02-07 11:46:09.837  8188  8642 D Katago  : parseRawResult: suggestionsRaw=64 finalWithPv=64 legal=64
02-07 11:46:09.842  8188  8642 D Katago  : parseRawResult: minVisits=0 finalSuggestions=64 maxVisits=13
02-07 11:46:09.998  8188  8642 D Katago  : parseRawResult: outSize=3777 actualFloats=59 n=64 totalVisits=99
02-07 11:46:10.004  8188  8642 D Katago  : parseRawResult: suggestionsRaw=64 finalWithPv=64 legal=64
02-07 11:46:10.008  8188  8642 D Katago  : parseRawResult: minVisits=0 finalSuggestions=64 maxVisits=14
02-07 11:46:10.128  8188  8642 D Katago  : parseRawResult: outSize=3777 actualFloats=59 n=64 totalVisits=104
02-07 11:46:10.133  8188  8642 D Katago  : parseRawResult: suggestionsRaw=64 finalWithPv=64 legal=64
02-07 11:46:10.138  8188  8642 D Katago  : parseRawResult: minVisits=0 finalSuggestions=64 maxVisits=16
02-07 11:46:10.265  8188  8642 D Katago  : parseRawResult: outSize=3777 actualFloats=59 n=64 totalVisits=110
02-07 11:46:10.269  8188  8642 D Katago  : parseRawResult: suggestionsRaw=64 finalWithPv=64 legal=64
02-07 11:46:10.277  8188  8642 D Katago  : parseRawResult: minVisits=0 finalSuggestions=64 maxVisits=17
02-07 11:46:10.392  8188  8642 D Katago  : parseRawResult: outSize=3777 actualFloats=59 n=64 totalVisits=114
02-07 11:46:10.396  8188  8642 D Katago  : parseRawResult: suggestionsRaw=64 finalWithPv=64 legal=64
02-07 11:46:10.399  8188  8642 D Katago  : parseRawResult: minVisits=0 finalSuggestions=64 maxVisits=18
02-07 11:46:10.527  8188  8642 D Katago  : parseRawResult: outSize=3777 actualFloats=59 n=64 totalVisits=121
02-07 11:46:10.532  8188  8642 D Katago  : parseRawResult: suggestionsRaw=64 finalWithPv=64 legal=64
02-07 11:46:10.539  8188  8642 D Katago  : parseRawResult: minVisits=0 finalSuggestions=64 maxVisits=19
02-07 11:46:10.772  8188  8642 D Katago  : parseRawResult: outSize=3777 actualFloats=59 n=64 totalVisits=132
02-07 11:46:10.777  8188  8642 D Katago  : parseRawResult: suggestionsRaw=64 finalWithPv=64 legal=64
02-07 11:46:10.781  8188  8642 D Katago  : parseRawResult: minVisits=0 finalSuggestions=64 maxVisits=22
02-07 11:46:10.969  8188  8642 D Katago  : parseRawResult: outSize=3777 actualFloats=59 n=64 totalVisits=141
02-07 11:46:10.971  8188  8642 D Katago  : parseRawResult: suggestionsRaw=64 finalWithPv=64 legal=64
02-07 11:46:10.973  8188  8642 D Katago  : parseRawResult: minVisits=0 finalSuggestions=64 maxVisits=25
02-07 11:46:10.973  8188  9005 D Katago  : Analysis Metrics: visits=141 time=3.183s vps=44.3 ms/visit=22.57 format=NEW
02-07 11:46:10.976  8188  9005 D Katago  : parseRawResult: outSize=3777 actualFloats=59 n=64 totalVisits=141
02-07 11:46:10.986  8188  9005 W Katago  : getTopPv: engine returned null or empty array
02-07 11:46:10.987  8188  9005 D Katago  : getTopPv: parsing out.size=0, expectedCount=64
02-07 11:46:10.989  8188  9005 D Katago  : getTopPv: returning 64 PVs, first pvSize=0
02-07 11:46:11.031  8188  9005 D Katago  : parseRawResult: suggestionsRaw=64 finalWithPv=64 legal=64
02-07 11:46:11.033  8188  9005 D Katago  : parseRawResult: minVisits=0 finalSuggestions=64 maxVisits=25
02-07 11:46:11.035  8188  8188 D Katago  : TopSuggestion winrate: moves=12 side=B coord=(16,5) black=0.860 display=0.860 pvSize=10
02-07 11:46:11.040  8188  8188 D Katago  : EngineOrchestrator process state=Ready event=AnalysisDone
02-07 11:47:06.268  8188  8188 I Ads     : This request is sent from a test device.
02-07 11:47:06.321  8188  8188 W ServiceBindIntentUtils: Dynamic lookup for intent failed for action: com.google.android.gms.ads.service.CACHE
02-07 11:47:06.336  8188 14474 W ServiceBindIntentUtils: Dynamic lookup for intent failed for action: com.google.android.gms.ads.service.START
02-07 11:47:07.673  8188  8188 I DynamiteModule: Considering local module com.google.android.gms.ads.dynamite:0 and remote module com.google.android.gms.ads.dynamite:254380203
02-07 11:47:07.673  8188  8188 I DynamiteModule: Selected remote version of com.google.android.gms.ads.dynamite, version >= 254380203
02-07 11:47:07.699  8188  8188 D BannerAd: Loaded: ca-app-pub-3940256099942544/6300978111
02-07 11:47:07.709  8188  8188 I View    : setRequestedFrameRate frameRate=NaN, this=com.google.android.gms.ads.internal.webview.ai{197e6c7 VFEDHVC.. ........ 0,0-900,140}, caller=android.view.ViewGroup.setRequestedFrameRate:9952 WV.rf.o:1 WV.rg.h:118 WV.rg.onDraw:7 com.android.webview.chromium.WebViewChromium.onDraw:19 
02-07 11:47:07.761  8188  8188 I View    : setRequestedFrameRate frameRate=NaN, this=com.google.android.gms.ads.internal.webview.ai{197e6c7 VFEDHVC.. ........ 0,0-900,140}, caller=android.view.ViewGroup.setRequestedFrameRate:9952 WV.rf.o:1 WV.rg.h:118 WV.rg.onDraw:7 com.android.webview.chromium.WebViewChromium.onDraw:19 
02-07 11:47:07.770  8188  8760 E GPUAUX  : [AUX]GuiExtAuxCheckAuxPath:682: Null anb
02-07 11:47:07.773  8188  8188 I View    : setRequestedFrameRate frameRate=NaN, this=com.google.android.gms.ads.internal.webview.ai{197e6c7 VFEDHVC.. ........ 0,0-900,140}, caller=android.view.ViewGroup.setRequestedFrameRate:9952 WV.rf.o:1 WV.rg.h:118 WV.rg.onDraw:7 com.android.webview.chromium.WebViewChromium.onDraw:19 
02-07 11:47:07.783  8188  8760 E GPUAUX  : [AUX]GuiExtAuxCheckAuxPath:682: Null anb
02-07 11:47:07.787  8188  8188 I View    : setRequestedFrameRate frameRate=NaN, this=com.google.android.gms.ads.internal.webview.ai{197e6c7 VFEDHVC.. ........ 0,0-900,140}, caller=android.view.ViewGroup.setRequestedFrameRate:9952 WV.rf.o:1 WV.rg.h:118 WV.rg.onDraw:7 com.android.webview.chromium.WebViewChromium.onDraw:19 
02-07 11:47:07.929  8188  8188 I View    : setRequestedFrameRate frameRate=NaN, this=com.google.android.gms.ads.internal.webview.ai{197e6c7 VFEDHVC.. ........ 0,0-900,140}, caller=android.view.ViewGroup.setRequestedFrameRate:9952 WV.rf.o:1 WV.rg.h:118 WV.rg.onDraw:7 com.android.webview.chromium.WebViewChromium.onDraw:19 
