02-07 11:45:46.958  8188  9005 I Katago  : play.cfg written: chosenMoveTemp=1.9250001 wideRootNoise=0.18 cpuct=8.625 cpuctLog=8.625 cpuctBase=3300.0 avoidRepeatUtility=1.77 staticScoreUtility=0.7875 maxVisits=0
02-07 11:45:46.959  8188  9005 I Katago  : play.cfg len=659 includeTuned=false
02-07 11:45:46.960  8188  9005 I Katago  : ensureConfigFile: success
02-07 11:45:46.962  8188  9775 I Katago  : Overwriting configs (CPU only, Level: 0, Visits: unlimited)
02-07 11:45:46.973  8188  9775 I Katago  : CPU Low Freq (2200000000 Hz) -> Conservative Threads (7)
02-07 11:45:46.974  8188  9775 I Katago  : CPU Config: Threads=7, Batch=2, Cache=2^15
02-07 11:45:46.980  8188  9775 I Katago  : analysis.cfg len=741 includeTuned=false
02-07 11:45:46.981  8188  9775 I Katago  : play.cfg written: chosenMoveTemp=1.9250001 wideRootNoise=0.18 cpuct=8.625 cpuctLog=8.625 cpuctBase=3300.0 avoidRepeatUtility=1.77 staticScoreUtility=0.7875 maxVisits=0
02-07 11:45:46.981  8188  9775 I Katago  : play.cfg len=659 includeTuned=false
02-07 11:45:46.982  8188  9775 I Katago  : ensureConfigFile: success
02-07 11:45:46.985  8188  8188 D Katago  : analysis_state_machine intent submitted session=PLAY movesHash=-3750763034362895579
02-07 11:45:46.986  8188  8188 D Katago  : intent_update source=TRIGGER_QUICK session=PLAY movesHash=-3750763034362895579
02-07 11:45:46.987  8188  8188 I PlayMode: waitingBotMove: moveCount=0 botIsBlack=true humanColor=WHITE ready=false visits=0 mode=QUICK isVariation=false
02-07 11:45:46.988  8188  8188 D Katago  : EngineOrchestrator process state=Ready event=StartAnalysis
02-07 11:45:46.992  8188  8188 D Katago  : EngineOrchestrator process state=Analyzing event=AnalysisDone
02-07 11:45:46.993  8188  9005 I Katago  : triggerAnalysis start mode=QUICK budget=2333 (time-only)
02-07 11:45:46.995  8188  9005 D GameStateUseCase: Clearing saved game state (empty game)
02-07 11:45:46.995  8188  8188 D Katago  : analysis_state_machine intent submitted session=PLAY movesHash=-3750763034362895579
02-07 11:45:46.996  8188  8188 D Katago  : intent_update source=NEW_GAME session=PLAY movesHash=-3750763034362895579
02-07 11:45:47.002  8188  9775 I Katago  : analyze start budgetMs=2333 maxVisits=0 size=19 moves=0
02-07 11:45:47.005  8188  9775 D Katago  : parseRawResult: outSize=0 actualFloats=6 n=0 totalVisits=0
02-07 11:45:47.006  8188  9775 D Katago  : parseRawResult: suggestionsRaw=0 finalWithPv=0 legal=0
02-07 11:45:47.006  8188  9775 D Katago  : parseRawResult: minVisits=0 finalSuggestions=0 maxVisits=0
02-07 11:45:47.009  8188  8188 W Katago  : AnalysisResultGate: DROPPED session=PLAY mode=QUICK reason=epoch_stale(run=18 submitted=19) suggestions=0 totalVisits=0
02-07 11:45:47.024  8188  8188 I WindowManager: WindowManagerGlobal#removeView, ty=2, view=com.android.internal.policy.DecorView{318b57b V.E...... R....... 0,0-900,1905 aid=1073741824}[MainActivity], caller=android.view.WindowManagerGlobal.removeView:654 android.view.WindowManagerImpl.removeViewImmediate:216 android.app.Dialog.dismissDialog:850 
02-07 11:45:47.025  8188  8188 W WindowOnBackDispatcher: sendCancelIfRunning: isInProgress=false callback=android.view.ViewRootImpl$$ExternalSyntheticLambda16@ad6cfa5
02-07 11:45:47.040  8188  8760 D HWUI    : endAllActiveAnimators on 0xb40000792eff7a00 (UnprojectedRipple) with handle 0xb400007950868b80
02-07 11:45:47.040  8188  8188 I VRI[MainActivity]@f2ef98: dispatchDetachedFromWindow
02-07 11:45:47.058  8188  8223 I BLASTBufferQueue: [VRI[MainActivity]@f2ef98#1](f:0,a:3,s:0) destructor()
02-07 11:45:47.058  8188  8223 D BufferQueueConsumer: [VRI[MainActivity]@f2ef98#1(BLAST Consumer)1](id:1ffc00000002,api:0,p:-1,c:8188) disconnect
02-07 11:45:47.059  8188  8188 D InputTransport: Input channel destroyed: 'fe0c4d ', fd=349
02-07 11:45:47.075  8188  8188 D Katago  : EngineOrchestrator process state=Ready event=AnalysisDone
02-07 11:45:47.092  8188  8188 I InsetsSourceConsumer: applyRequestedVisibilityToControl: visible=true, type=navigationBars, host=com.katago.android/com.katago.android.MainActivity
02-07 11:45:47.093  8188  8188 I InsetsSourceConsumer: applyRequestedVisibilityToControl: visible=true, type=statusBars, host=com.katago.android/com.katago.android.MainActivity
02-07 11:45:47.094  8188  8188 I InsetsController: onStateChanged: host=com.katago.android/com.katago.android.MainActivity, from=android.view.ViewRootImpl.onInsetsStateChanged:3026, state=InsetsState: {mDisplayFrame=Rect(0, 0 - 1080, 2340), mDisplayCutout=DisplayCutout{insets=Rect(0, 80 - 0, 0) waterfall=Insets{left=0, top=0, right=0, bottom=0} boundingRect={Bounds=[Rect(0, 0 - 0, 0), Rect(472, 0 - 608, 80), Rect(0, 0 - 0, 0), Rect(0, 0 - 0, 0)]} cutoutPathParserInfo={CutoutPathParserInfo{displayWidth=1080 displayHeight=2340 physicalDisplayWidth=1080 physicalDisplayHeight=2340 density={2.8125} cutoutSpec={M 0,0 H -24.177777778 V 28.4444444444 H 24.177777778 V 0 H 0 Z @dp} rotation={0} scale={1.0} physicalPixelDisplaySizeRatio={1.0}}} sideOverrides={}}, mRoundedCorners=RoundedCorners{[RoundedCorner{position=TopLeft, radius=113, center=Point(113, 113)}, RoundedCorner{position=TopRight, radius=113, center=Point(967, 113)}, RoundedCorner{position=BottomRight, radius=113, center=Point(967, 2227)}, RoundedCorner{position=BottomLeft, radius=113, center=Point(113, 2227)}]}  mRoundedCornerFrame=Rect(0, 0 - 1080, 2340), mPrivacyIndicatorBounds=PrivacyIndicatorBounds {static bounds=Rect(956, 0 - 1080, 80) rotation=0}, mDisplayShape=DisplayShape{ spec=-311912193 displayWidth=1080 displayHeight=2340 physicalPixelDisplaySizeRatio=1.0 rotation=0 offsetX=0 offsetY=0 scale=1.0}, mSources= { InsetsSource: {db440000 mType=statusBars mFrame=[0,0][1080,80] mVisible=true mFlags= mSideHint=TOP mBoundingRects=null}, InsetsSource: {db440005 mType=mandatorySystemGestures mFrame=[0,0][1080,114] mVisible=true mFlags= mSideHint=TOP mBoundingRects=null}, InsetsSource: {db440006 mType=tappableElement mFrame=[0,0][1080,80] mVisible=true mFlags= mSideHint=TOP mBoundingRects=null}, InsetsSource: {27 mType=displayCutout mFrame=[0,0][1080,80] mVisible=true mFlags= mSideHint=TOP mBoundingRects=null}, InsetsSource: {8660001 mType=navigationBars mFrame=[0,2205][1080,2340] mVisible=true mFlags= mSideHint=BOTTOM mBoundingRects=null}, InsetsSource: {8660004 mType=systemGestures mFrame=[0,0][0,0] mVisible=true mFlags= mSideHint=NONE mBoundingRects=null}, InsetsSource: {8660005 mType=mandatorySystemGestures mFrame=[0,2205][1080,2340] mVisible=true mFlags= mSideHint=BOTTOM mBoundingRects=null}, InsetsSource: {8660006 mType=tappableElement mFrame=[0,2205][1080,2340] mVisible=true mFlags= mSideHint=BOTTOM mBoundingRects=null}, InsetsSource: {8660024 mType=systemGestures mFrame=[0,0][0,0] mVisible=true mFlags= mSideHint=NONE mBoundingRects=null} }
02-07 11:45:47.096  8188  8188 D VRI[MainActivity]@e6af973: mThreadedRenderer.initializeIfNeeded()#2 mSurface={isValid=true 0xb400007c52b1b000}
02-07 11:45:47.099  8188  8188 D InputMethodManagerUtils: startInputInner - Id : 0
02-07 11:45:47.099  8188  8188 I InputMethodManager: startInputInner - IInputMethodManagerGlobalInvoker.startInputOrWindowGainedFocus
02-07 11:45:47.106  8188  8223 D InputTransport: Input channel constructed: 'ClientS', fd=304
02-07 11:45:47.126  8188  8188 I InputMethodManager: handleMessage: setImeVisibility visible=false
02-07 11:45:47.126  8188  8188 D InsetsController: hide(ime(), fromIme=false)
02-07 11:45:47.127  8188  8188 I ImeTracker: com.katago.android:6d95bca8: onCancelled at PHASE_CLIENT_ALREADY_HIDDEN
02-07 11:45:47.305  8188  8188 I PlayMode: waitingBotMove: moveCount=0 botIsBlack=true humanColor=WHITE ready=false visits=0 mode=QUICK isVariation=false
02-07 11:45:47.810  8188  8188 I PlayMode: waitingBotMove: moveCount=0 botIsBlack=true humanColor=WHITE ready=false visits=0 mode=QUICK isVariation=false
02-07 11:45:48.313  8188  8188 D Katago  : analysis_state_machine intent submitted session=PLAY movesHash=-3750763034362895579
02-07 11:45:48.315  8188  8188 D Katago  : intent_update source=TRIGGER_QUICK session=PLAY movesHash=-3750763034362895579
02-07 11:45:48.317  8188  8188 I PlayMode: waitingBotMove: moveCount=0 botIsBlack=true humanColor=WHITE ready=false visits=0 mode=QUICK isVariation=false
02-07 11:45:48.319  8188  8188 D Katago  : EngineOrchestrator process state=Ready event=StartAnalysis
02-07 11:45:48.322  8188  8188 D Katago  : EngineOrchestrator process state=Analyzing event=AnalysisDone
02-07 11:45:48.323  8188  9005 I Katago  : triggerAnalysis start mode=QUICK budget=2333 (time-only)
02-07 11:45:48.333  8188  9776 I Katago  : analyze start budgetMs=2333 maxVisits=0 size=19 moves=0
02-07 11:45:48.341  8188  9776 D Katago  : parseRawResult: outSize=0 actualFloats=6 n=0 totalVisits=0
02-07 11:45:48.346  8188  9776 D Katago  : parseRawResult: suggestionsRaw=0 finalWithPv=0 legal=0
02-07 11:45:48.350  8188  9776 D Katago  : parseRawResult: minVisits=0 finalSuggestions=0 maxVisits=0
02-07 11:45:48.372  8188  8188 W Katago  : Analysis empty suggestions: totalVisits=0 session=PLAY mode=QUICK isModelReady=true analyzedMoves=0 (check parseRawResult/minVisits or native empty)
02-07 11:45:48.383  8188  8188 D Katago  : EngineOrchestrator process state=Ready event=AnalysisDone
02-07 11:45:48.828  8188  8188 I PlayMode: waitingBotMove: moveCount=0 botIsBlack=true humanColor=WHITE ready=false visits=0 mode=QUICK isVariation=false
02-07 11:45:48.852  8188  8188 I VRI[MainActivity]@e6af973: ViewPostIme pointer 0
02-07 11:45:48.859  8188  8188 I VRI[MainActivity]@e6af973: call setFrameRateCategory for touch hint category=high hint, reason=touch, vri=VRI[MainActivity]@e6af973
02-07 11:45:48.980  8188  8188 I VRI[MainActivity]@e6af973: ViewPostIme pointer 1
02-07 11:45:49.331  8188  8188 I PlayMode: waitingBotMove: moveCount=0 botIsBlack=true humanColor=WHITE ready=false visits=0 mode=QUICK isVariation=false
02-07 11:45:49.631  8188  8188 I VRI[MainActivity]@e6af973: ViewPostIme pointer 0
02-07 11:45:49.758  8188  8188 I VRI[MainActivity]@e6af973: ViewPostIme pointer 1
02-07 11:45:49.833  8188  8188 D Katago  : analysis_state_machine intent submitted session=PLAY movesHash=-3750763034362895579
02-07 11:45:49.834  8188  8188 D Katago  : intent_update source=TRIGGER_QUICK session=PLAY movesHash=-3750763034362895579
02-07 11:45:49.836  8188  8188 I PlayMode: waitingBotMove: moveCount=0 botIsBlack=true humanColor=WHITE ready=false visits=0 mode=QUICK isVariation=false
02-07 11:45:49.837  8188  8188 D Katago  : EngineOrchestrator process state=Ready event=StartAnalysis
02-07 11:45:49.839  8188  8188 D Katago  : EngineOrchestrator process state=Analyzing event=AnalysisDone
02-07 11:45:49.839  8188  9005 I Katago  : triggerAnalysis start mode=QUICK budget=2333 (time-only)
02-07 11:45:49.846  8188  9776 I Katago  : analyze start budgetMs=2333 maxVisits=0 size=19 moves=0
02-07 11:45:49.850  8188  9776 D Katago  : parseRawResult: outSize=0 actualFloats=6 n=0 totalVisits=0
02-07 11:45:49.851  8188  9776 D Katago  : parseRawResult: suggestionsRaw=0 finalWithPv=0 legal=0
02-07 11:45:49.852  8188  9776 D Katago  : parseRawResult: minVisits=0 finalSuggestions=0 maxVisits=0
02-07 11:45:49.856  8188  8188 W Katago  : Analysis empty suggestions: totalVisits=0 session=PLAY mode=QUICK isModelReady=true analyzedMoves=0 (check parseRawResult/minVisits or native empty)
02-07 11:45:49.859  8188  8188 D Katago  : EngineOrchestrator process state=Ready event=AnalysisDone
02-07 11:45:50.342  8188  8188 I PlayMode: waitingBotMove: moveCount=0 botIsBlack=true humanColor=WHITE ready=false visits=0 mode=QUICK isVariation=false
02-07 11:45:50.846  8188  8188 I PlayMode: waitingBotMove: moveCount=0 botIsBlack=true humanColor=WHITE ready=false visits=0 mode=QUICK isVariation=false
02-07 11:45:51.354  8188  8188 D Katago  : analysis_state_machine intent submitted session=PLAY movesHash=-3750763034362895579
02-07 11:45:51.360  8188  8188 D Katago  : intent_update source=TRIGGER_QUICK session=PLAY movesHash=-3750763034362895579
02-07 11:45:51.364  8188  8188 I PlayMode: waitingBotMove: moveCount=0 botIsBlack=true humanColor=WHITE ready=false visits=0 mode=QUICK isVariation=false
02-07 11:45:51.368  8188  8188 D Katago  : EngineOrchestrator process state=Ready event=StartAnalysis
02-07 11:45:51.372  8188  8188 D Katago  : EngineOrchestrator process state=Analyzing event=AnalysisDone
02-07 11:45:51.373  8188  9005 I Katago  : triggerAnalysis start mode=QUICK budget=2333 (time-only)
02-07 11:45:51.384  8188  9005 I Katago  : analyze start budgetMs=2333 maxVisits=0 size=19 moves=0
02-07 11:45:51.392  8188  9005 D Katago  : parseRawResult: outSize=0 actualFloats=6 n=0 totalVisits=0
02-07 11:45:51.396  8188  9005 D Katago  : parseRawResult: suggestionsRaw=0 finalWithPv=0 legal=0
02-07 11:45:51.400  8188  9005 D Katago  : parseRawResult: minVisits=0 finalSuggestions=0 maxVisits=0
02-07 11:45:51.426  8188  8188 W Katago  : Analysis empty suggestions: totalVisits=0 session=PLAY mode=QUICK isModelReady=true analyzedMoves=0 (check parseRawResult/minVisits or native empty)
02-07 11:45:51.441  8188  8188 D Katago  : EngineOrchestrator process state=Ready event=AnalysisDone
02-07 11:45:51.501  8188  8215 I .katago.android: Compiler allocated 5402KB to compile void com.katago.android.ui.play.PlayBoardSectionKt.BoardAndControls(androidx.compose.ui.Modifier, com.katago.android.engine.UiState, com.katago.android.engine.TokenState, com.katago.android.audio.SoundPlayer, boolean, com.katago.android.engine.BoardCoord, kotlin.jvm.functions.Function1, kotlin.jvm.functions.Function1, kotlin.jvm.functions.Function1, com.katago.android.ui.play.PlayScreenCallbacks, com.katago.android.MainActivity, androidx.compose.ui.hapticfeedback.HapticFeedback, androidx.compose.runtime.Composer, int, int, int)
02-07 11:45:51.879  8188  8188 I PlayMode: waitingBotMove: moveCount=0 botIsBlack=true humanColor=WHITE ready=false visits=0 mode=QUICK isVariation=false
02-07 11:45:52.384  8188  8188 I PlayMode: waitingBotMove: moveCount=0 botIsBlack=true humanColor=WHITE ready=false visits=0 mode=QUICK isVariation=false
02-07 11:45:52.746  8188  8188 I VRI[MainActivity]@e6af973: ViewPostIme pointer 0
02-07 11:45:52.760  8188  8188 I VRI[MainActivity]@e6af973: call setFrameRateCategory for touch hint category=no preference, reason=boost timeout, vri=VRI[MainActivity]@e6af973
02-07 11:45:52.857  8188  8188 I VRI[MainActivity]@e6af973: ViewPostIme pointer 1
02-07 11:45:52.858  8188  8188 I VRI[MainActivity]@e6af973: call setFrameRateCategory for touch hint category=high hint, reason=touch, vri=VRI[MainActivity]@e6af973
02-07 11:45:52.893  8188  8188 I Dialog  : mIsDeviceDefault = false, mIsSamsungBasicInteraction = false, isMetaDataInActivity = false
02-07 11:45:52.896  8188  8188 I DecorView: setWindowBackground: isPopOver=false color=0 d=android.graphics.drawable.ColorDrawable@63e6ba5
02-07 11:45:52.902  8188  8188 W WindowOnBackDispatcher: OnBackInvokedCallback is not enabled for the application.
02-07 11:45:52.902  8188  8188 W WindowOnBackDispatcher: Set 'android:enableOnBackInvokedCallback="true"' in the application manifest.
02-07 11:45:52.902  8188  8188 I WindowManager: WindowManagerGlobal#addView, ty=2, view=com.android.internal.policy.DecorView{440872a V.E...... R.....I. 0,0-0,0}[MainActivity], caller=android.view.WindowManagerImpl.addView:158 android.app.Dialog.show:540 androidx.compose.ui.window.AndroidDialog_androidKt$Dialog$1.invoke:184 
02-07 11:45:52.903  8188  8188 I ViewRootImpl: dVRR is disabled
02-07 11:45:52.903  8188  8760 D NativeCustomFrequencyManager: [NativeCFMS] BpCustomFrequencyManager::BpCustomFrequencyManager()
02-07 11:45:52.913  8188  8188 D InputTransport: Input channel constructed: 'ba03b3f', fd=376
02-07 11:45:52.914  8188  8188 I InsetsController: onStateChanged: host=com.katago.android/com.katago.android.MainActivity, from=android.view.ViewRootImpl.onInsetsStateChanged:3026, state=InsetsState: {mDisplayFrame=Rect(0, 0 - 1080, 2340), mDisplayCutout=DisplayCutout{insets=Rect(0, 80 - 0, 0) waterfall=Insets{left=0, top=0, right=0, bottom=0} boundingRect={Bounds=[Rect(0, 0 - 0, 0), Rect(472, 0 - 608, 80), Rect(0, 0 - 0, 0), Rect(0, 0 - 0, 0)]} cutoutPathParserInfo={CutoutPathParserInfo{displayWidth=1080 displayHeight=2340 physicalDisplayWidth=1080 physicalDisplayHeight=2340 density={2.8125} cutoutSpec={M 0,0 H -24.177777778 V 28.4444444444 H 24.177777778 V 0 H 0 Z @dp} rotation={0} scale={1.0} physicalPixelDisplaySizeRatio={1.0}}} sideOverrides={}}, mRoundedCorners=RoundedCorners{[RoundedCorner{position=TopLeft, radius=113, center=Point(113, 113)}, RoundedCorner{position=TopRight, radius=113, center=Point(967, 113)}, RoundedCorner{position=BottomRight, radius=113, center=Point(967, 2227)}, RoundedCorner{position=BottomLeft, radius=113, center=Point(113, 2227)}]}  mRoundedCornerFrame=Rect(0, 0 - 1080, 2340), mPrivacyIndicatorBounds=PrivacyIndicatorBounds {static bounds=Rect(956, 0 - 1080, 80) rotation=0}, mDisplayShape=DisplayShape{ spec=-311912193 displayWidth=1080 displayHeight=2340 physicalPixelDisplaySizeRatio=1.0 rotation=0 offsetX=0 offsetY=0 scale=1.0}, mSources= { InsetsSource: {db440000 mType=statusBars mFrame=[0,0][1080,80] mVisible=true mFlags= mSideHint=TOP mBoundingRects=null}, InsetsSource: {db440005 mType=mandatorySystemGestures mFrame=[0,0][1080,114] mVisible=true mFlags= mSideHint=TOP mBoundingRects=null}, InsetsSource: {db440006 mType=tappableElement mFrame=[0,0][1080,80] mVisible=true mFlags= mSideHint=TOP mBoundingRects=null}, InsetsSource: {3 mType=ime mFrame=[0,0][0,0] mVisible=false mFlags= mSideHint=NONE mBoundingRects=null}, InsetsSource: {27 mType=displayCutout mFrame=[0,0][1080,80] mVisible=true mFlags= mSideHint=TOP mBoundingRects=null}, InsetsSource: {8660001 mType=navigationBars mFrame=[0,2205][1080,2340] mVisible=true mFlags= mSideHint=BOTTOM mBoundingRects=null}, InsetsSource: {8660004 mType=systemGestures mFrame=[0,0][0,0] mVisible=true mFlags= mSideHint=NONE mBoundingRects=null}, InsetsSource: {8660005 mType=mandatorySystemGestures mFrame=[0,2205][1080,2340] mVisible=true mFlags= mSideHint=BOTTOM mBoundingRects=null}, InsetsSource: {8660006 mType=tappableElement mFrame=[0,2205][1080,2340] mVisible=true mFlags= mSideHint=BOTTOM mBoundingRects=null}, InsetsSource: {8660024 mType=systemGestures mFrame=[0,0][0,0] mVisible=true mFlags= mSideHint=NONE mBoundingRects=null} }
02-07 11:45:52.914  8188  8188 I VRI[MainActivity]@d24891b: synced displayState. AttachInfo displayState=2
02-07 11:45:52.916  8188  8188 I VRI[MainActivity]@d24891b: setView = com.android.internal.policy.DecorView@440872a IsHRR=false mFlingFrameRateChange=0 TM=true
02-07 11:45:52.987  8188  8188 I InsetsSourceConsumer: applyRequestedVisibilityToControl: visible=true, type=navigationBars, host=com.katago.android/com.katago.android.MainActivity
02-07 11:45:52.988  8188  8188 I InsetsSourceConsumer: applyRequestedVisibilityToControl: visible=true, type=statusBars, host=com.katago.android/com.katago.android.MainActivity
02-07 11:45:52.989  8188  8188 D BufferQueueConsumer: [](id:1ffc00000003,api:0,p:-1,c:8188) connect: controlledByApp=false
02-07 11:45:52.989  8188  8188 I BLASTBufferQueue: [VRI[MainActivity]@d24891b#2](f:0,a:0,s:0) constructor()
02-07 11:45:52.989  8188  8188 I BLASTBufferQueue_Java: new BLASTBufferQueue, mName= VRI[MainActivity]@d24891b mNativeObject= 0xb400007cb8d67800 caller= android.view.ViewRootImpl.updateBlastSurfaceIfNeeded:3585 android.view.ViewRootImpl.relayoutWindow:11685 android.view.ViewRootImpl.performTraversals:4804 android.view.ViewRootImpl.doTraversal:3924 android.view.ViewRootImpl$TraversalRunnable.run:12903 android.view.Choreographer$CallbackRecord.run:1901 android.view.Choreographer$CallbackRecord.run:1910 android.view.Choreographer.doCallbacks:1367 android.view.Choreographer.doFrame:1292 android.view.Choreographer$FrameDisplayEventReceiver.run:1870 
02-07 11:45:52.989  8188  8188 I BLASTBufferQueue_Java: update, w= 1080 h= 2085 mName = VRI[MainActivity]@d24891b mNativeObject= 0xb400007cb8d67800 sc.mNativeObject= 0xb4000079410cea00 format= -2 caller= android.view.ViewRootImpl.updateBlastSurfaceIfNeeded:3590 android.view.ViewRootImpl.relayoutWindow:11685 android.view.ViewRootImpl.performTraversals:4804 android.view.ViewRootImpl.doTraversal:3924 android.view.ViewRootImpl$TraversalRunnable.run:12903 android.view.Choreographer$CallbackRecord.run:1901 
02-07 11:45:52.989  8188  8188 I BLASTBufferQueue: [VRI[MainActivity]@d24891b#2](f:0,a:0,s:0) update width=1080 height=2085 format=-2 mTransformHint=0
02-07 11:45:52.990  8188  8188 I VRI[MainActivity]@d24891b: Relayout returned: old=(0,80,1080,2205) new=(90,190,990,2095) relayoutAsync=false req=(900,1905)0 dur=5 res=0x3 s={true 0xb4000079414e2300} ch=true seqId=0
02-07 11:45:52.990  8188  8188 I VRI[MainActivity]@d24891b: performConfigurationChange setNightDimText nightDimLevel=0
02-07 11:45:52.990  8188  8188 D VRI[MainActivity]@d24891b: mThreadedRenderer.initialize() mSurface={isValid=true 0xb4000079414e2300} hwInitialized=true
02-07 11:45:53.003  8188  8188 D VRI[MainActivity]@d24891b: reportNextDraw android.view.ViewRootImpl.performTraversals:5443 android.view.ViewRootImpl.doTraversal:3924 android.view.ViewRootImpl$TraversalRunnable.run:12903 android.view.Choreographer$CallbackRecord.run:1901 android.view.Choreographer$CallbackRecord.run:1910 
02-07 11:45:53.003  8188  8188 D VRI[MainActivity]@d24891b: Setup new sync=wmsSync-VRI[MainActivity]@d24891b#4
02-07 11:45:53.003  8188  8188 I VRI[MainActivity]@d24891b: Creating new active sync group VRI[MainActivity]@d24891b#5
02-07 11:45:53.003  8188  8188 D VRI[MainActivity]@d24891b: registerCallbacksForSync syncBuffer=false
02-07 11:45:53.014  8188  9020 D VRI[MainActivity]@d24891b: Received frameDrawingCallback syncResult=0 frameNum=1.
02-07 11:45:53.014  8188  9020 I VRI[MainActivity]@d24891b: mWNT: t=0xb400007c53e32400 mBlastBufferQueue=0xb400007cb8d67800 fn= 1 HdrRenderState mRenderHdrSdrRatio=1.0 caller= android.view.ViewRootImpl$12.onFrameDraw:15441 android.view.ThreadedRenderer$1.onFrameDraw:718 <bottom of call stack> 
02-07 11:45:53.014  8188  9020 I VRI[MainActivity]@d24891b: Setting up sync and frameCommitCallback
02-07 11:45:53.015  8188  8760 I BLASTBufferQueue: [VRI[MainActivity]@d24891b#2](f:0,a:0,s:0) onFrameAvailable the first frame is available
02-07 11:45:53.015  8188  8760 I BLASTBufferQueue: [VRI[MainActivity]@d24891b#2](f:0,a:1,s:0) acquireNextBufferLocked size=1080x2085 mFrameNumber=1 applyTransaction=true mTimestamp=159704099931(auto) mPendingTransactions.size=0 graphicBufferId=35167192219716 transform=0
02-07 11:45:53.015  8188  8760 I VRI[MainActivity]@d24891b: Received frameCommittedCallback lastAttemptedDrawFrameNum=1 didProduceBuffer=true
02-07 11:45:53.016  8188  8760 D HWUI    : CFMS:: SetUp Pid : 8188    Tid : 8760
02-07 11:45:53.017  8188  8188 D VRI[MainActivity]@d24891b: reportDrawFinished seqId=0
02-07 11:45:53.018  8188  8188 D Katago  : analysis_state_machine intent submitted session=PLAY movesHash=-3750763034362895579
02-07 11:45:53.020  8188  8188 D Katago  : intent_update source=TRIGGER_QUICK session=PLAY movesHash=-3750763034362895579
02-07 11:45:53.021  8188  8188 I PlayMode: waitingBotMove: moveCount=0 botIsBlack=true humanColor=WHITE ready=false visits=0 mode=QUICK isVariation=false
02-07 11:45:53.022  8188  8188 D Katago  : EngineOrchestrator process state=Ready event=StartAnalysis
02-07 11:45:53.023  8188  8188 D Katago  : EngineOrchestrator process state=Analyzing event=AnalysisDone
02-07 11:45:53.023  8188  9005 I Katago  : triggerAnalysis start mode=QUICK budget=2333 (time-only)
02-07 11:45:53.036  8188  8760 D HWUI    : HWUI - treat SMPTE_170M as sRGB
02-07 11:45:53.045  8188  8188 I BLASTBufferQueue_Java: update, w= 1080 h= 2085 mName = VRI[MainActivity]@d24891b mNativeObject= 0xb400007cb8d67800 sc.mNativeObject= 0xb4000079410cea00 format= -2 caller= android.view.ViewRootImpl.updateBlastSurfaceIfNeeded:3574 android.view.ViewRootImpl.relayoutWindow:11685 android.view.ViewRootImpl.performTraversals:4804 android.view.ViewRootImpl.doTraversal:3924 android.view.ViewRootImpl$TraversalRunnable.run:12903 android.view.Choreographer$CallbackRecord.run:1901 
02-07 11:45:53.045  8188  8188 I VRI[MainActivity]@d24891b: Relayout returned: old=(90,190,990,2095) new=(90,190,990,2095) relayoutAsync=true req=(900,1905)0 dur=0 res=0x0 s={true 0xb4000079414e2300} ch=false seqId=0
02-07 11:45:53.048  8188  8188 I VRI[MainActivity]@d24891b: registerCallbackForPendingTransactions
02-07 11:45:53.048  8188  9020 I VRI[MainActivity]@d24891b: mWNT: t=0xb400007c53e32580 mBlastBufferQueue=0xb400007cb8d67800 fn= 2 HdrRenderState mRenderHdrSdrRatio=1.0 caller= android.view.ViewRootImpl$10.onFrameDraw:6536 android.view.ViewRootImpl$4.onFrameDraw:2489 android.view.ThreadedRenderer$1.onFrameDraw:718 
02-07 11:45:53.050  8188  8188 I ImeFocusController: onPreWindowFocus: skipped hasWindowFocus=false mHasImeFocus=true
02-07 11:45:53.051  8188  8188 I ImeFocusController: onPostWindowFocus: skipped hasWindowFocus=false mHasImeFocus=true
02-07 11:45:53.054  8188  9776 I Katago  : analyze start budgetMs=2333 maxVisits=0 size=19 moves=0
02-07 11:45:53.058  8188  9776 D Katago  : parseRawResult: outSize=0 actualFloats=6 n=0 totalVisits=0
02-07 11:45:53.059  8188  9776 D Katago  : parseRawResult: suggestionsRaw=0 finalWithPv=0 legal=0
02-07 11:45:53.060  8188  8188 D VRI[MainActivity]@d24891b: mThreadedRenderer.initializeIfNeeded()#2 mSurface={isValid=true 0xb4000079414e2300}
02-07 11:45:53.060  8188  9776 D Katago  : parseRawResult: minVisits=0 finalSuggestions=0 maxVisits=0
02-07 11:45:53.061  8188  8188 D InputMethodManagerUtils: startInputInner - Id : 0
02-07 11:45:53.061  8188  8188 I InputMethodManager: startInputInner - IInputMethodManagerGlobalInvoker.startInputOrWindowGainedFocus
02-07 11:45:53.064  8188  8188 W Katago  : Analysis empty suggestions: totalVisits=0 session=PLAY mode=QUICK isModelReady=true analyzedMoves=0 (check parseRawResult/minVisits or native empty)
02-07 11:45:53.069  8188  9030 D InputTransport: Input channel constructed: 'ClientS', fd=682
02-07 11:45:53.095  8188  8188 I BLASTBufferQueue_Java: update, w= 1080 h= 2085 mName = VRI[MainActivity]@d24891b mNativeObject= 0xb400007cb8d67800 sc.mNativeObject= 0xb4000079410cea00 format= -2 caller= android.view.ViewRootImpl.updateBlastSurfaceIfNeeded:3574 android.view.ViewRootImpl.relayoutWindow:11685 android.view.ViewRootImpl.performTraversals:4804 android.view.ViewRootImpl.doTraversal:3924 android.view.ViewRootImpl$TraversalRunnable.run:12903 android.view.Choreographer$CallbackRecord.run:1901 
02-07 11:45:53.095  8188  8188 I VRI[MainActivity]@d24891b: Relayout returned: old=(90,190,990,2095) new=(90,190,990,2095) relayoutAsync=true req=(900,1905)0 dur=0 res=0x0 s={true 0xb4000079414e2300} ch=false seqId=0
02-07 11:45:53.096  8188  8188 I VRI[MainActivity]@d24891b: registerCallbackForPendingTransactions
02-07 11:45:53.103  8188  9020 I VRI[MainActivity]@d24891b: mWNT: t=0xb400007c52a5ff00 mBlastBufferQueue=0xb400007cb8d67800 fn= 3 HdrRenderState mRenderHdrSdrRatio=1.0 caller= android.view.ViewRootImpl$10.onFrameDraw:6536 android.view.ViewRootImpl$4.onFrameDraw:2489 android.view.ThreadedRenderer$1.onFrameDraw:718 
02-07 11:45:53.105  8188  8188 D Katago  : EngineOrchestrator process state=Ready event=AnalysisDone
02-07 11:45:53.108  8188  8188 I InputMethodManager: handleMessage: setImeVisibility visible=false
02-07 11:45:53.108  8188  8188 D InsetsController: hide(ime(), fromIme=false)
02-07 11:45:53.109  8188  8188 I ImeTracker: com.katago.android:efb455b2: onCancelled at PHASE_CLIENT_ALREADY_HIDDEN
02-07 11:45:53.177  8188  8188 I BLASTBufferQueue_Java: update, w= 1080 h= 2085 mName = VRI[MainActivity]@d24891b mNativeObject= 0xb400007cb8d67800 sc.mNativeObject= 0xb4000079410cea00 format= -2 caller= android.view.ViewRootImpl.updateBlastSurfaceIfNeeded:3574 android.view.ViewRootImpl.relayoutWindow:11685 android.view.ViewRootImpl.performTraversals:4804 android.view.ViewRootImpl.doTraversal:3924 android.view.ViewRootImpl$TraversalRunnable.run:12903 android.view.Choreographer$CallbackRecord.run:1901 
02-07 11:45:53.177  8188  8188 I VRI[MainActivity]@d24891b: Relayout returned: old=(90,190,990,2095) new=(90,190,990,2095) relayoutAsync=true req=(900,1905)0 dur=0 res=0x0 s={true 0xb4000079414e2300} ch=false seqId=0
02-07 11:45:53.178  8188  8188 I VRI[MainActivity]@d24891b: registerCallbackForPendingTransactions
02-07 11:45:53.183  8188  9020 I VRI[MainActivity]@d24891b: mWNT: t=0xb400007c52a60800 mBlastBufferQueue=0xb400007cb8d67800 fn= 5 HdrRenderState mRenderHdrSdrRatio=1.0 caller= android.view.ViewRootImpl$10.onFrameDraw:6536 android.view.ViewRootImpl$4.onFrameDraw:2489 android.view.ThreadedRenderer$1.onFrameDraw:718 
02-07 11:45:53.527  8188  8188 I PlayMode: waitingBotMove: moveCount=0 botIsBlack=true humanColor=WHITE ready=false visits=0 mode=QUICK isVariation=false
02-07 11:45:54.033  8188  8188 I PlayMode: waitingBotMove: moveCount=0 botIsBlack=true humanColor=WHITE ready=false visits=0 mode=QUICK isVariation=false
02-07 11:45:54.034  8188  8188 I VRI[MainActivity]@d24891b: ViewPostIme pointer 0
02-07 11:45:54.039  8188  8188 I VRI[MainActivity]@d24891b: call setFrameRateCategory for touch hint category=high hint, reason=touch, vri=VRI[MainActivity]@d24891b
02-07 11:45:54.156  8188  8188 I VRI[MainActivity]@d24891b: ViewPostIme pointer 1
02-07 11:45:54.203  8188  8188 I BLASTBufferQueue_Java: update, w= 1080 h= 2085 mName = VRI[MainActivity]@d24891b mNativeObject= 0xb400007cb8d67800 sc.mNativeObject= 0xb4000079410cea00 format= -2 caller= android.view.ViewRootImpl.updateBlastSurfaceIfNeeded:3574 android.view.ViewRootImpl.relayoutWindow:11685 android.view.ViewRootImpl.performTraversals:4804 android.view.ViewRootImpl.doTraversal:3924 android.view.ViewRootImpl$TraversalRunnable.run:12903 android.view.Choreographer$CallbackRecord.run:1901 
02-07 11:45:54.203  8188  8188 I VRI[MainActivity]@d24891b: Relayout returned: old=(90,190,990,2095) new=(90,190,990,2095) relayoutAsync=true req=(900,1905)0 dur=0 res=0x0 s={true 0xb4000079414e2300} ch=false seqId=0
02-07 11:45:54.204  8188  8188 I VRI[MainActivity]@d24891b: registerCallbackForPendingTransactions
02-07 11:45:54.211  8188  9020 I VRI[MainActivity]@d24891b: mWNT: t=0xb400007c52a60980 mBlastBufferQueue=0xb400007cb8d67800 fn= 12 HdrRenderState mRenderHdrSdrRatio=1.0 caller= android.view.ViewRootImpl$10.onFrameDraw:6536 android.view.ViewRootImpl$4.onFrameDraw:2489 android.view.ThreadedRenderer$1.onFrameDraw:718 
02-07 11:45:54.293  8188  8216 W .katago.android: Cleared Reference was only reachable from finalizer (only reported once)
02-07 11:45:54.334  8188  8217 D InputTransport: Input channel destroyed: 'ClientS', fd=304
02-07 11:45:54.335  8188  8217 D InputTransport: Input channel destroyed: 'ClientS', fd=682
02-07 11:45:54.536  8188  8188 D Katago  : analysis_state_machine intent submitted session=PLAY movesHash=-3750763034362895579
02-07 11:45:54.538  8188  8188 D Katago  : intent_update source=TRIGGER_QUICK session=PLAY movesHash=-3750763034362895579
02-07 11:45:54.539  8188  8188 I PlayMode: waitingBotMove: moveCount=0 botIsBlack=true humanColor=WHITE ready=false visits=0 mode=QUICK isVariation=false
02-07 11:45:54.541  8188  8188 D Katago  : EngineOrchestrator process state=Ready event=StartAnalysis
02-07 11:45:54.544  8188  8188 D Katago  : EngineOrchestrator process state=Analyzing event=AnalysisDone
02-07 11:45:54.544  8188  9776 I Katago  : triggerAnalysis start mode=QUICK budget=2333 (time-only)
02-07 11:45:54.548  8188  9776 I Katago  : analyze start budgetMs=2333 maxVisits=0 size=19 moves=0
02-07 11:45:54.551  8188  9776 D Katago  : parseRawResult: outSize=0 actualFloats=6 n=0 totalVisits=0
02-07 11:45:54.552  8188  9776 D Katago  : parseRawResult: suggestionsRaw=0 finalWithPv=0 legal=0
02-07 11:45:54.553  8188  9776 D Katago  : parseRawResult: minVisits=0 finalSuggestions=0 maxVisits=0
02-07 11:45:54.556  8188  8188 W Katago  : Analysis empty suggestions: totalVisits=0 session=PLAY mode=QUICK isModelReady=true analyzedMoves=0 (check parseRawResult/minVisits or native empty)
02-07 11:45:54.559  8188  8188 D Katago  : EngineOrchestrator process state=Ready event=AnalysisDone
02-07 11:45:54.585  8188  8188 I BLASTBufferQueue_Java: update, w= 1080 h= 2085 mName = VRI[MainActivity]@d24891b mNativeObject= 0xb400007cb8d67800 sc.mNativeObject= 0xb4000079410cea00 format= -2 caller= android.view.ViewRootImpl.updateBlastSurfaceIfNeeded:3574 android.view.ViewRootImpl.relayoutWindow:11685 android.view.ViewRootImpl.performTraversals:4804 android.view.ViewRootImpl.doTraversal:3924 android.view.ViewRootImpl$TraversalRunnable.run:12903 android.view.Choreographer$CallbackRecord.run:1901 
02-07 11:45:54.585  8188  8188 I VRI[MainActivity]@d24891b: Relayout returned: old=(90,190,990,2095) new=(90,190,990,2095) relayoutAsync=true req=(900,1905)0 dur=0 res=0x0 s={true 0xb4000079414e2300} ch=false seqId=0
02-07 11:45:54.585  8188  8188 I VRI[MainActivity]@d24891b: registerCallbackForPendingTransactions
02-07 11:45:54.591  8188  9020 I VRI[MainActivity]@d24891b: mWNT: t=0xb400007c52a60c80 mBlastBufferQueue=0xb400007cb8d67800 fn= 42 HdrRenderState mRenderHdrSdrRatio=1.0 caller= android.view.ViewRootImpl$10.onFrameDraw:6536 android.view.ViewRootImpl$4.onFrameDraw:2489 android.view.ThreadedRenderer$1.onFrameDraw:718 
02-07 11:45:54.676  8188  8188 I VRI[MainActivity]@d24891b: ViewPostIme pointer 0
02-07 11:45:54.789  8188  8188 I VRI[MainActivity]@d24891b: ViewPostIme pointer 1
02-07 11:45:54.837  8188  8188 I BLASTBufferQueue_Java: update, w= 1080 h= 2085 mName = VRI[MainActivity]@d24891b mNativeObject= 0xb400007cb8d67800 sc.mNativeObject= 0xb4000079410cea00 format= -2 caller= android.view.ViewRootImpl.updateBlastSurfaceIfNeeded:3574 android.view.ViewRootImpl.relayoutWindow:11685 android.view.ViewRootImpl.performTraversals:4804 android.view.ViewRootImpl.doTraversal:3924 android.view.ViewRootImpl$TraversalRunnable.run:12903 android.view.Choreographer$CallbackRecord.run:1901 
02-07 11:45:54.837  8188  8188 I VRI[MainActivity]@d24891b: Relayout returned: old=(90,190,990,2095) new=(90,190,990,2095) relayoutAsync=true req=(900,1905)0 dur=0 res=0x0 s={true 0xb4000079414e2300} ch=false seqId=0
02-07 11:45:54.838  8188  8188 I VRI[MainActivity]@d24891b: registerCallbackForPendingTransactions
02-07 11:45:54.844  8188  9020 I VRI[MainActivity]@d24891b: mWNT: t=0xb400007c52a60e00 mBlastBufferQueue=0xb400007cb8d67800 fn= 58 HdrRenderState mRenderHdrSdrRatio=1.0 caller= android.view.ViewRootImpl$10.onFrameDraw:6536 android.view.ViewRootImpl$4.onFrameDraw:2489 android.view.ThreadedRenderer$1.onFrameDraw:718 
02-07 11:45:55.046  8188  8188 I PlayMode: waitingBotMove: moveCount=0 botIsBlack=true humanColor=WHITE ready=false visits=0 mode=QUICK isVariation=false
02-07 11:45:55.232  8188  8188 I VRI[MainActivity]@d24891b: ViewPostIme pointer 0
02-07 11:45:55.356  8188  8188 I VRI[MainActivity]@d24891b: ViewPostIme pointer 1
02-07 11:45:55.358  8188  8188 I PlayMode: startGame: levelIndex=27 strength01=0.100000024 strengthZ=-1.5999999 levelLabel=珥덈낫 3 humanColor=BLACK botIsBlack=false timeRange=2.2s~2.2s randTemp=2.035 avoidUtility=1.8460001 scoreUtility=0.8125
02-07 11:45:55.360  8188  9776 I Katago  : Overwriting configs (CPU only, Level: 0, Visits: unlimited)
02-07 11:45:55.371  8188  9776 I Katago  : CPU Low Freq (2200000000 Hz) -> Conservative Threads (7)
02-07 11:45:55.373  8188  9776 I Katago  : CPU Config: Threads=7, Batch=2, Cache=2^15
02-07 11:45:55.380  8188  9776 I Katago  : analysis.cfg len=741 includeTuned=false
02-07 11:45:55.381  8188  9776 I Katago  : play.cfg written: chosenMoveTemp=2.035 wideRootNoise=0.188 cpuct=9.175 cpuctLog=9.175 cpuctBase=3580.0 avoidRepeatUtility=1.8460001 staticScoreUtility=0.8125 maxVisits=0
02-07 11:45:55.382  8188  9776 I Katago  : play.cfg len=661 includeTuned=false
02-07 11:45:55.383  8188  9776 I Katago  : ensureConfigFile: success
02-07 11:45:55.387  8188  9775 I Katago  : Overwriting configs (CPU only, Level: 0, Visits: unlimited)
02-07 11:45:55.395  8188  9775 I Katago  : CPU Low Freq (2200000000 Hz) -> Conservative Threads (7)
02-07 11:45:55.396  8188  9775 I Katago  : CPU Config: Threads=7, Batch=2, Cache=2^15
02-07 11:45:55.404  8188  9775 I Katago  : analysis.cfg len=741 includeTuned=false
02-07 11:45:55.405  8188  9775 I Katago  : play.cfg written: chosenMoveTemp=2.035 wideRootNoise=0.188 cpuct=9.175 cpuctLog=9.175 cpuctBase=3580.0 avoidRepeatUtility=1.8460001 staticScoreUtility=0.8125 maxVisits=0
02-07 11:45:55.407  8188  9775 I Katago  : play.cfg len=661 includeTuned=false
02-07 11:45:55.408  8188  9775 I Katago  : ensureConfigFile: success
02-07 11:45:55.412  8188  8188 D Katago  : EngineOrchestrator process state=Ready event=StartAnalysis
02-07 11:45:55.412  8188  9775 D GameStateUseCase: Clearing saved game state (empty game)
02-07 11:45:55.414  8188  8188 D Katago  : EngineOrchestrator process state=Analyzing event=AnalysisDone
02-07 11:45:55.414  8188  9776 I Katago  : triggerAnalysis start mode=QUICK budget=2200 (time-only)
02-07 11:45:55.414  8188  8188 D Katago  : analysis_state_machine intent submitted session=PLAY movesHash=-3750763034362895579
02-07 11:45:55.416  8188  8188 D Katago  : intent_update source=NEW_GAME session=PLAY movesHash=-3750763034362895579
02-07 11:45:55.421  8188  9005 I Katago  : analyze start budgetMs=2200 maxVisits=0 size=19 moves=0
02-07 11:45:55.425  8188  9005 D Katago  : parseRawResult: outSize=0 actualFloats=6 n=0 totalVisits=0
02-07 11:45:55.426  8188  9005 D Katago  : parseRawResult: suggestionsRaw=0 finalWithPv=0 legal=0
02-07 11:45:55.426  8188  9005 D Katago  : parseRawResult: minVisits=0 finalSuggestions=0 maxVisits=0
02-07 11:45:55.441  8188  8188 I WindowManager: WindowManagerGlobal#removeView, ty=2, view=com.android.internal.policy.DecorView{440872a V.E...... R....... 0,0-900,1905 aid=1073741825}[MainActivity], caller=android.view.WindowManagerGlobal.removeView:654 android.view.WindowManagerImpl.removeViewImmediate:216 android.app.Dialog.dismissDialog:850 
02-07 11:45:55.441  8188  8188 W WindowOnBackDispatcher: sendCancelIfRunning: isInProgress=false callback=android.view.ViewRootImpl$$ExternalSyntheticLambda16@1a697b7
02-07 11:45:55.452  8188  8760 D HWUI    : endAllActiveAnimators on 0xb400007ba01b5000 (UnprojectedRipple) with handle 0xb400007917d2b7e0
02-07 11:45:55.453  8188  8188 I VRI[MainActivity]@d24891b: dispatchDetachedFromWindow
02-07 11:45:55.453  8188  8188 I BLASTBufferQueue: [VRI[MainActivity]@d24891b#2](f:0,a:3,s:0) destructor()
02-07 11:45:55.453  8188  8188 D BufferQueueConsumer: [VRI[MainActivity]@d24891b#2(BLAST Consumer)2](id:1ffc00000003,api:0,p:-1,c:8188) disconnect
02-07 11:45:55.465  8188  8188 D InputTransport: Input channel destroyed: 'ba03b3f', fd=376
02-07 11:45:55.477  8188  8188 W Katago  : Analysis empty suggestions: totalVisits=0 session=PLAY mode=QUICK isModelReady=true analyzedMoves=0 (check parseRawResult/minVisits or native empty)
02-07 11:45:55.498  8188  8188 I InsetsController: onStateChanged: host=com.katago.android/com.katago.android.MainActivity, from=android.view.ViewRootImpl.onInsetsStateChanged:3026, state=InsetsState: {mDisplayFrame=Rect(0, 0 - 1080, 2340), mDisplayCutout=DisplayCutout{insets=Rect(0, 80 - 0, 0) waterfall=Insets{left=0, top=0, right=0, bottom=0} boundingRect={Bounds=[Rect(0, 0 - 0, 0), Rect(472, 0 - 608, 80), Rect(0, 0 - 0, 0), Rect(0, 0 - 0, 0)]} cutoutPathParserInfo={CutoutPathParserInfo{displayWidth=1080 displayHeight=2340 physicalDisplayWidth=1080 physicalDisplayHeight=2340 density={2.8125} cutoutSpec={M 0,0 H -24.177777778 V 28.4444444444 H 24.177777778 V 0 H 0 Z @dp} rotation={0} scale={1.0} physicalPixelDisplaySizeRatio={1.0}}} sideOverrides={}}, mRoundedCorners=RoundedCorners{[RoundedCorner{position=TopLeft, radius=113, center=Point(113, 113)}, RoundedCorner{position=TopRight, radius=113, center=Point(967, 113)}, RoundedCorner{position=BottomRight, radius=113, center=Point(967, 2227)}, RoundedCorner{position=BottomLeft, radius=113, center=Point(113, 2227)}]}  mRoundedCornerFrame=Rect(0, 0 - 1080, 2340), mPrivacyIndicatorBounds=PrivacyIndicatorBounds {static bounds=Rect(956, 0 - 1080, 80) rotation=0}, mDisplayShape=DisplayShape{ spec=-311912193 displayWidth=1080 displayHeight=2340 physicalPixelDisplaySizeRatio=1.0 rotation=0 offsetX=0 offsetY=0 scale=1.0}, mSources= { InsetsSource: {db440000 mType=statusBars mFrame=[0,0][1080,80] mVisible=true mFlags= mSideHint=TOP mBoundingRects=null}, InsetsSource: {db440005 mType=mandatorySystemGestures mFrame=[0,0][1080,114] mVisible=true mFlags= mSideHint=TOP mBoundingRects=null}, InsetsSource: {db440006 mType=tappableElement mFrame=[0,0][1080,80] mVisible=true mFlags= mSideHint=TOP mBoundingRects=null}, InsetsSource: {27 mType=displayCutout mFrame=[0,0][1080,80] mVisible=true mFlags= mSideHint=TOP mBoundingRects=null}, InsetsSource: {8660001 mType=navigationBars mFrame=[0,2205][1080,2340] mVisible=true mFlags= mSideHint=BOTTOM mBoundingRects=null}, InsetsSource: {8660004 mType=systemGestures mFrame=[0,0][0,0] mVisible=true mFlags= mSideHint=NONE mBoundingRects=null}, InsetsSource: {8660005 mType=mandatorySystemGestures mFrame=[0,2205][1080,2340] mVisible=true mFlags= mSideHint=BOTTOM mBoundingRects=null}, InsetsSource: {8660006 mType=tappableElement mFrame=[0,2205][1080,2340] mVisible=true mFlags= mSideHint=BOTTOM mBoundingRects=null}, InsetsSource: {8660024 mType=systemGestures mFrame=[0,0][0,0] mVisible=true mFlags= mSideHint=NONE mBoundingRects=null} }
02-07 11:45:55.499  8188  8188 I InsetsSourceConsumer: applyRequestedVisibilityToControl: visible=true, type=navigationBars, host=com.katago.android/com.katago.android.MainActivity
02-07 11:45:55.499  8188  8188 I InsetsSourceConsumer: applyRequestedVisibilityToControl: visible=true, type=statusBars, host=com.katago.android/com.katago.android.MainActivity
02-07 11:45:55.500  8188  8188 D Katago  : EngineOrchestrator process state=Ready event=AnalysisDone
02-07 11:45:55.502  8188  8188 D VRI[MainActivity]@e6af973: mThreadedRenderer.initializeIfNeeded()#2 mSurface={isValid=true 0xb400007c52b1b000}
02-07 11:45:55.503  8188  8188 D InputMethodManagerUtils: startInputInner - Id : 0
02-07 11:45:55.503  8188  8188 I InputMethodManager: startInputInner - IInputMethodManagerGlobalInvoker.startInputOrWindowGainedFocus
02-07 11:45:55.511  8188  9014 D InputTransport: Input channel constructed: 'ClientS', fd=304
02-07 11:45:55.530  8188  8188 I InputMethodManager: handleMessage: setImeVisibility visible=false
02-07 11:45:55.530  8188  8188 D InsetsController: hide(ime(), fromIme=false)
02-07 11:45:55.530  8188  8188 I ImeTracker: com.katago.android:80b98d50: onCancelled at PHASE_CLIENT_ALREADY_HIDDEN
02-07 11:45:55.859  8188  8188 I VRI[MainActivity]@e6af973: call setFrameRateCategory for touch hint category=no preference, reason=boost timeout, vri=VRI[MainActivity]@e6af973
02-07 11:45:56.541  8188  8188 I VRI[MainActivity]@e6af973: ViewPostIme pointer 0
02-07 11:45:56.547  8188  8188 I VRI[MainActivity]@e6af973: call setFrameRateCategory for touch hint category=high hint, reason=touch, vri=VRI[MainActivity]@e6af973
02-07 11:45:56.699  8188  8188 I VRI[MainActivity]@e6af973: ViewPostIme pointer 1
02-07 11:45:56.723  8188  8188 D Katago  : analysis_state_machine intent submitted session=PLAY movesHash=-3642138391294229450
02-07 11:45:56.724  8188  8188 D Katago  : intent_update source=TRIGGER_QUICK session=PLAY movesHash=-3642138391294229450
02-07 11:45:56.725  8188  8188 I PlayMode: waitingBotMove: moveCount=1 botIsBlack=false humanColor=BLACK ready=false visits=0 mode=QUICK isVariation=false
02-07 11:45:56.725  8188  8188 D Katago  : EngineOrchestrator process state=Ready event=StartAnalysis
02-07 11:45:56.727  8188  8188 D Katago  : EngineOrchestrator process state=Analyzing event=AnalysisDone
02-07 11:45:56.727  8188  9775 I Katago  : triggerAnalysis start mode=QUICK budget=2200 (time-only)
02-07 11:45:56.755  8188  8188 I View    : setRequestedFrameRate frameRate=NaN, this=com.google.android.gms.ads.internal.webview.ai{563b3b6 VFEDHVC.. ........ 0,0-900,140}, caller=android.view.ViewGroup.setRequestedFrameRate:9952 WV.rf.o:1 WV.rg.h:118 WV.rg.onDraw:7 com.android.webview.chromium.WebViewChromium.onDraw:19 
02-07 11:45:56.776  8188  9776 I Katago  : analyze start budgetMs=2200 maxVisits=0 size=19 moves=1
02-07 11:45:56.779  8188  9776 D Katago  : parseRawResult: outSize=0 actualFloats=6 n=0 totalVisits=0
02-07 11:45:56.780  8188  9776 D Katago  : parseRawResult: suggestionsRaw=0 finalWithPv=0 legal=0
02-07 11:45:56.780  8188  9776 D Katago  : parseRawResult: minVisits=0 finalSuggestions=0 maxVisits=0
02-07 11:45:56.806  8188  8188 W Katago  : AnalysisResult: movesHash mismatch (ghost) analyzedHash=-3642138391294229450 currentHash=-3750763034362895579 analyzedSize=1 currentSize=0 -> clear suggestions
02-07 11:45:56.825  8188  8188 I View    : setRequestedFrameRate frameRate=NaN, this=com.google.android.gms.ads.internal.webview.ai{563b3b6 VFEDHVC.. ........ 0,0-900,140}, caller=android.view.ViewGroup.setRequestedFrameRate:9952 WV.rf.o:1 WV.rg.h:118 WV.rg.onDraw:7 com.android.webview.chromium.WebViewChromium.onDraw:19 
02-07 11:45:56.831  8188  8188 D Katago  : EngineOrchestrator process state=Ready event=AnalysisDone
02-07 11:45:57.272  8188  8188 I VRI[MainActivity]@e6af973: ViewPostIme pointer 0
02-07 11:45:57.421  8188  8188 I VRI[MainActivity]@e6af973: ViewPostIme pointer 1
02-07 11:45:57.816  8188  8188 I VRI[MainActivity]@e6af973: ViewPostIme pointer 0
02-07 11:45:57.954  8188  8188 I VRI[MainActivity]@e6af973: ViewPostIme pointer 1
02-07 11:45:58.271  8188  8188 I VRI[MainActivity]@e6af973: ViewPostIme pointer 0
02-07 11:45:58.376  8188  8188 I VRI[MainActivity]@e6af973: ViewPostIme pointer 1
02-07 11:45:58.489  8188  8188 I VRI[MainActivity]@e6af973: ViewPostIme pointer 0
02-07 11:45:58.577  8188  8188 I VRI[MainActivity]@e6af973: ViewPostIme pointer 1
02-07 11:45:58.666  8188  8188 I VRI[MainActivity]@e6af973: ViewPostIme pointer 0
02-07 11:45:58.743  8188  8188 I VRI[MainActivity]@e6af973: ViewPostIme pointer 1
02-07 11:45:58.843  8188  8188 I VRI[MainActivity]@e6af973: ViewPostIme pointer 0
02-07 11:45:58.932  8188  8188 I VRI[MainActivity]@e6af973: ViewPostIme pointer 1
02-07 11:45:59.310  8188  8188 I VRI[MainActivity]@e6af973: ViewPostIme pointer 0
02-07 11:45:59.443  8188  8188 I VRI[MainActivity]@e6af973: ViewPostIme pointer 1
02-07 11:45:59.562  8188  8217 D InputTransport: Input channel destroyed: 'ClientS', fd=304
02-07 11:45:59.795  8188  8188 I VRI[MainActivity]@e6af973: ViewPostIme pointer 0
02-07 11:45:59.920  8188  8188 I VRI[MainActivity]@e6af973: ViewPostIme pointer 1
02-07 11:46:02.922  8188  8188 I VRI[MainActivity]@e6af973: call setFrameRateCategory for touch hint category=no preference, reason=boost timeout, vri=VRI[MainActivity]@e6af973
02-07 11:46:03.320  8188  8188 I VRI[MainActivity]@e6af973: ViewPostIme pointer 0
02-07 11:46:03.326  8188  8188 I VRI[MainActivity]@e6af973: call setFrameRateCategory for touch hint category=high hint, reason=touch, vri=VRI[MainActivity]@e6af973
02-07 11:46:03.430  8188  8188 I VRI[MainActivity]@e6af973: ViewPostIme pointer 1
02-07 11:46:04.176  8188  8188 I VRI[MainActivity]@e6af973: ViewPostIme pointer 0
02-07 11:46:04.262  8188  8188 I VRI[MainActivity]@e6af973: ViewPostIme pointer 1
02-07 11:46:04.296  8188  8188 I AudioTrack: createTrack_l(0): AUDIO_OUTPUT_FLAG_FAST successful; frameCount 0 -> 512
02-07 11:46:04.297  8188  8188 D AudioTrack: setVolume(0.177828, 0.177828) pid : 8188
02-07 11:46:04.342  8188  8188 D Katago  : EngineOrchestrator process state=Ready event=SwitchSession
02-07 11:46:04.343  8188  9005 D GameStateUseCase: Clearing saved game state (empty game)
02-07 11:46:04.344  8188  8188 W WindowOnBackDispatcher: OnBackInvokedCallback is not enabled for the application.
02-07 11:46:04.344  8188  8188 W WindowOnBackDispatcher: Set 'android:enableOnBackInvokedCallback="true"' in the application manifest.
02-07 11:46:04.418  8188  9776 I Kumiho-Kumiho: getPackageName: com.katago.android
02-07 11:46:04.421  8188  9776 I Kumiho-Kumiho: getPackageName: com.katago.android
02-07 11:46:04.423  8188  8188 I DynamiteModule: Considering local module com.google.android.gms.ads.dynamite:0 and remote module com.google.android.gms.ads.dynamite:254380203
02-07 11:46:04.423  8188  8188 I DynamiteModule: Selected remote version of com.google.android.gms.ads.dynamite, version >= 254380203
02-07 11:46:04.423  8188  8188 V DynamiteModule: Dynamite loader version >= 2, using loadModule2NoCrashUtils
02-07 11:46:04.424  8188  8628 I Kumiho-Kumiho: getPackageName: com.katago.android
02-07 11:46:04.424  8188  9775 I Kumiho-Kumiho: getPackageName: com.katago.android
02-07 11:46:04.430  8188  8188 I Ads     : This request is sent from a test device.
02-07 11:46:04.431  8188  8628 I Kumiho-Kumiho: getPackageName: com.katago.android
02-07 11:46:04.436  8188  9776 I Kumiho-Kumiho: getPackageName: com.katago.android
02-07 11:46:04.447  8188  9775 I Kumiho-Kumiho: getPackageName: com.katago.android
02-07 11:46:04.456  8188  8628 I Kumiho-Kumiho: getPackageName: com.katago.android
02-07 11:46:04.457  8188  9776 I Kumiho-Kumiho: getPackageName: com.katago.android
02-07 11:46:04.459  8188  9776 I Kumiho-Kumiho: getPackageName: com.katago.android
02-07 11:46:04.462  8188 14383 W ServiceBindIntentUtils: Dynamic lookup for intent failed for action: com.google.android.gms.ads.service.START
02-07 11:46:04.465  8188  9776 I Kumiho-Kumiho: getPackageName: com.katago.android
02-07 11:46:04.474  8188  8188 D Katago  : analysis_state_machine intent submitted session=ANALYSIS movesHash=-1264646859439032773
02-07 11:46:04.474  8188  9776 D GameStateUseCase: Game state saved: 11 moves, 0 redo moves
