02-07 11:44:20.681  1435  1451 W JobInfo : Job 'com.google.android.providers.media.module/com.android.providers.media.MediaService#-300' has a deadline with no functional constraints. The deadline won't improve job execution latency. Consider removing the deadline.
02-07 11:44:20.682   878   953 I SensorsHub: DeviceOrientation(0): event = 255, time = 67364324328
02-07 11:44:20.685  1435  1470 D WindowOrientationListener: onSensorChanged device orientation: -1
02-07 11:44:20.685  1435  1470 V WindowManager: Computed rotation=ROTATION_0 (0) for display id=0 based on lastOrientation=SCREEN_ORIENTATION_NOSENSOR (5) and oldRotation=ROTATION_0 (0), caller=com.android.server.wm.WindowManagerService.updateRotationUnchecked:72 com.android.server.wm.DisplayRotation$OrientationListener.onProposedRotationChanged:328 com.android.server.wm.WindowOrientationListener$OrientationSensorJudge.finalizeRotation:26 com.android.server.wm.WindowOrientationListener$OrientationSensorJudge.onSensorChanged:392 android.hardware.SystemSensorManager$SensorEventQueue.dispatchSensorEvent:1142 android.os.MessageQueue.nativePollOnce:-2 
02-07 11:44:20.686  1911  1911 D AppController: AppControlSensorListener.onSensorChanged, Rotation: -1
02-07 11:44:20.690  7638  7864 I [UNWFC]-- Util: getSimMobilityStatus from EPDG DB for phoneID : 0 is : 0
02-07 11:44:20.690  7638  7864 I [UNWFC]-- WfcSharedPref: write shared pref : sim_mobility_status value : false PhoneId: 0
02-07 11:44:20.694  7638  7864 I [UNWFC]-- WfcRepository: getmWFCCarrier phoneId: 0 createNewCarrier: false
02-07 11:44:20.694  7638  7864 I [UNWFC]-- WfcRepository: getWfcCarrier phoneId: 0 createNewCarrier: false
02-07 11:44:20.694  7638  7864 I [UNWFC]-- Carrier: is carrier stale: true
02-07 11:44:20.694  7638  7864 I [UNWFC]-- VoWifiSimStateWorker: Create carrier synchronously for phoneId : 0
02-07 11:44:20.695  7638  7864 I [UNWFC]-- UnifiedWfcFactory: createWfcCarrier mccMnc:45005 gid1:null
02-07 11:44:20.695  7638  7864 I [UNWFC]-- Util: getNWPath: /optics/configs/carriers/SKC/conf phoneID: 0
02-07 11:44:20.695  7638  7864 I [UNWFC]-- Util: getOmcCodeByNwPath: SKC For phoneId: 0
02-07 11:44:20.695  7638  7864 I [UNWFC]-- WfcSharedPref: read shared pref : sim_mobility_status value : false PhoneId: 0
02-07 11:44:20.695  7638  7864 I [UNWFC]-- Util: isSimMobilitySupported: falseproduct : m15xskt
02-07 11:44:20.695  7638  7864 I [UNWFC]-- Util: isSeDevice: false product: m15xskt
02-07 11:44:20.695  7638  7864 I [UNWFC]-- Util: isSeDevice: false
02-07 11:44:20.695  7638  7864 I [UNWFC]-- Util: cscSalesCode : SKC
02-07 11:44:20.695  7638  7864 I [UNWFC]-- : skutype:100
02-07 11:44:20.695  7638  7864 I [UNWFC]-- Util: no match found for devices
02-07 11:44:20.695  7638  7864 I [UNWFC]-- Util: mccmnc : 45005 gid1 : null sales : 100
02-07 11:44:20.696  7638  7864 I [UNWFC]-- Util: cursor: android.content.ContentResolver$CursorWrapperInner@ec35eafselection : operatornumeric='45005' and salescode='100'
02-07 11:44:20.696  7638  7864 I [UNWFC]-- Util: BUG in CONFIGURATION : 0
02-07 11:44:20.696  7638  7864 I [UNWFC]-- Util: Requerying operatornumeric='45005' and salescode='100' and gid1='0' and gid2='0'
02-07 11:44:20.696  5153  7782 I DWBContentProvider: update (content://com.samsung.android.forest.db/persistenceParentalcontrol)
02-07 11:44:20.696  7638  7864 I [UNWFC]-- Util: BUG in CONFIGURATION  after Requery: 0
02-07 11:44:20.696  7638  7864 I [UNWFC]-- Util: It is OpenCarrier
02-07 11:44:20.697  7638  7864 I [UNWFC]-- UnifiedWfcFactory: provisionType:100 uiType:100
02-07 11:44:20.697  7638  7864 I [UNWFC]-- UnifiedWfcFactory: UX props:0,0,0,0,0,0,0,0,0,2
02-07 11:44:20.697  7638  7864 I [UNWFC]-- : createCarrier Carrier Name is OPEN
02-07 11:44:20.697  7638  7864 I [UNWFC]-- : Provisioning Type is 100
02-07 11:44:20.697  7638  7864 I [UNWFC]-- : createCarrierUx UX Type is 100
02-07 11:44:20.697  7638  7864 I [UNWFC]-- COMMON: updateWfcUxElements
02-07 11:44:20.697  7638  7864 I [UNWFC]-- COMMON: Notification Icon:Global
02-07 11:44:20.697  7638  7864 I [UNWFC]-- WfcRepository: setmWFCCarrier
02-07 11:44:20.697  7638  7864 I [UNWFC]-- WfcRepository: Updating Carrier object for PhoneId: 0
02-07 11:44:20.700  5153  7782 I DWBd    : isChild ? false
02-07 11:44:20.703  1435  1882 I ActivityManager: Changes in 10122 15 to 10, 0 to 128
02-07 11:44:20.705  7664  7697 I cr_LibraryLoader: Successfully loaded native library
02-07 11:44:20.705  7664  7697 I cr_CachingUmaRecorder: Flushed 2 samples from 2 histograms, 0 samples were dropped.
02-07 11:44:20.706  7664  7697 W chromium: [WARNING:content/app/android/content_main_android.cc:82] android_setCpu already initialized
02-07 11:44:20.709  1435  1446 I system_server: JIT allocated 53KB for compiled code of android.database.Cursor com.android.server.enterprise.content.SecContentProvider.query(android.net.Uri, java.lang.String[], java.lang.String, java.lang.String[], java.lang.String)
02-07 11:44:20.710  1435  1446 I system_server: Compiler allocated 7014KB to compile android.database.Cursor com.android.server.enterprise.content.SecContentProvider.query(android.net.Uri, java.lang.String[], java.lang.String, java.lang.String[], java.lang.String)
02-07 11:44:20.710  4772  7693 E chromium: [ERROR:services/network/network_context.cc:3589] Invalid QUIC hint host: 
02-07 11:44:20.710  4772  7693 E chromium: [ERROR:services/network/network_context.cc:3589] Invalid QUIC hint host: 
02-07 11:44:20.711  4772  7693 E chromium: [ERROR:services/network/network_context.cc:3589] Invalid QUIC hint host: 
02-07 11:44:20.711  4772  7693 E chromium: [ERROR:services/network/network_context.cc:3589] Invalid QUIC hint host: 
02-07 11:44:20.711  4772  7693 E chromium: [ERROR:services/network/network_context.cc:3589] Invalid QUIC hint host: 
02-07 11:44:20.711  4772  7693 E chromium: [ERROR:services/network/network_context.cc:3589] Invalid QUIC hint host: 
02-07 11:44:20.712  5240  7758 I cohe    : (REDACTED) The syncToken for corpus %s is %s and the syncRequestReason is %s
02-07 11:44:20.712  1435  3907 D KNOX_MDM_SettingsProvider: isChangeAllowed() : name = mode_display_name
02-07 11:44:20.712  1435  3907 D KNOX_MDM_SettingsProvider: edmUri: content://com.sec.knox.provider/RestrictionPolicy3
02-07 11:44:20.712  1435  3907 D KNOX_MDM_SettingsProvider: projectionArgs: isSettingsChangesAllowed
02-07 11:44:20.712  1435  3907 D KNOX_MDM_SettingsProvider: selectionArgs: false
02-07 11:44:20.712  1435  3907 D KNOX_MDM_SettingsProvider: selectionArgs: 10064
02-07 11:44:20.712  1435  3907 D SecContentProvider: query(), uri = 17 selection = isSettingsChangesAllowed
02-07 11:44:20.713  1435  3907 D SecContentProvider: called from android.uid.systemui:10064
02-07 11:44:20.713  1435  3907 D RestrictionPolicy: isSettingsChangesAllowedAsUser, userId 0 : true
02-07 11:44:20.713  1435  3907 D KNOX_MDM_SettingsProvider: ret = 1
02-07 11:44:20.715  1435  3907 D KNOX_MDM_SettingsProvider: isChangeAllowed() : name = mode_enabled
02-07 11:44:20.715  1435  3907 D KNOX_MDM_SettingsProvider: edmUri: content://com.sec.knox.provider/RestrictionPolicy3
02-07 11:44:20.715  4090  4111 I SettingSearchProvider: call() method : requestIndexing, calling package : com.samsung.android.forest
02-07 11:44:20.716  1435  3907 D KNOX_MDM_SettingsProvider: projectionArgs: isSettingsChangesAllowed
02-07 11:44:20.716  1435  3907 D KNOX_MDM_SettingsProvider: selectionArgs: false
02-07 11:44:20.716  1435  3907 D KNOX_MDM_SettingsProvider: selectionArgs: 10064
02-07 11:44:20.716  1435  3907 D SecContentProvider: query(), uri = 17 selection = isSettingsChangesAllowed
02-07 11:44:20.716  1435  3907 D SecContentProvider: called from android.uid.systemui:10064
02-07 11:44:20.716  1435  3907 D RestrictionPolicy: isSettingsChangesAllowedAsUser, userId 0 : true
02-07 11:44:20.717  1435  3907 D KNOX_MDM_SettingsProvider: ret = 1
02-07 11:44:20.717  4665  4665 I Routine@Core[4.9.04.16]: ModeExposure: updateSettingsProvider: updated: ModeMeta(id=0, uuid=0, iconResourceId=0, iconStatusResourceId=0, displayName=, isRunning=false, runningReason=, runningReasonCondition=, isSet=false, isDeleted=false, detailRunningReason=null, order=0, toggleTime=0)
02-07 11:44:20.718  4665  4665 I Routine@Core[4.9.04.16]: LifestyleModeNowBar: sendNowBarData()
02-07 11:44:20.718  2719  4092 I NearbySharing: Broadcasting NearbySharing state change.
02-07 11:44:20.719  4665  4665 I Routine@Core[4.9.04.16]: LifestyleModeNowBar: sendNowBarData - runningMode : null
02-07 11:44:20.720  2719  4092 I NearbySharing: A SendSurface(BACKGROUND) has been registered
02-07 11:44:20.721  2719  4092 I NearbySharing: Uwb feature is off.
02-07 11:44:20.721  2719  4092 I NearbySharing: Stopping scanning because Bluetooth is disabled.
02-07 11:44:20.723  2719  4092 I NearbySharing: Stopping Fast Init advertisement because Bluetooth is off.
02-07 11:44:20.723  2719  4092 I NearbySharing: Stopping advertising because Bluetooth is disabled.
02-07 11:44:20.726  3751  3751 D PickerSyncController: Schedule enable cloud media query task.
02-07 11:44:20.726  7638  7864 I [UNWFC]-- WfcSharedPref: read shared pref : wfcimsi value : nullPhoneId: 0
02-07 11:44:20.727  7638  7864 I [UNWFC]-- VoWifiSimStateWorker: Component Manager Disabling all Components
02-07 11:44:20.727  7638  7864 I [UNWFC]-- Carrier: disableComponents
02-07 11:44:20.727  7638  7864 I [UNWFC]-- Util: setComponentState : com.sec.unifiedwfc.att.EricssonEntitlementReceiver State : 2
02-07 11:44:20.727  3146  3146 D BoundBrokerSvc: onBind: Intent { act=com.google.android.gms.feedback.internal.IFeedbackService dat=chimera-action:/... xflg=0x4 cmp=com.google.android.gms/.chimera.GmsBoundBrokerService }
02-07 11:44:20.727  3146  3146 D BoundBrokerSvc: Loading bound service for intent: Intent { act=com.google.android.gms.feedback.internal.IFeedbackService dat=chimera-action:/... xflg=0x4 cmp=com.google.android.gms/.chimera.GmsBoundBrokerService }
02-07 11:44:20.727  1435  3858 D PackageManager: setEnabledSetting : userId = 0 packageName = com.sec.unifiedwfc cmp = com.sec.unifiedwfc.att.EricssonEntitlementReceiver newState = 2 callingPackage = com.sec.unifiedwfc
02-07 11:44:20.728  7638  7864 I [UNWFC]-- Util: setComponentState : com.sec.unifiedwfc.MpsmModeActivity State : 2
02-07 11:44:20.729  1435  1451 D PackageManager: setEnabledSetting : userId = 0 packageName = com.sec.unifiedwfc cmp = com.sec.unifiedwfc.MpsmModeActivity newState = 2 callingPackage = com.sec.unifiedwfc
02-07 11:44:20.729  4665  4665 I Routine@Core[4.9.04.16]: ModeExposure: updateStatusBarIcon()
02-07 11:44:20.729  4665  4665 I Routine@Core[4.9.04.16]: ReflectionStatusBarManager: removeIcon()
02-07 11:44:20.729  4665  4665 I Routine@Core[4.9.04.16]: ReflectionStatusBarManager: removeIcon
02-07 11:44:20.729  7638  7864 I [UNWFC]-- Carrier: disableComponents
02-07 11:44:20.729  7638  7864 I [UNWFC]-- Carrier: disableComponents
02-07 11:44:20.729  7638  7864 I [UNWFC]-- VoWifiSimStateWorker: Enable components for phoneId: 0
02-07 11:44:20.729  7638  7864 I [UNWFC]-- Carrier: enableComponents
02-07 11:44:20.729  7638  7864 I [UNWFC]-- Util: enableQuickSettingsIfNeeded()
02-07 11:44:20.731  7638  7864 I [UNWFC]-- Util: getComponentStatus : com.sec.unifiedwfc.ux.quicksettings.WFCQSTileService status : 2
02-07 11:44:20.731  7638  7864 I [UNWFC]-- Util: enableQuickSettingsIfNeeded: com.sec.unifiedwfc.ux.quicksettings.WFCQSTileService Enabled :2
02-07 11:44:20.732  7638  7864 I [UNWFC]-- : quick settings disabled by vowifi menu enable
02-07 11:44:20.733  4772  7684 I BluetoothAdapter: BluetoothAdapter() : com.google.android.googlequicksearchbox
02-07 11:44:20.739  2719  5671 I FrewleTileCacheManagerV: (REDACTED) Fetched %d AP models from cache
02-07 11:44:20.741  1435  2133 D RestrictionPolicy: isSettingsChangesAllowedAsUser, userId 0 : true
02-07 11:44:20.744  4090  4111 I SettingSearchProvider: type : nonIndexableKeys, authority : .setting.search_provider
02-07 11:44:20.748  4665  4665 E Routine@Core[4.9.04.16]: ReflectionStatusBarManager: removeIcon: invokeMethod return null
02-07 11:44:20.748  2719  4092 I NearbySharing: Fast Initiation Scanning has stopped
02-07 11:44:20.748  2719  4092 I NearbySharing: Stopping FastInitiation scanning because Bluetooth is disabled.
02-07 11:44:20.749  7638  7864 I [UNWFC]-- Util: getComponentStatus : com.sec.unifiedwfc.SettingsConnWfc status : 2
02-07 11:44:20.750  2719  4264 W PhBaseOp: Phenotype API error. Event: # ilkd@d881ac9, EventCode: COMMIT_CONFIG [CONTEXT service_id=51 ]
02-07 11:44:20.750  2719  4264 W PhBaseOp: erck: 29537: Stale snapshot for com.google.android.gms.potokens(new configuration available)
02-07 11:44:20.750  2719  4264 W PhBaseOp: 	at erei.d(:com.google.android.gms@260434035@26.04.34 (260400-862941407):472)
02-07 11:44:20.750  2719  4264 W PhBaseOp: 	at erei.b(:com.google.android.gms@260434035@26.04.34 (260400-862941407):44)
02-07 11:44:20.750  2719  4264 W PhBaseOp: 	at ereh.i(:com.google.android.gms@260434035@26.04.34 (260400-862941407):3)
02-07 11:44:20.750  2719  4264 W PhBaseOp: 	at ered.h(:com.google.android.gms@260434035@26.04.34 (260400-862941407):32)
02-07 11:44:20.750  2719  4264 W PhBaseOp: 	at ered.f(:com.google.android.gms@260434035@26.04.34 (260400-862941407):14)
02-07 11:44:20.750  2719  4264 W PhBaseOp: 	at cqzl.fy(:com.google.android.gms@260434035@26.04.34 (260400-862941407):1)
02-07 11:44:20.750  2719  4264 W PhBaseOp: 	at cqzp.run(:com.google.android.gms@260434035@26.04.34 (260400-862941407):115)
02-07 11:44:20.750  2719  4264 W PhBaseOp: 	at gonc.run(:com.google.android.gms@260434035@26.04.34 (260400-862941407):23)
02-07 11:44:20.750  2719  4264 W PhBaseOp: 	at bfcv.c(:com.google.android.gms@260434035@26.04.34 (260400-862941407):50)
02-07 11:44:20.750  2719  4264 W PhBaseOp: 	at bfcv.run(:com.google.android.gms@260434035@26.04.34 (260400-862941407):85)
02-07 11:44:20.750  2719  4264 W PhBaseOp: 	at java.util.concurrent.ThreadPoolExecutor.runWorker(ThreadPoolExecutor.java:1156)
02-07 11:44:20.750  2719  4264 W PhBaseOp: 	at java.util.concurrent.ThreadPoolExecutor$Worker.run(ThreadPoolExecutor.java:651)
02-07 11:44:20.750  2719  4264 W PhBaseOp: 	at bfim.run(:com.google.android.gms@260434035@26.04.34 (260400-862941407):8)
02-07 11:44:20.750  2719  4264 W PhBaseOp: 	at java.lang.Thread.run(Thread.java:1119)
02-07 11:44:20.750  7638  7864 I [UNWFC]-- Util: getComponentStatus : com.sec.unifiedwfc.SettingsConnWfcWithToggle status : 2
02-07 11:44:20.750  7638  7864 I [UNWFC]-- Util: enableSettings: com.sec.unifiedwfc.SettingsConnWfc Enabled :2
02-07 11:44:20.750  7638  7864 I [UNWFC]-- Util: enableSettingsToggle: com.sec.unifiedwfc.SettingsConnWfcWithToggle Enabled :2
02-07 11:44:20.751  2719  4264 W AsyncOperation: operation=CommitToConfigurationOperationCall, opStatusCode=29537 [CONTEXT service_id=51 ]
02-07 11:44:20.751  2719  4264 W AsyncOperation: OperationException[Status{statusCode=Stale snapshot for com.google.android.gms.potokens(new configuration available), resolution=null}]
02-07 11:44:20.751  2719  4264 W AsyncOperation: 	at ered.h(:com.google.android.gms@260434035@26.04.34 (260400-862941407):62)
02-07 11:44:20.751  2719  4264 W AsyncOperation: 	at ered.f(:com.google.android.gms@260434035@26.04.34 (260400-862941407):14)
02-07 11:44:20.751  2719  4264 W AsyncOperation: 	at cqzl.fy(:com.google.android.gms@260434035@26.04.34 (260400-862941407):1)
02-07 11:44:20.751  2719  4264 W AsyncOperation: 	at cqzp.run(:com.google.android.gms@260434035@26.04.34 (260400-862941407):115)
02-07 11:44:20.751  2719  4264 W AsyncOperation: 	at gonc.run(:com.google.android.gms@260434035@26.04.34 (260400-862941407):23)
02-07 11:44:20.751  2719  4264 W AsyncOperation: 	at bfcv.c(:com.google.android.gms@260434035@26.04.34 (260400-862941407):50)
02-07 11:44:20.751  2719  4264 W AsyncOperation: 	at bfcv.run(:com.google.android.gms@260434035@26.04.34 (260400-862941407):85)
02-07 11:44:20.751  2719  4264 W AsyncOperation: 	at java.util.concurrent.ThreadPoolExecutor.runWorker(ThreadPoolExecutor.java:1156)
02-07 11:44:20.751  2719  4264 W AsyncOperation: 	at java.util.concurrent.ThreadPoolExecutor$Worker.run(ThreadPoolExecutor.java:651)
02-07 11:44:20.751  2719  4264 W AsyncOperation: 	at bfim.run(:com.google.android.gms@260434035@26.04.34 (260400-862941407):8)
02-07 11:44:20.751  2719  4264 W AsyncOperation: 	at java.lang.Thread.run(Thread.java:1119)
02-07 11:44:20.751  4665  4665 I Routine@Core[4.9.04.16]: ModeInfoChangeBucket: put: save notify 1 changes(MODE_META to null)
02-07 11:44:20.752  4665  4665 I Routine@Core[4.9.04.16]: ModeInfoChangeBucket: isInDuration: timediff(TIMEOUT:1000):1770432260752
02-07 11:44:20.752  4665  4665 I Routine@Core[4.9.04.16]: ModeInfoChangeBucket: flush: (size:1) @1970/01/01 09:00:00
02-07 11:44:20.754  7638  7864 I [UNWFC]-- Util: getComponentStatus : com.sec.unifiedwfc.SettingsConnWfc status : 2
02-07 11:44:20.754  2719  4092 I NearbySharing: Dismissing HUN as there's no device nearby.
02-07 11:44:20.754  7638  7864 I [UNWFC]-- Util: setComponentState : com.sec.unifiedwfc.SettingsConnWfc State : 1
02-07 11:44:20.754  1435  3858 D PackageManager: setEnabledSetting : userId = 0 packageName = com.sec.unifiedwfc cmp = com.sec.unifiedwfc.SettingsConnWfc newState = 1 callingPackage = com.sec.unifiedwfc
02-07 11:44:20.755  1435  3858 D ApplicationPolicy: getApplicationStateEnabled : pkg = com.sec.unifiedwfc userId : 0
02-07 11:44:20.755  1435  3858 D ApplicationPolicy: getApplicationComponentState : pkg = com.sec.unifiedwfc userId : 0
02-07 11:44:20.761  4772  7870 D libMEOW : meow new tls: 0xb4000079635e0900
02-07 11:44:20.762  7638  7864 I [UNWFC]-- Util: getComponentStatus : com.sec.unifiedwfc.SettingsConnWfcWithToggle status : 2
02-07 11:44:20.762  7638  7864 I [UNWFC]-- Util: setComponentState : com.sec.unifiedwfc.SettingsConnWfcWithToggle State : 1
02-07 11:44:20.763  1435  3858 D PackageManager: setEnabledSetting : userId = 0 packageName = com.sec.unifiedwfc cmp = com.sec.unifiedwfc.SettingsConnWfcWithToggle newState = 1 callingPackage = com.sec.unifiedwfc
02-07 11:44:20.764  4772  7870 D libMEOW : meow reload base cfg path: na
02-07 11:44:20.764  4772  7870 D libMEOW : meow reload overlay cfg path: na
02-07 11:44:20.764  4665  4665 I Routine@Core[4.9.04.16]: ContextEngineJobService: start - 16384, action - android.intent.action.BOOT_COMPLETED
02-07 11:44:20.764  4665  4665 W JobInfo : Job 'com.samsung.android.app.routines/.domainmodel.contextengine.ContextEngineJobService#16384' has a deadline with no functional constraints. The deadline won't improve job execution latency. Consider removing the deadline.
02-07 11:44:20.767  4772  7870 W QT      : qt_process_init() called
02-07 11:44:20.767  4772  7870 E QT      : [QT]file does not exist
02-07 11:44:20.767  4772  7870 W QT      : Support!!
02-07 11:44:20.767  4772  7870 D libMEOW : applied 0 plugin for [com.google.android.googlequicksearchbox:googleapp].
02-07 11:44:20.768  1435  4037 W JobInfo : Job 'com.samsung.android.app.routines/.domainmodel.contextengine.ContextEngineJobService#16384' has a deadline with no functional constraints. The deadline won't improve job execution latency. Consider removing the deadline.
02-07 11:44:20.770  3514  4883 I Kumiho-Kumiho: getPackageName: com.samsung.android.messaging
02-07 11:44:20.772  1435  3858 D ApplicationPolicy: getApplicationStateEnabled : pkg = com.sec.unifiedwfc userId : 0
02-07 11:44:20.772  1435  3858 D ApplicationPolicy: getApplicationComponentState : pkg = com.sec.unifiedwfc userId : 0
02-07 11:44:20.775  2719  4092 I NearbySharing: Broadcasting NearbySharing state change.
02-07 11:44:20.777  1892  1892 D TelephonyManager: requestModemActivityInfo: Sending result to app: ModemActivityInfo{ mTimestamp=67465 mSleepTimeMs=8941 mIdleTimeMs=17504 mActivityStatsTechSpecificInfo=[{mRat=UNKNOWN,mFrequencyRange=UNKNOWN,mTxTimeMs[]=[0, 20, 2144, 2828, 402],mRxTimeMs=29234}]}
02-07 11:44:20.781  7638  7864 I [UNWFC]-- Util: requestIndexing
02-07 11:44:20.789  3751  3751 D WM-RescheduleReceiver: Received intent Intent { act=android.intent.action.BOOT_COMPLETED flg=0x89000010 cmp=com.google.android.providers.media.module/androidx.work.impl.background.systemalarm.RescheduleReceiver (has extras) }
02-07 11:44:20.789  4665  4665 I Routine@Core[4.9.04.16]: RoutineBroadcastReceiver: onReceive finished: android.intent.action.BOOT_COMPLETED
02-07 11:44:20.791  1435  3858 D PackageManager: setEnabledSetting : userId = 0 packageName = com.sec.android.app.kidshome cmp = com.sec.android.app.kidshome.broadcastreceiver.MediaMountStateReceiver newState = 1 callingPackage = com.sec.android.app.kidshome
02-07 11:44:20.791  3514  4883 I PROV/QueryUriConversations: [CONVERSATION]done query conversations, containsRecipientList : false, category : null, Elapsed time : 12.872923 ms
02-07 11:44:20.792  1435  3858 D ApplicationPolicy: getApplicationStateEnabled : pkg = com.sec.android.app.kidshome userId : 0
02-07 11:44:20.792  3514  4883 I PROV/MsgContentProviderQuery: query, uriMatch : 1001, Elapsed time : 13.083077 ms
02-07 11:44:20.792  4665  4665 I Routine@Core[4.9.04.16]: SepRoutineTrustAgentService: onCreate
02-07 11:44:20.793  4665  4665 I Routine@Core[4.9.04.16]: SepRoutineTrustAgentService: isCallingBefore : 1
02-07 11:44:20.794  1435  3858 D ApplicationPolicy: getApplicationComponentState : pkg = com.sec.android.app.kidshome userId : 0
02-07 11:44:20.796  4665  4665 I Routine@Core[4.9.04.16]: NumberUtils: parseLong: error null
02-07 11:44:20.796  4665  4665 I Routine@Core[4.9.04.16]: SepRoutineTrustAgentService: isBootCompleted: cur=1770432193311 routine=0
02-07 11:44:20.796  1435  4067 D PackageManager: setEnabledSetting : userId = 0 packageName = com.sec.android.app.kidshome cmp = com.sec.android.app.kidshome.broadcastreceiver.SimStateReceiver newState = 1 callingPackage = com.sec.android.app.kidshome
02-07 11:44:20.796  1435  4067 D ApplicationPolicy: getApplicationStateEnabled : pkg = com.sec.android.app.kidshome userId : 0
02-07 11:44:20.797  1435  4067 D ApplicationPolicy: getApplicationComponentState : pkg = com.sec.android.app.kidshome userId : 0
02-07 11:44:20.797  4665  4665 I Routine@Core[4.9.04.16]: NumberUtils: parseLong: error null
02-07 11:44:20.797  4090  4110 I SettingSearchProvider: call() method : requestIndexing, calling package : com.sec.unifiedwfc
02-07 11:44:20.798  4665  4665 I Routine@Core[4.9.04.16]: SepRoutineTrustAgentService: setEnabledTrustedAgent: isEnable=false
02-07 11:44:20.798  1435  4052 D RestrictionPolicy: isSettingsChangesAllowedAsUser, userId 0 : true
02-07 11:44:20.799  4090  4110 I SettingSearchProvider: type : nonIndexableKeys, authority : com.sec.unifiedwfc.ux.settings.WfcSettingsSearchProvider
02-07 11:44:20.799  7785  7785 I KidsLog:a: com.sec.android.app.kidshome, installedVersion : 1250400100
02-07 11:44:20.801  5240  5613 D WM-GreedyScheduler: Cancelling work ID 36b92537-dbe7-4379-bae7-196e55caebde
02-07 11:44:20.802  4665  4665 I Routine@Core[4.9.04.16]: SepRoutineTrustAgentService: setEnabledTrustedAgent: collection=[ComponentInfo{com.google.android.gms/com.google.android.gms.auth.trustagent.GoogleTrustAgent}, ComponentInfo{com.google.android.gms/com.google.android.gms.personalsafety.service.LockingTrustAgentService}]
02-07 11:44:20.808  1911  1911 I NowBarItemManager: hash = 159381165 / onReceive: com.samsung.android.intent.action.NOW_BAR_CONTENTS
02-07 11:44:20.811  1911  1911 I NowBarItemManager: onNowBarItemRemoved null, 13245, NOTI | -1
02-07 11:44:20.811  1911  1911 I NowBarItemManager: onNowBarItemRemoved removedItem null, 13245, NOTI | -1 was not existed data
02-07 11:44:20.811  6511  6511 I CMHApplication: [#CMH#] Block to verify, Change Trim Memory Level: 40 
02-07 11:44:20.812  6511  6511 I CMHApplication: [#CMH#] Block to verify, Change Trim Memory Level: 40 
02-07 11:44:20.816  6511  6511 I SystemBroadcastReceiver: [#CMH#] CMHBroadcastReceiver process time:  0
02-07 11:44:20.816  4772  7870 D vulkan  : searching for layers in '/data/app/~~gVYX8bc-b5r_rDTVXdJbiA==/com.google.android.googlequicksearchbox-OfpZf3RmSTJVlhkNexZDnQ==/lib/arm64'
02-07 11:44:20.817  6511  6511 I Controller: [#CMH#] Ignoring media mounted storage_id : 65537
02-07 11:44:20.817  6511  6511 I StorageController: [#CMH#] Listener receive id: EVENT_MEDIA_MOUNTED
02-07 11:44:20.818  4772  7870 D vulkan  : searching for layers in '/data/app/~~gVYX8bc-b5r_rDTVXdJbiA==/com.google.android.googlequicksearchbox-OfpZf3RmSTJVlhkNexZDnQ==/base.apk!/lib/arm64-v8a'
02-07 11:44:20.818  1911  1911 D InterruptionStateProvider:  no Heads up : edgelighting enabled app. 0|com.google.android.googlequicksearchbox|0|-1567402728::SUMMARY::wx|10231
02-07 11:44:20.818  1911  1911 I {OngoingActivityController}: onEntryUpdated and OA data is empty. So update latest task info
02-07 11:44:20.819  1435  1481 I ActivityManager: Changes in 5004 19 to 11, 0 to 128
02-07 11:44:20.821  6936  6936 I FaceServiceApplication:: [NewFaceService:2.0] In onTrimMemory() update ... 40 
02-07 11:44:20.821  6936  6936 I FaceServiceApplication:: [NewFaceService:2.0] In onTrimMemory() update ... 40 
02-07 11:44:20.830  3514  4883 I PROV/QueryUriConversations: [CONVERSATION]done query conversations, containsRecipientList : false, category : null, Elapsed time : 25.014154 ms
02-07 11:44:20.830  3514  4883 I PROV/MsgContentProviderQuery: query, uriMatch : 1001, Elapsed time : 25.080616 ms
02-07 11:44:20.831  3514  4883 I ORC/ComposerParameter: create from builder
02-07 11:44:20.831  3514  4883 I ORC/OpenConversationUtil: openConversation
02-07 11:44:20.836  3514  4883 I ORC/PackageInfo: componentName=com.samsung.android.messaging.ui.RcsTransferContent, currentState=1
02-07 11:44:20.837  3514  4883 W BitmapFactory: Null Options, creating a new one.
02-07 11:44:20.837  1911  1911 D InterruptionStateProvider:  no Heads up : edgelighting enabled app. 0|com.google.android.googlequicksearchbox|0|-1567402728::a:snotification:[0x394,wx.f,NOTIFICATION]|10231
02-07 11:44:20.837  3514  4883 I Kumiho-Kumiho: getPackageName: com.samsung.android.messaging
02-07 11:44:20.838  1911  1911 I {OngoingActivityController}: onEntryUpdated and OA data is empty. So update latest task info
02-07 11:44:20.838  1435  3959 D PackageManager: setEnabledSetting : userId = 0 packageName = com.sec.android.app.kidshome cmp = androidx.work.impl.background.systemjob.SystemJobService newState = 1 callingPackage = com.sec.android.app.kidshome
02-07 11:44:20.838  1435  3959 D ApplicationPolicy: getApplicationStateEnabled : pkg = com.sec.android.app.kidshome userId : 0
02-07 11:44:20.839  1435  3959 D ApplicationPolicy: getApplicationComponentState : pkg = com.sec.android.app.kidshome userId : 0
02-07 11:44:20.840  4772  7870 D vulkan  : searching for layers in '/data/app/~~gVYX8bc-b5r_rDTVXdJbiA==/com.google.android.googlequicksearchbox-OfpZf3RmSTJVlhkNexZDnQ==/split_config.xxhdpi.apk!/lib/arm64-v8a'
02-07 11:44:20.840  6511  6511 I SystemBroadcastReceiver: [#CMH#] CMHBroadcastReceiver process time:  0
02-07 11:44:20.841  4772  7870 D vulkan  : searching for layers in '/data/app/~~gVYX8bc-b5r_rDTVXdJbiA==/com.google.android.googlequicksearchbox-OfpZf3RmSTJVlhkNexZDnQ==/split_lens_ondevice_engine_play_ml_module.apk!/lib/arm64-v8a'
02-07 11:44:20.841  6511  6511 I Controller: [#CMH#] Ignoring media mounted storage_id : 65537
02-07 11:44:20.841  6511  6511 I StorageController: [#CMH#] Listener receive id: EVENT_MEDIA_MOUNTED
02-07 11:44:20.842  6511  6511 I CMHApplication: [#CMH#] Block to verify, Change Trim Memory Level: 40 
02-07 11:44:20.844  1435  1451 I ActivityManager: Changes in 5004 11 to 19, 128 to 0
02-07 11:44:20.846  3028  3042 I location.nsflp2: Background concurrent mark compact GC freed 1819KB AllocSpace bytes, 4(80KB) LOS objects, 54% free, 5183KB/11MB, paused 406us,3.089ms total 248.177ms
02-07 11:44:20.851   631   631 D io_stats: !@   8,32 r 206561 8823056 w 19515 139788 d 262 428100 f 1066 2357 iot 60956 0 th 0 0 0 pt 0 inp 0 2 67.540
02-07 11:44:20.854  6936  6936 I FaceServiceApplication:: [NewFaceService:2.0] In onTrimMemory() update ... 40 
02-07 11:44:20.855  1435  2160 D SLocation: StatusManager - checkSession ReasonOfPause : 0
02-07 11:44:20.855  1435  2160 D SLocation: GeopointGeofenceManger - Resume Session
02-07 11:44:20.855  1435  2160 D SLocation: GeopointGeofenceManger - start NLP
02-07 11:44:20.855  1435  2160 D SLocation: GeopointLastLocation - last location still available 7055 / 30000
02-07 11:44:20.856  1435  2160 I SLocation: GeofenceLocationFilter - fire alarm & cancel, E.Q@813538f
02-07 11:44:20.856  1435  2160 W SLocation: GeopointGeofenceManger - refresh wifi to receive loc
02-07 11:44:20.857  1435  2160 D SLocation: GeopointGeofenceManger - Location reported : fix method = 2 / 77.6
02-07 11:44:20.858  1435  2160 D SLocation: GeopointReceiver - Geopoint_1 : send geopoint result - 2
02-07 11:44:20.858  1435  2160 D SLocation: GeopointReceiver - geofence id (1:2_android_wifi) detected : 2
02-07 11:44:20.863  1435  2160 D ActivityManager: Received BROADCAST intent 0x343dba5 Key{broadcastIntent pkg=android intent=act=com.samsung.android.wifi.GEOFENCE xflg=0x4 pkg=android flags=0x3000000 u=0} requestCode=2 sent=0 from uid 1000
02-07 11:44:20.863  1435  2160 D SLocation: AppOpsHelper - init
02-07 11:44:20.863  1435  2160 D SLocation: AppOpsHelper - appOpsManager android.app.AppOpsManager@53c6f2b
02-07 11:44:20.863  1435  2160 D SLocation: CommonUtil - check android.permission.ACCESS_COARSE_LOCATION Permission pid=1435, uid=1000, hasPermission=true
02-07 11:44:20.863  1435  2160 D SLocation: CommonUtil - check android.permission.ACCESS_FINE_LOCATION Permission pid=1435, uid=1000, hasPermission=true
02-07 11:44:20.863  1435  2160 E AppOps  : attributionTag wifi not declared in manifest of android
02-07 11:44:20.864  1435  2160 I SLocation: ReceiverPair - handleStartLocation : id 1 with 2
02-07 11:44:20.864  5240  5613 D WM-SystemJobScheduler: Scheduling work ID 36b92537-dbe7-4379-bae7-196e55caebdeJob ID 48283
02-07 11:44:20.864  1435  2160 D SLocation: LocationProviderStatus - try to update provider status (GPS/NLP)
02-07 11:44:20.864  1435  2160 D SLocation: LocationProviderStatus - set isGpsOn : true, isNlpOn : true
02-07 11:44:20.864  1435  2160 D SLocation: LocationProviderStatus - gps & nlp status not changed
02-07 11:44:20.864  1435  2160 I SLocation: SHardwareManager - already running max hw geofence
02-07 11:44:20.864  1435  2160 D SLocation: GeopointReceiver - Geopoint_2 : send geopoint result - 1
02-07 11:44:20.864  1435  2160 D SLocation: GeopointReceiver - geofence id (2:4_android_wifi) detected : 1
02-07 11:44:20.865  4224  4528 I Finsky  : [45] RECEIVER_SINGLE_USER_SETTINGS#logWorkEndAndFinishGoAsync: SUCCESS
02-07 11:44:20.866  2579  2579 I HoneySpace.DvfsManager: releasePageSwipe takenTime: 477
02-07 11:44:20.870   884   910 I mtkpower_client: perf_lock_rel, hdl:56, tid:910
02-07 11:44:20.871  1435  1807 D AutoWifiController: mGeofenceStateListener state is 2
02-07 11:44:20.871  1435  1807 D AutoWifi.Geofence:                    [id : 2][direction : EXIT   ][result : EXIT   ]
02-07 11:44:20.873   889   952 I libPowerHal: [perfLockRel] hdl:56, idx:2
02-07 11:44:20.873   889   952 I libPowerHal: [setClusterFreq]  set cpu_ctrl cpufreq: -1 -1 -1 -1 
02-07 11:44:20.874   884   910 I HYPER-HAL: [RequestManager.cpp]releaseLocked(): Released ID : 3334656
02-07 11:44:20.875  6511  6548 I CMHFileObserver: [#CMH#] CMHFileObserver object is GC 
02-07 11:44:20.878  2579  2579 I HoneySpace.WorkspaceFastRecyclerView: notify to visibleWidgetManager on page scroll, rank : [1]
02-07 11:44:20.878  2579  2579 I HoneySpace.WorkspacePageIndicatorViewModel: updateCurrentPage position : 1
02-07 11:44:20.878  2579  2579 I HoneySpace.WorkspaceFastRecyclerView: updateCellLayoutAlpha() showAll: false
02-07 11:44:20.879  2579  2579 I HoneySpace.WorkspaceFastRecyclerView: Scroll Pos(WorkspaceFastRecyclerView) : (0, 45662)-(0, 46038)-(0, 46103)-(0, 46103)-(47, 67076)-(75, 67087)-(187, 67109)-(249, 67120)-(315, 67131)-(358, 67147)-(415, 67154)-(497, 67165)-(569, 67176)-(634, 67187)-(692, 67198)-(742, 67209)-(787, 67220)-(826, 67231)-(860, 67242)-(890, 67253)-(917, 67265)-(939, 67276)-(957, 67287)-(973, 67298)-(986, 67309)-(997, 67320)-(1006, 67331)-(1013, 67342)-(1019, 67353)-(1025, 67365)-(1028, 67376)-(1031, 67387)-(1034, 67398)-(1035, 67409)-(1036, 67420)-(1037, 67431)-(1038, 67442)-(1039, 67464)-End
02-07 11:44:20.886  2719  4738 W .gms.persistent: Long monitor contention with owner lowpool[0] (2770) at evdw eusm.f(android.content.Context, android.accounts.Account, evdw)(:com.google.android.gms@260434035@26.04.34 (260400-862941407):541) waiters=0 in evdw eusm.f(android.content.Context, android.accounts.Account, evdw) for 581ms
02-07 11:44:20.887  2579  4399 I HoneySpace.SPayHandler: updateSpayHandler, show = true, defaultPage = false
02-07 11:44:20.893  1435  1481 I ActivityManager: Changes in 10237 19 to 11, 0 to 128
02-07 11:44:20.896  1435  1451 D ConnectivityService: Returning BLOCKED NetworkInfo to uid=10237
02-07 11:44:20.896  4224  4224 I Finsky  : [2] Resetting scheduler db
02-07 11:44:20.898  1435  2160 D ActivityManager: Received BROADCAST intent 0x7510091 Key{broadcastIntent pkg=android intent=act=com.samsung.android.wifi.GEOFENCE xflg=0x4 pkg=android flags=0x3000000 u=0} requestCode=4 sent=0 from uid 1000
02-07 11:44:20.898  1435  2160 D SLocation: CommonUtil - check android.permission.ACCESS_COARSE_LOCATION Permission pid=1435, uid=1000, hasPermission=true
02-07 11:44:20.898  1435  2160 D SLocation: CommonUtil - check android.permission.ACCESS_FINE_LOCATION Permission pid=1435, uid=1000, hasPermission=true
02-07 11:44:20.898  1435  2160 E AppOps  : attributionTag wifi not declared in manifest of android
02-07 11:44:20.899  5240  5613 D WM-SystemJobScheduler: Scheduling work ID 25659400-ae8b-4a21-a00e-ede4455efb60Job ID 48284
02-07 11:44:20.903   549   549 I hwservicemanager: getTransport: Cannot find entry android.hardware.configstore@1.0::ISurfaceFlingerConfigs/default in either framework or device VINTF manifest.
02-07 11:44:20.906  1435  2160 I SLocation: ReceiverPair - handleStartLocation : id 2 with 1
02-07 11:44:20.907  7785  7879 E ashmem  : Pinning is deprecated since Android Q. Please use trim or other methods.
02-07 11:44:20.907  7638  7864 I [UNWFC]-- VoWifiSimStateWorker: sim changed/first boot, WFC settings updated
02-07 11:44:20.908  7638  7864 I [UNWFC]-- WfcNotificationApi: getInstance for slotId: SLOT_1
02-07 11:44:20.908  7638  7864 I [UNWFC]-- WfcNotificationApi: createChannel for slotId: 0
02-07 11:44:20.913  7638  7864 I [UNWFC]-- WfcNotificationApi: Created instance for slotId: SLOT_1
02-07 11:44:20.914  7638  7864 I [UNWFC]-- WfcNotificationManager: getInstance for slotId: SLOT_1
02-07 11:44:20.914  7638  7864 I [UNWFC]-- WfcNotificationManager: Created instance for slotId: SLOT_1
02-07 11:44:20.914  7638  7864 I [UNWFC]-- WfcNotificationManager: Process event IMSI_CHANGE for slot 0
02-07 11:44:20.917  7638  7864 I [UNWFC]-- WfcHelpNotification: updateNotification
02-07 11:44:20.917  7638  7864 I [UNWFC]-- Util: isVoWifiMenuEnabled slotID:0 result: false
02-07 11:44:20.917  7638  7864 I [UNWFC]-- WfcHelpNotification: updateNotification: false
02-07 11:44:20.917  7638  7864 I [UNWFC]-- WfcHelpNotification: cancelWfcHelpNotification()...
02-07 11:44:20.917  7638  7864 I [UNWFC]-- WfcSharedPref: write shared pref : wfc_connection_profile_user_setting value : 2 PhoneId: 0
02-07 11:44:20.917  1435  4072 D SGM:DatabaseHelper: addActionLog(), delete log data to avoid overflow, id: 5327
02-07 11:44:20.917  1435  4072 D SGM:DatabaseHelper: addActionLog(), ret: 5877
02-07 11:44:20.917  7638  7864 I [UNWFC]-- WfcSharedPref: setTs43Url URL:xxxxxpostData:xxxxx
02-07 11:44:20.918  7638  7864 I [UNWFC]-- Util: getComponentStatus : com.sec.unifiedwfc.ux.quicksettings.WFCQSTileService status : 2
02-07 11:44:20.918  7638  7864 I [UNWFC]-- Util: informed quick settings visibility: false
02-07 11:44:20.920  1435  3959 D SGM:GameManager: setPackageConfigurations(). mCurrentUserId: 0, callerUserId: 0
02-07 11:44:20.920  1435  3959 D SGM:DatabaseHelper: addActionLog(), tag: SET_PKG
02-07 11:44:20.920  1435  3959 D SGM:DatabaseHelper: addActionLog(), msg: setPackageConfigurations() 0x0 0ppi
02-07 11:44:20.920  7638  7864 I [UNWFC]-- VoWifiSimStateWorker: Component Manager Finished
02-07 11:44:20.920  7638  7864 I [UNWFC]-- SimBasedConfigSharedPrefHelper: getString: [prefName: sim_based_config key: mnoname value: SKT_KR]
02-07 11:44:20.921   872   872 I hwcomposer: [HWCDisplay] [Display_0 (type:1, mode:2)] fps:48.480793,dur:1010.71,max:419.86,min:9.92  
02-07 11:44:20.926  1435  2160 D SLocation: LocationProviderStatus - try to update provider status (GPS/NLP)
02-07 11:44:20.926  1435  2160 D SLocation: LocationProviderStatus - set isGpsOn : true, isNlpOn : true
02-07 11:44:20.926  1435  2160 D SLocation: LocationProviderStatus - gps & nlp status not changed
02-07 11:44:20.926  1435  2160 I SLocation: SHardwareManager - already running max hw geofence
02-07 11:44:20.926  1435  2160 D SLocation: GeopointReceiver - Geopoint_3 : send geopoint result - 2
02-07 11:44:20.926  1435  2160 D SLocation: GeopointReceiver - geofence id (3:3_android_wifi) detected : 2
02-07 11:44:20.928  3514  4883 I Kumiho-Kumiho: makeAndroidCodec: Image decoded by kumiho solution
02-07 11:44:20.929  2719  7406 I NearbySharing: Successfully created paired key.
02-07 11:44:20.931  5240  6442 I cohe    : (REDACTED) The syncToken for corpus %s is %s and the syncRequestReason is %s
02-07 11:44:20.937  7785  7785 I DIAGMON_SDK[605065]: DiagMonAgent type: 2
02-07 11:44:20.937  7785  7785 I DIAGMON_SDK[605065][khfx684fyh] : generated SR object
02-07 11:44:20.937  7785  7785 I KidsLog:k: init DiagMonSDK
02-07 11:44:20.942  4585  4585 I DefaultProcessValidator: Validating WorkManager process
02-07 11:44:20.946  2719  5975 E WorkSourceUtil: Could not find package: com.google.android.gms.westworld
02-07 11:44:20.949  1435  3959 D SGM:DatabaseHelper: addActionLog(), delete log data to avoid overflow, id: 5328
02-07 11:44:20.949  1435  3959 D SGM:DatabaseHelper: addActionLog(), ret: 5878
02-07 11:44:20.950  1435  3959 D SGM:GameManager: setPackageConfigurations(). category=1, pkgName=com.teamwood.spacewood.unity
02-07 11:44:20.950  1435  3959 D SGM:GameManager: setPackageConfiguration(). configuration: packageName: com.teamwood.spacewood.unity, performancePolicyForSsrm: {"cpu_level":2,"gpu_level":0,"siop_mode":1}, optimalAspectRatio: 1.7777778, dynamicSurfaceScaling: 1.0, category: 1, categoryByUser: 1, fillBlackSurfaceOnMargins: false, userId: 0
02-07 11:44:20.950  1435  3959 D SGM:GameManager: setPackageConfiguration(). pkgName=com.teamwood.spacewood.unity
02-07 11:44:20.950  7638  7864 I [UNWFC]-- SimBasedConfigSharedPrefHelper: getString: [prefName: sim_based_config key: version value: 8.3.00.23]
02-07 11:44:20.950  1435  3959 D SGM:GameManager: setPackageConfiguration(). userIds=[0]
02-07 11:44:20.950  1435  3959 D SGM:GameManager: setPackageConfiguration(). newCategory=1
02-07 11:44:20.950  1435  3959 D SGM:GameManager: setPackageConfiguration(). userId=0
02-07 11:44:20.950  1435  3959 D SGM:Util: isPkgInstalled(). pkgName=com.teamwood.spacewood.unity, userId=0, installed=true
02-07 11:44:20.953  7638  7864 I [UNWFC]-- Util: getNWPath: /optics/configs/carriers/SKC/conf phoneID: 0
02-07 11:44:20.953  7638  7864 I [UNWFC]-- Util: getOmcCodeByNwPath: SKC For phoneId: 0
02-07 11:44:20.954  7638  7864 E [UNWFC]-- WfcAutoUpdate: imsupdate.json not found.
02-07 11:44:20.954  7638  7864 I [UNWFC]-- Util: isDuosSetting phoneCount:1
02-07 11:44:20.956  3514  4883 I Kumiho-Kumiho: getPackageName: com.samsung.android.messaging
02-07 11:44:20.956  3775  5189 I dxbq    : (REDACTED) appOpsListener %s %s
02-07 11:44:20.956  3775  5189 I dxbq    : (REDACTED) Ignoring irrelevant audio permission changes for package %s
02-07 11:44:20.967  4585  4846 I DefaultProcessValidator: Processes: NONE, true, com.google.android.tts, com.google.android.tts
02-07 11:44:20.967  4224  4528 I Finsky  : [45] SCH: Received scheduling request: Id: 37-175, Constraints: [{ L: 0, D: 82800000, C: CHARGING_NONE, I: IDLE_NONE, N: NET_ANY, B: BATTERY_ANY }]
02-07 11:44:20.968  7785  7882 I SamsungAnalytics605065: Initialize delete api call counting
02-07 11:44:20.973  7638  7864 I [UNWFC]-- Util: getVoWifiEnabledPhoneId: returning phone id: 0
02-07 11:44:20.975  7638  7864 I [UNWFC]-- Util: getVoWifiEnabledPhoneId: returning phone id: 0
02-07 11:44:20.975  7638  7864 I [UNWFC]-- Util: getPrefMenuValue() mccmnc : state : 1
02-07 11:44:20.975  7638  7864 I [UNWFC]-- Util: updateMenuSetting() state : 1
02-07 11:44:20.979  1911  1911 I LockscreenNotificationIconsOnlyController: onNotificationInfoUpdated 0
02-07 11:44:20.979  1911  1911 I AODNotificationManager: updateNotification() 
02-07 11:44:20.980  7638  7864 I [UNWFC]-- Util: getVoWifiEnabledPhoneId: returning phone id: 0
02-07 11:44:20.981  7638  7864 I [UNWFC]-- DB: getInt() phoneId : 0 preference_menu : 1
02-07 11:44:20.982  7638  7766 I WM-WorkerWrapper: Worker result SUCCESS for Work [ id=4e644c18-defa-43db-9047-3aaed6b498df, tags={ com.sec.unifiedwfc.carrier.VoWifiSimStateWorker } ]
02-07 11:44:20.983  4224  4528 I Finsky  : [45] RECEIVER_BOOT_COMPLETED#logWorkEndAndFinishGoAsync: SUCCESS
02-07 11:44:20.987  1435  1789 D BackgroundInstallControlService: Package event received: 0
02-07 11:44:20.987  1435  1789 D BackgroundInstallControlService: Package event received: 0
02-07 11:44:20.987   935   935 I BufferQueueProducer: [StatusBar$_1911#98](this:0xb400007a7b7fa638,id:-1,api:0,p:-1,c:935) queueBuffer: fps=6.43 dur=1088.46 max=677.52 min=11.03
02-07 11:44:20.990  1435  4037 D PackageManager: setEnabledSetting : userId = 0 packageName = com.sec.unifiedwfc cmp = androidx.work.impl.background.systemalarm.RescheduleReceiver newState = 2 callingPackage = com.sec.unifiedwfc
02-07 11:44:20.995  5240  5613 D WM-GreedyScheduler: Ignoring {WorkSpec: 920f7bf7-186a-43a1-b39b-d4f1e2d296ec}. Requires device idle.
02-07 11:44:20.995  5240  5613 D WM-GreedyScheduler: Ignoring {WorkSpec: e1936025-ed5f-42c7-be7d-bafc601e14fd}. Requires device idle.
02-07 11:44:20.996  5240  5613 D WM-GreedyScheduler: Starting tracking for 49b8feb6-6e5b-4851-b969-2c9b581c834d,92c06af5-4678-4b9f-a73d-7414d2a46783,39c76a76-b3f2-49dd-b062-52424ede5ca9
02-07 11:44:20.997   674   674 W keymint_tee: [WRN]ret OK PARAMS: A32, PP0, PP1, BM32, PD1, NAR1, KS128, CD2026.02.07,11:44:20.991, 
02-07 11:44:20.997   674   674 D android.hardware.security.keymint-service: generateKeyInternal: ret 0
02-07 11:44:20.998   673  6437 I keystore2: system/security/keystore2/src/security_level.rs:757 - In generate_key. 10230, Some("nearby_presence_authentication_secret_key_alias_EYcrxUuVSIrLF2A6LC9DyFWNNR-DWZeYPe73F5j2jVw")
02-07 11:44:20.999   673  6437 I keystore2: system/security/keystore2/src/database.rs:2260 - In store_new_key "nearby_presence_authentication_secret_key_alias_EYcrxUuVSIrLF2A6LC9DyFWNNR-DWZeYPe73F5j2jVw", uid=10230, cert=false, cert_chain=false rebound=false
02-07 11:44:21.000  1435  2160 D ActivityManager: Received BROADCAST intent 0x440c1de Key{broadcastIntent pkg=android intent=act=com.samsung.android.wifi.GEOFENCE xflg=0x4 pkg=android flags=0x3000000 u=0} requestCode=3 sent=0 from uid 1000
02-07 11:44:21.002  4665  4665 I Routine@Core[4.9.04.16]: SepRoutineTrustAgentService: onStartCommand - action : action.sample_trust_agent.grant_trust
02-07 11:44:21.002  4665  4665 I Routine@Core[4.9.04.16]: Pref: putSharedPrefsData: key=routine_trust_agent_service_key, data.size=1
02-07 11:44:21.004  4772  5271 I WM-GreedyScheduler: Ignoring schedule request in a secondary process
02-07 11:44:21.006  4224  4743 I Finsky  : [55] SCH: Scheduling phonesky job Id: 1-1337, CT: 1770420416657, Constraints: [{ L: 43162074, D: 86362074, C: CHARGING_NONE, I: IDLE_NONE, N: NET_ANY, B: BATTERY_ANY }]
02-07 11:44:21.009  4224  4743 I Finsky  : [55] SCH: Scheduling phonesky job Id: 20-23232323, CT: 1770377204717, Constraints: [{ L: 0, D: 82800000, C: CHARGING_REQUIRED, I: IDLE_NONE, N: NET_UNMETERED, B: BATTERY_ANY }]
02-07 11:44:21.009  4224  4743 I Finsky  : [55] SCH: Scheduling phonesky job Id: 26-1414141414, CT: 1770394007367, Constraints: [{ L: 43200000, D: 44100000, C: CHARGING_NONE, I: IDLE_NONE, N: NET_NONE, B: BATTERY_ANY }]
02-07 11:44:21.010  4224  4743 I Finsky  : [55] SCH: Scheduling phonesky job Id: 34-387, CT: 1770377208523, Constraints: [{ L: 604800000, D: 2462892503, C: CHARGING_NONE, I: IDLE_NONE, N: NET_ANY, B: BATTERY_ANY }]
02-07 11:44:21.010  4224  4743 I Finsky  : [55] SCH: Scheduling phonesky job Id: 34-391, CT: 1770377208523, Constraints: [{ L: 604800000, D: 2542202905, C: CHARGING_NONE, I: IDLE_NONE, N: NET_ANY, B: BATTERY_ANY }]
02-07 11:44:21.010  1435  2160 D SLocation: CommonUtil - check android.permission.ACCESS_COARSE_LOCATION Permission pid=1435, uid=1000, hasPermission=true
02-07 11:44:21.010  1435  2160 D SLocation: CommonUtil - check android.permission.ACCESS_FINE_LOCATION Permission pid=1435, uid=1000, hasPermission=true
02-07 11:44:21.011  4224  4743 I Finsky  : [55] SCH: Scheduling phonesky job Id: 34-392, CT: 1770377208524, Constraints: [{ L: 0, D: 1296000000, C: CHARGING_REQUIRED, I: IDLE_REQUIRED, N: NET_UNMETERED, B: BATTERY_ANY }, { L: 0, D: 1296000000, C: CHARGING_NONE, I: IDLE_REQUIRED, N: NET_UNMETERED, B: BATTERY_NOT_LOW }]
02-07 11:44:21.011  4224  4743 I Finsky  : [55] SCH: Scheduling phonesky job Id: 34-393, CT: 1770377208524, Constraints: [{ L: 0, D: 1296000000, C: CHARGING_NONE, I: IDLE_NONE, N: NET_UNMETERED, B: BATTERY_NOT_LOW }]
02-07 11:44:21.011  4224  4743 I Finsky  : [55] SCH: Scheduling phonesky job Id: 34-394, CT: 1770406636755, Constraints: [{ L: 79199552, D: 1375199552, C: CHARGING_NONE, I: IDLE_NONE, N: NET_ANY, B: BATTERY_ANY }]
02-07 11:44:21.012  4224  4743 I Finsky  : [55] SCH: Scheduling phonesky job Id: 34-395, CT: 1770406638716, Constraints: [{ L: 604800000, D: 2591998552, C: CHARGING_NONE, I: IDLE_NONE, N: NET_ANY, B: BATTERY_ANY }]
02-07 11:44:21.014  5240  5721 I egwv    : Successfully scheduled next periodic workers
02-07 11:44:21.014  1435  1632 D InputReader: Btn_touch(6): value=1 when=67.703313
02-07 11:44:21.014  1435  1632 I InputReader: Touch event's action is 0x0 (id=5, t=0) [pCnt=1, s=0.36 ] when=67.703313
02-07 11:44:21.015  1435  1631 I InputDispatcher: Delivering touch to (1911): action: 0x4, f=0x0, d=0, 'ced1403', t=1 
02-07 11:44:21.015  1435  1631 I InputDispatcher: Delivering touch to (2579): action: 0x0, f=0x0, d=0, 'ee47cd3', t=1 
02-07 11:44:21.016  2579  2579 I VRI[LauncherActivity]@60a9e0d: ViewPostIme pointer 0
02-07 11:44:21.016  2579  2579 I HoneySpace.LongPressTouchController: ACTION_DOWN, (968.0, 1329.0)
02-07 11:44:21.016  2579  2579 I HoneySpace.LongPressTouchController: startLongPressJob, touchDownState = com.honeyspace.sdk.HomeScreen$Normal@21f3c30
02-07 11:44:21.017  2579  2579 I GestureDetector: obtain mCurrentDownEvent. id: 276859617 caller: com.honeyspace.ui.honeypots.homescreen.presentation.HomeView.f:150 com.honeyspace.ui.honeypots.homescreen.presentation.HomeView.dispatchTouchEvent:298 android.view.ViewGroup.dispatchTransformedTouchEvent:3371 
02-07 11:44:21.017  2579  2579 I HoneySpace.HomeView: findControllerToHandleTouch ev = 0
02-07 11:44:21.017  2579  2579 I HoneySpace.HoneyWindowController: windowMap[it.hashCode()]?.get()=com.android.internal.policy.PhoneWindow@9329485
02-07 11:44:21.017  2579  2579 I HoneySpace.StatusBarTouchController: canInterceptTouch showNotificationPanel : true systemUiProxy.isActive() = true honeyScreenManager.currentHoneyScreen : HOME honeyScreen.currentHoneyState : com.honeyspace.sdk.HomeScreen$Normal@21f3c30
02-07 11:44:21.017  2579  2579 I HoneySpace.FinderTouchController: onControllerInterceptTouchEvent :: canInterceptTouch() = false, QuickOptionUtil.isShowQuickOption() : false QuickOptionUtil.isDragging : false
02-07 11:44:21.017  2579  2579 I HoneySpace.HomeAppsTouchController: currentChangeState : com.honeyspace.sdk.HomeScreen$Normal@21f3c30, currentHoneyState : com.honeyspace.sdk.HomeScreen$Normal@21f3c30, EditLockPopup : false, isOpenFolderMode : false, isChildScrolling : false, isDragAnimRunning : false
02-07 11:44:21.017  2579  2579 I HoneySpace.HomeAppsTouchController: currentChangeState : com.honeyspace.sdk.HomeScreen$Normal@21f3c30, currentHoneyState : com.honeyspace.sdk.HomeScreen$Normal@21f3c30, EditLockPopup : false, isOpenFolderMode : false, isChildScrolling : false, isDragAnimRunning : false
02-07 11:44:21.017  2579  2579 I HoneySpace.PageEditTouchController: onControllerInterceptTouchEvent, isInProgress = false
02-07 11:44:21.017  2579  2579 I HoneySpace.WorkspaceFastRecyclerView: dispatchTouchEvent() event.action=0
02-07 11:44:21.017  2579  2579 I HoneySpace.WorkspaceFastRecyclerView: processDownMotionEvent, index = 0, id = 0
02-07 11:44:21.017  2579  2579 I HoneySpace.WorkspaceFastRecyclerView: initTouchPoint, index = 0, id = 0
02-07 11:44:21.021  3827  3827 I SemDvfsHyPerManager: acquire hyper - TATouchBoost/3827@21, type = -999
02-07 11:44:21.023   884   910 I HYPER-HAL: [RequestManager.cpp]acquire(): Acquired ID : 7405497  [3827 / 21]    HINT :      list : [TABoost / 40] [TIMEOUT / 1500] 
02-07 11:44:21.023  5240  5240 D WM-WorkerWrapper: Starting work for com.google.apps.tiktok.contrib.work.TikTokListenableWorker
02-07 11:44:21.023  3827  3827 I SemDvfsHyPerManager: acquire hyper - TaskTurbo/3827@22, type = -999
02-07 11:44:21.024   884   910 I HYPER-HAL: [RequestManager.cpp]acquire(): Acquired ID : 7409347  [3827 / 22]    HINT :      list : [TaskTurbo / 15] [TIMEOUT / 1500] 
02-07 11:44:21.024  5240  5613 D WM-Processor: WorkerWrapper interrupted for 31c98caa-b7cc-4936-b1c6-268553511fe4
02-07 11:44:21.024  5240  5613 D WM-StopWorkRunnable: StopWorkRunnable for 31c98caa-b7cc-4936-b1c6-268553511fe4; Processor.stopWork = true
