02-07 11:44:21.031  3146  3241 I Icing   : IndexChimeraService.getServiceInterface callingPackage=com.google.android.gms componentName=null serviceId=30
02-07 11:44:21.031  4772  4944 D WM-ListenableWorkerImpl: Interrupting work with id (31c98caa-b7cc-4936-b1c6-268553511fe4)
02-07 11:44:21.032  2579  2579 I GestureDetector: obtain mCurrentMotionEventRaw. action: 2 id: 835981886
02-07 11:44:21.032  2579  2579 I HoneySpace.HomeView: findControllerToHandleTouch ev = 2
02-07 11:44:21.032  2579  2579 I HoneySpace.FinderTouchController: onControllerInterceptTouchEvent :: canInterceptTouch() = false, QuickOptionUtil.isShowQuickOption() : false QuickOptionUtil.isDragging : false
02-07 11:44:21.032  2579  2579 I HoneySpace.HomeAppsTouchController: currentChangeState : com.honeyspace.sdk.HomeScreen$Normal@21f3c30, currentHoneyState : com.honeyspace.sdk.HomeScreen$Normal@21f3c30, EditLockPopup : false, isOpenFolderMode : false, isChildScrolling : false, isDragAnimRunning : false
02-07 11:44:21.032  2579  2579 I HoneySpace.PageEditTouchController: onControllerInterceptTouchEvent, isInProgress = false
02-07 11:44:21.032  2579  2579 I HoneySpace.MinusOnePageController: ACTION_MOVE isValidState: false isNormalState: true shouldStartScroll: false delta: -19.660156 isScrollableItemTouch: false touchSlop: 23.0 minusOnePageMover: n4.d@293e86f
02-07 11:44:21.032  2579  2579 I HoneySpace.WorkspaceFastRecyclerView: updateIsBeingDraggedOnTouchDown touchSlop:23, diff:19, moved:false, useLongTouchSlop:false
02-07 11:44:21.043  2579  2579 I HoneySpace.LongPressTouchController: cancelLongPressJob, out of touchSlop
02-07 11:44:21.043  2579  2579 I HoneySpace.HomeView: findControllerToHandleTouch ev = 2
02-07 11:44:21.043  2579  2579 I HoneySpace.FinderTouchController: onControllerInterceptTouchEvent :: canInterceptTouch() = false, QuickOptionUtil.isShowQuickOption() : false QuickOptionUtil.isDragging : false
02-07 11:44:21.043  2579  2579 I HoneySpace.HomeAppsTouchController: currentChangeState : com.honeyspace.sdk.HomeScreen$Normal@21f3c30, currentHoneyState : com.honeyspace.sdk.HomeScreen$Normal@21f3c30, EditLockPopup : false, isOpenFolderMode : false, isChildScrolling : false, isDragAnimRunning : false
02-07 11:44:21.043  2579  2579 I HoneySpace.PageEditTouchController: onControllerInterceptTouchEvent, isInProgress = false
02-07 11:44:21.043  2579  2579 I HoneySpace.TouchDirectionDetector: displacementComponent = -48.0
02-07 11:44:21.043  2579  2579 I HoneySpace.TouchDirectionDetector: canScrollNegative direction = true
02-07 11:44:21.043  2579  2579 I HoneySpace.TouchDirectionDetector: direction.isNegative(displacement) = true
02-07 11:44:21.043  2579  2579 I HoneySpace.MinusOnePageController: ACTION_MOVE isValidState: false isNormalState: true shouldStartScroll: true delta: -48.0 isScrollableItemTouch: false touchSlop: 23.0 minusOnePageMover: n4.d@293e86f
02-07 11:44:21.043  2579  2579 I HoneySpace.WorkspaceFastRecyclerView: updateIsBeingDraggedOnTouchDown touchSlop:23, diff:48, moved:true, useLongTouchSlop:false
02-07 11:44:21.043  2579  2579 I HoneySpace.WorkspaceFastRecyclerView: startScroll
02-07 11:44:21.044  2579  2579 I HoneySpace.WorkspaceFastRecyclerView: updateCellLayoutAlpha() showAll: true
02-07 11:44:21.044  2579  2579 I HoneySpace.DvfsManager: boostPageSwipe takenTime: 1770432261044
02-07 11:44:21.044  2579  2579 I SemDvfsHyPerManager: acquire hyper - LAUNCHER_TOUCH/2579@3, type = -999
02-07 11:44:21.044  2579  2579 I HoneySpace.WorkspaceFastRecyclerView: onInterceptTouchEvent() by isPageScrolling
02-07 11:44:21.045   884   910 I HYPER-HAL: [RequestManager.cpp]acquire(): Acquired ID : 3334656  [2579 / 3]    HINT : LAUNCHER_TOUCH    list : [TIMEOUT / 10000] 
02-07 11:44:21.045   884   910 I mtkpower_client: perf_lock_acq, hdl:0, dur:0, num:2, tid:910
02-07 11:44:21.051   884   910 I mtkpower_client: ret_hdl:57
02-07 11:44:21.052   889   952 I libPowerHal: [perfLockAcq] idx:1 hdl:57 hint:-1 pid:884 tid:910 duration:0 lock_user:vendor.samsung. => ret_hdl:57
02-07 11:44:21.052   889   952 I libPowerHal: [setClusterFreq] vendor.samsung. set cpufreq[0] min:1150000 max:-1 cpufreq[1] min:-1 max:-1 
02-07 11:44:21.052   889   952 I libPowerHal: [setClusterFreq]  set cpu_ctrl cpufreq: 1150000 -1 -1 -1 
02-07 11:44:21.054  2579  2579 I HoneySpace.WorkspacePot: isScrolling
02-07 11:44:21.063   872  1249 I hwcomposer: [HWC] (0)fire a callback of refresh to SF[4]  
02-07 11:44:21.064  3146  7906 I SchedulingUtil: (REDACTED) Scheduling %s.
02-07 11:44:21.065  2579  2579 I HoneySpace.WorkspacePot: isScrolling
02-07 11:44:21.068   935   935 I BufferQueueProducer: [FramebufferSurface](this:0xb400007ab0cf0370,id:-1,api:1,p:935,c:935) queueBuffer: fps=2.03 dur=1475.78 max=1054.27 min=56.50
02-07 11:44:21.074  2719  4726 I SemanticLocation: [MDD] Loading embedded CSL model. [CONTEXT service_id=173 ]
02-07 11:44:21.076  2579  2579 I HoneySpace.WorkspacePot: isScrolling
02-07 11:44:21.077  3514  3518 I droid.messaging: NativeAlloc concurrent mark compact GC freed 2380KB AllocSpace bytes, 9(324KB) LOS objects, 60% free, 4082KB/10226KB, paused 1.050ms,1.761ms total 716.126ms
02-07 11:44:21.078  3146  7906 I SchedulingUtil: (REDACTED) Scheduling %s.
02-07 11:44:21.081  5240  5639 I egvv    : #sync() complete
02-07 11:44:21.081  1435  2160 E AppOps  : attributionTag wifi not declared in manifest of android
02-07 11:44:21.082  1435  2160 I SLocation: ReceiverPair - handleStartLocation : id 3 with 2
02-07 11:44:21.082  1435  2160 D SLocation: LocationProviderStatus - try to update provider status (GPS/NLP)
02-07 11:44:21.082  1435  2160 D SLocation: LocationProviderStatus - set isGpsOn : true, isNlpOn : true
02-07 11:44:21.082  1435  2160 D SLocation: LocationProviderStatus - gps & nlp status not changed
02-07 11:44:21.082  3514  4883 I Kumiho-Kumiho: getPackageName: com.samsung.android.messaging
02-07 11:44:21.082  1435  2160 I SLocation: SHardwareManager - already running max hw geofence
02-07 11:44:21.082  1435  2160 D SLocation: GeopointReceiver - Geopoint_4 : send geopoint result - 2
02-07 11:44:21.082  1435  2160 D SLocation: GeopointReceiver - geofence id (4:1_android_wifi) detected : 2
02-07 11:44:21.087  2579  2579 I HoneySpace.WorkspacePot: isScrolling
02-07 11:44:21.092  1435  1568 D ActivityManager: Received SERVICE intent 0x3703707 Key{startService pkg=com.google.android.gms/network_location_provider intent=act=com.google.android.gms.location.util.nlp.RESULT cat=[targeted_intent_op_prefix:.location.util.nlp.NlpInternalApi$NlpReceiverIntentOperation] xflg=0x4 cmp=com.google.android.gms/.chimera.PersistentIntentOperationService flags=0x2000000 u=0} requestCode=1 from uid 10230
02-07 11:44:21.094  1435  4052 W ActivityManager: Slow operation: 152ms so far, now at finishAttachApplicationInner: after mServices.attachApplicationLocked
02-07 11:44:21.095  1435  4052 I ActivityManager: Changes in 10281 19 to 11, 0 to 128
02-07 11:44:21.095  1435  4052 W ActivityManager: Slow operation: 153ms so far, now at finishAttachApplicationInner: after dispatching broadcasts
02-07 11:44:21.096  1435  1470 W Looper  : Slow dispatch took 219ms android.ui app=system_server main=false group=TOP_APP h=com.android.server.am.ActivityManagerService$UiHandler c=null m=68
02-07 11:44:21.096  1435  1470 I GestureDetector: obtain mCurrentDownEvent. id: 276859617 caller: com.android.server.wm.SystemGesturesPointerEventListener.onPointerEvent:17 com.android.server.wm.PointerEventDispatcher.onInputEvent:51 android.view.InputEventReceiver.dispatchInputEvent:392 
02-07 11:44:21.096  1435  1470 I GestureDetector: obtain mCurrentDownEvent. id: 276859617 caller: com.android.server.wm.SystemPerformancePointerEventListener.onPointerEvent:13 com.android.server.wm.PointerEventDispatcher.onInputEvent:51 android.view.InputEventReceiver.dispatchInputEvent:392 
02-07 11:44:21.096  1435  1470 I GestureDetector: obtain mCurrentMotionEventRaw. action: 2 id: 11674601
02-07 11:44:21.096  1435  1470 I GestureDetector: obtain mCurrentMotionEventRaw. action: 2 id: 11674601
02-07 11:44:21.097   878   953 I SensorsHub: DeviceOrientation(0): event = 0, time = 67784307969
02-07 11:44:21.097  1911  1911 D AppController: AppControlSensorListener.onSensorChanged, Rotation: 0
02-07 11:44:21.097  1435  1470 W Looper  : Slow delivery took 213ms android.ui app=system_server main=false group=TOP_APP h=com.android.server.am.ActivityManagerService$UiHandler c=com.android.server.am.UidObserverController$$ExternalSyntheticLambda0@e47b507 m=0
02-07 11:44:21.097  1435  1470 D WindowOrientationListener: onSensorChanged device orientation: 0
02-07 11:44:21.098  1435  1470 V WindowManager: Computed rotation=ROTATION_0 (0) for display id=0 based on lastOrientation=SCREEN_ORIENTATION_NOSENSOR (5) and oldRotation=ROTATION_0 (0), caller=com.android.server.wm.WindowManagerService.updateRotationUnchecked:72 com.android.server.wm.DisplayRotation$OrientationListener.onProposedRotationChanged:328 com.android.server.wm.WindowOrientationListener$OrientationSensorJudge.finalizeRotation:26 com.android.server.wm.WindowOrientationListener$OrientationSensorJudge.onSensorChanged:392 android.hardware.SystemSensorManager$SensorEventQueue.dispatchSensorEvent:1142 android.os.MessageQueue.nativePollOnce:-2 
02-07 11:44:21.100  2579  2579 I HoneySpace.WorkspacePot: isScrolling
02-07 11:44:21.100  1435  1481 D CompatChangeReporter: Compat change id reported: 151861875; UID 10219; state: ENABLED
02-07 11:44:21.110  2579  2579 I HoneySpace.WorkspacePot: isScrolling
02-07 11:44:21.112  1158  1158 E vendor.samsung.hardware.gnss-service: gpsinf_inject_best_location: flags:51, speed:0.000000, bearing:0.000000, h_accuracy:77.599998, v_accuracy:10.771061, s_accuracy:0.000000, b_accuracy:0.000000, timestamp:905734497 
02-07 11:44:21.113  1076  1120 E mnl2hal : hal2mnl_hdlr: HAL2MNL_GPS_INJECT_BEST_LOCATION h_accuracy:77.599998, timestamp:905734497 
02-07 11:44:21.113  1076  1120 D MNLD    : mnld_nfw_mnl2agps_location_sync: mnl2agps_location_sync success, ret = 51
02-07 11:44:21.113  1145  1152 D agps    : [agps][n][AGPS] [MNL] mnl2agps [153]
02-07 11:44:21.117  1435  2324 D PackageManager: setEnabledSetting : userId = 0 packageName = com.sec.android.app.kidshome cmp = androidx.work.impl.background.systemalarm.RescheduleReceiver newState = 1 callingPackage = com.sec.android.app.kidshome
02-07 11:44:21.117  1435  4067 I ActivityManager: Changes in 10281 11 to 19, 128 to 0
02-07 11:44:21.118  1435  2324 D ApplicationPolicy: getApplicationStateEnabled : pkg = com.sec.android.app.kidshome userId : 0
02-07 11:44:21.118  1435  1470 W Looper  : Drained
02-07 11:44:21.119  1435  2324 D ApplicationPolicy: getApplicationComponentState : pkg = com.sec.android.app.kidshome userId : 0
02-07 11:44:21.123  2579  2579 I HoneySpace.WorkspacePot: isScrolling
02-07 11:44:21.124  1435  1632 D InputReader: Btn_touch(6): value=0 when=67.813665
02-07 11:44:21.124  1435  1632 I InputReader: Touch event's action is 0x1 (id=5, t=0) [pCnt=1, s=] when=67.813665
02-07 11:44:21.125  1435  1807 D AutoWifiController: mGeofenceStateListener state is 1
02-07 11:44:21.125  1435  1631 I InputDispatcher: Delivering touch to (2579): action: 0x1, f=0x0, d=0, 'ee47cd3', t=1 
02-07 11:44:21.125  1435  1807 D AutoWifi.Geofence:                    [id : 4][direction : ENTER  ][result : ENTER  ]
02-07 11:44:21.125  1435  1807 D AutoWifiController: mGeofenceStateListener state is 2
02-07 11:44:21.125  1435  1807 D AutoWifi.Geofence:                    [id : 3][direction : EXIT   ][result : ENTER  ]
02-07 11:44:21.126  1435  2160 D ActivityManager: Received BROADCAST intent 0x6494eb5 Key{broadcastIntent pkg=android intent=act=com.samsung.android.wifi.GEOFENCE xflg=0x4 pkg=android flags=0x3000000 u=0} requestCode=1 sent=0 from uid 1000
02-07 11:44:21.126  1435  2160 D SLocation: CommonUtil - check android.permission.ACCESS_COARSE_LOCATION Permission pid=1435, uid=1000, hasPermission=true
02-07 11:44:21.126  1435  2160 D SLocation: CommonUtil - check android.permission.ACCESS_FINE_LOCATION Permission pid=1435, uid=1000, hasPermission=true
02-07 11:44:21.129  3146  7908 I SchedulingUtil: (REDACTED) Scheduling %s.
02-07 11:44:21.129   856   856 D Zygote  : Forked child process 7914
02-07 11:44:21.130  3146  7908 I SchedulingUtil: (REDACTED) Scheduling %s.
02-07 11:44:21.132  2579  2579 I VRI[LauncherActivity]@60a9e0d: ViewPostIme pointer 1
02-07 11:44:21.132  2579  2579 I HoneySpace.WorkspaceFastRecyclerView: resetPageAndTouchState MotionEvent { action=ACTION_UP, actionButton=0, id[0]=0, x[0]=549.0, y[0]=1507.0, toolType[0]=TOOL_TYPE_FINGER, buttonState=0, classification=NONE, metaState=0, flags=0x0, edgeFlags=0x0, pointerCount=1, historySize=0, eventTime=67813, downTime=67703, deviceId=5, source=0x1002, displayId=0, eventId=579168440 }
02-07 11:44:21.132  2579  2579 I HoneySpace.WorkspaceFastRecyclerView: snapToPageForLooping() velocityX: -6259, isSignificantMove: true, isFling: true, isDeltaXLeft: true, isVelocityXLeft: true, supportInfiniteLoop: false, currentPage: 1, childCount: 23, visibleCount: 1
02-07 11:44:21.132  2579  2579 I HoneySpace.WorkspaceFastRecyclerView: getSnapToFinalPage() currentPage: 1, getNextPage(): 1, scrollDelta: 1
02-07 11:44:21.133  2579  2579 I HoneySpace.WorkspaceFastRecyclerView: snapToPage() currentPage: 1, toPage: 2
02-07 11:44:21.133  2579  2579 I HoneySpace.WorkspacePageIndicatorViewModel: updateTargetPage 2
02-07 11:44:21.133  2579  2579 I HoneySpace.WorkspacePot: Save workspace target page : 2
02-07 11:44:21.133  2579  2579 I HoneySpace.PageReorder: notifyNextRankChange = 2
02-07 11:44:21.133  2579  2579 I HoneySpace.WorkspacePageIndicatorViewModel: updateCurrentPage position : 2
02-07 11:44:21.133  2579  2579 I HoneySpace.WorkspacePageIndicatorViewModel: updateCurrentPage 2
02-07 11:44:21.133  2579  2579 I HoneySpace.WorkspacePageIndicatorViewModel: updateCurrentPage: 2, forSync = 2
02-07 11:44:21.133  2579  2579 I HoneySpace.WorkspacePot: Is minusone page & Is plus page false
02-07 11:44:21.133  2579  2579 I HoneySpace.WorkspacePot: Save workspace current page : 2
02-07 11:44:21.134  2579  2579 I HoneySpace.WorkspacePageIndicatorViewModel: updateCurrentRank: 2, forSync = 2
02-07 11:44:21.134  2579  2579 I HoneySpace.WorkspacePageIndicatorViewModel: startDefaultPageAlphaAnimation, forSync? false, rank = 2, to = 0.5
02-07 11:44:21.134  2579  2579 I HoneySpace.DeletePageLayout: updateDeletePageAlpha return by not visible
02-07 11:44:21.134  2579  2579 I HoneySpace.DeletePageLayout: updateDeletePageAlpha return by not visible
02-07 11:44:21.134  2579  2579 I HoneySpace.DeletePageLayout: updateDeletePageAlpha return by not visible
02-07 11:44:21.134  2579  2579 I HoneySpace.DeletePageLayout: updateDeletePageAlpha return by not visible
02-07 11:44:21.134  2579  2579 I HoneySpace.DeletePageLayout: updateDeletePageAlpha return by not visible
02-07 11:44:21.134  2579  2579 I HoneySpace.DeletePageLayout: updateDeletePageAlpha return by not visible
02-07 11:44:21.134  2579  2579 I HoneySpace.DeletePageLayout: updateDeletePageAlpha return by not visible
02-07 11:44:21.134  2579  2579 I HoneySpace.DeletePageLayout: updateDeletePageAlpha return by not visible
02-07 11:44:21.134  2579  2579 I HoneySpace.DeletePageLayout: updateDeletePageAlpha return by not visible
02-07 11:44:21.134  2579  2579 I HoneySpace.DeletePageLayout: updateDeletePageAlpha return by not visible
02-07 11:44:21.134  2579  2579 I HoneySpace.DeletePageLayout: updateDeletePageAlpha return by not visible
02-07 11:44:21.134  2579  2579 I HoneySpace.DeletePageLayout: updateDeletePageAlpha return by not visible
02-07 11:44:21.135  2579  2579 I HoneySpace.DeletePageLayout: updateDeletePageAlpha return by not visible
02-07 11:44:21.135  2579  2579 I HoneySpace.DeletePageLayout: updateDeletePageAlpha return by not visible
02-07 11:44:21.135  2579  2579 I HoneySpace.DeletePageLayout: updateDeletePageAlpha return by not visible
02-07 11:44:21.135  2579  2579 I HoneySpace.DeletePageLayout: updateDeletePageAlpha return by not visible
02-07 11:44:21.135  2579  2579 I HoneySpace.DeletePageLayout: updateDeletePageAlpha return by not visible
02-07 11:44:21.135  2579  2579 I HoneySpace.DeletePageLayout: updateDeletePageAlpha return by not visible
02-07 11:44:21.135  2579  2579 I HoneySpace.DeletePageLayout: updateDeletePageAlpha return by not visible
02-07 11:44:21.135  2579  2579 I HoneySpace.DeletePageLayout: updateDeletePageAlpha return by not visible
02-07 11:44:21.135  2579  2579 I HoneySpace.DeletePageLayout: updateDeletePageAlpha return by not visible
02-07 11:44:21.135  2579  2579 I HoneySpace.DeletePageLayout: updateDeletePageAlpha return by not visible
02-07 11:44:21.135  2579  2579 I HoneySpace.DeletePageLayout: updateDeletePageAlpha return by not visible
02-07 11:44:21.135  2579  2579 I HoneySpace.WorkspaceFastRecyclerView: Touch Pos(WorkspaceFastRecyclerView) : D-(968, 67706)-M-(948, 67720)-M-(920, 67731)-S--M-(901.5, 67742)-M-(834.7295, 67753)-M-(739.7715, 67764)-M-(694.21875, 67775)-M-(631.5547, 67787)-M-(583.8203, 67798)-M-(542.4033, 67809)-U-(549, 67824)-End
02-07 11:44:21.135  2579  2579 I HoneySpace.WorkspaceFastRecyclerView: resetTouchState
02-07 11:44:21.136  2579  2579 I HoneySpace.PageIndicatorView: change current page : 2, com.honeyspace.ui.common.pageindicator.PageIndicatorView{692e923 V.E...... ........ 0,1842-1080,1932 #7f0a07a9 app:id/workspace_page_indicator}
02-07 11:44:21.136  2579  2579 I HoneySpace.PageIndicatorView: setActiveMarker : 2
02-07 11:44:21.136  2579  2579 I HoneySpace.PageIndicatorView: markers.size = 23
02-07 11:44:21.139  4772  5317 I bnvn    : (REDACTED) SBN: end network request: %s
02-07 11:44:21.141  4665  4665 I Routine@Core[4.9.04.16]: SepRoutineTrustAgentService: onStartCommand: grant required empty
02-07 11:44:21.141  4665  4665 I Routine@Core[4.9.04.16]: SepRoutineTrustAgentService: setEnabledTrustedAgent: isEnable=false
02-07 11:44:21.144  1435  2160 E AppOps  : attributionTag wifi not declared in manifest of android
02-07 11:44:21.144  1435  2160 I SLocation: ReceiverPair - handleStartLocation : id 4 with 2
02-07 11:44:21.144  1435  2160 D SLocation: LocationProviderStatus - try to update provider status (GPS/NLP)
02-07 11:44:21.144  1435  2160 D SLocation: LocationProviderStatus - set isGpsOn : true, isNlpOn : true
02-07 11:44:21.144  1435  2160 D SLocation: LocationProviderStatus - gps & nlp status not changed
02-07 11:44:21.144  1435  2160 I SLocation: SHardwareManager - already running max hw geofence
02-07 11:44:21.145  1435  2160 D SLocation: GeopointReceiver - PendingIntent onSendFinished id:1
02-07 11:44:21.145  1435  2160 D SLocation: PositionManager - Passive handleLocationChanged [N, A : 77.60, T : 1770432260449, ET : 67135, h : 20/21]
02-07 11:44:21.145  1435  2160 D SLocation: GeopointReceiver - PendingIntent onSendFinished id:2
02-07 11:44:21.145  1435  2160 D SLocation: GeopointReceiver - PendingIntent onSendFinished id:3
02-07 11:44:21.145  1435  2160 D SLocation: GeofenceLocationFilter - location sent before 288, need to filter / provider : network, accuracy : 77.6
02-07 11:44:21.145  1435  2160 I SLocation: GeofenceLocationFilter - alarm set, next time to send location : 73546, E.Q@d06b9d8
02-07 11:44:21.150  4772  7799 I cn_CronetUrlRequestContext: destroyNativeStreamLocked android.net.connectivity.org.chromium.net.impl.CronetBidirectionalStream@9edd190
02-07 11:44:21.151  1435  1435 I SemDvfsHyPerManager: acquire hyper - SMOOTH_SCROLL/1435@25, type = -999
02-07 11:44:21.152   884   910 I HYPER-HAL: [RequestManager.cpp]acquire(): Acquired ID : 1066555  [1435 / 25]    HINT : SMOOTH_SCROLL    list : 
02-07 11:44:21.152  1435  1807 D AutoWifiController: mGeofenceStateListener state is 2
02-07 11:44:21.152  1435  1807 D AutoWifi.Geofence:                    [id : 1][direction : EXIT   ][result : ENTER  ]
02-07 11:44:21.152   884   910 I mtkpower_client: perf_lock_rel, hdl:57, tid:910
02-07 11:44:21.153   889   952 I libPowerHal: [perfLockRel] hdl:57, idx:1
02-07 11:44:21.153   889   952 I libPowerHal: [setClusterFreq]  set cpu_ctrl cpufreq: -1 -1 -1 -1 
02-07 11:44:21.154   884   910 I mtkpower_client: perf_lock_acq, hdl:0, dur:0, num:2, tid:910
02-07 11:44:21.155  4665  4665 I Routine@Core[4.9.04.16]: SepRoutineTrustAgentService: setEnabledTrustedAgent: collection=[ComponentInfo{com.google.android.gms/com.google.android.gms.auth.trustagent.GoogleTrustAgent}, ComponentInfo{com.google.android.gms/com.google.android.gms.personalsafety.service.LockingTrustAgentService}]
02-07 11:44:21.155   889   952 I libPowerHal: [perfLockAcq] idx:1 hdl:58 hint:-1 pid:884 tid:910 duration:0 lock_user:vendor.samsung. => ret_hdl:58
02-07 11:44:21.155   889   952 I libPowerHal: [setClusterFreq] vendor.samsung. set cpufreq[0] min:1150000 max:-1 cpufreq[1] min:-1 max:-1 
02-07 11:44:21.155   889   952 I libPowerHal: [setClusterFreq]  set cpu_ctrl cpufreq: 1150000 -1 -1 -1 
02-07 11:44:21.155   884   910 I mtkpower_client: ret_hdl:58
02-07 11:44:21.156   884   910 I mtkpower_client: perf_lock_rel, hdl:58, tid:910
02-07 11:44:21.156  3827  3827 I SemDvfsHyPerManager: acquire hyper - TATouchBoost/3827@21, type = -999
02-07 11:44:21.156   889   952 I libPowerHal: [perfLockRel] hdl:58, idx:1
02-07 11:44:21.156  4772  5209 I fiae    : RequestFinishedInfo.getMetrics() is unsupported when HttpEngineNativeProvider is used. The Metrics object will return null values.
02-07 11:44:21.156   889   952 I libPowerHal: [setClusterFreq]  set cpu_ctrl cpufreq: -1 -1 -1 -1 
02-07 11:44:21.157   884   910 I mtkpower_client: perf_lock_acq, hdl:0, dur:0, num:2, tid:910
02-07 11:44:21.156  3827  3827 I SemDvfsHyPerManager: acquire hyper - TaskTurbo/3827@22, type = -999
02-07 11:44:21.157   884   910 I mtkpower_client: ret_hdl:59
02-07 11:44:21.158   884   910 I HYPER-HAL: [RequestManager.cpp]releaseLocked(): Released ID : 1066555
02-07 11:44:21.158   884   910 I HYPER-HAL: [RequestManager.cpp]acquire(): Acquired ID : 7405497  [3827 / 21]    HINT :      list : [TABoost / 40] [TIMEOUT / 1500] 
02-07 11:44:21.158   884   910 I HYPER-HAL: [RequestManager.cpp]acquire(): Acquired ID : 7409347  [3827 / 22]    HINT :      list : [TaskTurbo / 15] [TIMEOUT / 1500] 
02-07 11:44:21.158   889   952 I libPowerHal: [perfLockAcq] idx:1 hdl:59 hint:-1 pid:884 tid:910 duration:0 lock_user:vendor.samsung. => ret_hdl:59
02-07 11:44:21.158   889   952 I libPowerHal: [setClusterFreq] vendor.samsung. set cpufreq[0] min:1150000 max:-1 cpufreq[1] min:-1 max:-1 
02-07 11:44:21.158   889   952 I libPowerHal: [setClusterFreq]  set cpu_ctrl cpufreq: 1150000 -1 -1 -1 
02-07 11:44:21.161  7914  7914 I ier.carrierwifi: Using CollectorTypeCMC GC.
02-07 11:44:21.162  1435  3843 W system_server: Long monitor contention with owner binder:1435_10 (3858) at boolean com.android.server.job.JobSchedulerService.cancelJob(int, int, int, int, java.lang.String)(qb/105312706 0d252380296b270ca8eac61e5247ce4b44a745ba33484c44fbe9d29bdb5144e6:64) waiters=1 in java.util.List com.android.server.job.JobSchedulerService.-$$Nest$mgetPendingJobsInNamespace(com.android.server.job.JobSchedulerService, int, java.lang.String) for 150ms
02-07 11:44:21.162  2579  4399 I HoneySpace.SPayHandler: updateSpayHandler, show = true, defaultPage = false
02-07 11:44:21.165   878   953 I SensorsHub: DeviceOrientation(0): event = 255, time = 67844305093
02-07 11:44:21.165  7914  7914 E ier.carrierwifi: Not starting debugger since process cannot load the jdwp agent.
02-07 11:44:21.166  5153  7782 I DWBContentProvider: update (content://com.samsung.android.forest.db/persistenceUsageData)
02-07 11:44:21.167  1435  1590 W system_server: Long monitor contention with owner binder:1435_10 (3858) at boolean com.android.server.job.JobSchedulerService.cancelJob(int, int, int, int, java.lang.String)(qb/105312706 0d252380296b270ca8eac61e5247ce4b44a745ba33484c44fbe9d29bdb5144e6:64) waiters=0 in void com.android.server.job.controllers.ConnectivityController$CcHandler.handleMessage(android.os.Message) for 165ms
02-07 11:44:21.167  5240  5613 D WM-GreedyScheduler: Cancelling work ID e8653204-c575-4d9c-adb3-14da73337e73
02-07 11:44:21.171  1911  1911 D AppController: AppControlSensorListener.onSensorChanged, Rotation: -1
02-07 11:44:21.171  7914  7914 D nativeloader: Load libframework-connectivity-tiramisu-jni.so using APEX ns com_android_tethering for caller /apex/com.android.tethering/javalib/framework-connectivity-t.jar: ok
02-07 11:44:21.171  1911  1911 D TileVisibilityRepository: updateRemovedTileListByAppIntent : operation = remove, spec = C(com.sec.unifiedwfc/.ux.quicksettings.WFCQSTileService), removedTileListByAppIntent = []
02-07 11:44:21.172  1435  1470 D WindowOrientationListener: onSensorChanged device orientation: -1
02-07 11:44:21.172  1435  1470 V WindowManager: Computed rotation=ROTATION_0 (0) for display id=0 based on lastOrientation=SCREEN_ORIENTATION_NOSENSOR (5) and oldRotation=ROTATION_0 (0), caller=com.android.server.wm.WindowManagerService.updateRotationUnchecked:72 com.android.server.wm.DisplayRotation$OrientationListener.onProposedRotationChanged:328 com.android.server.wm.WindowOrientationListener$OrientationSensorJudge.finalizeRotation:26 com.android.server.wm.WindowOrientationListener$OrientationSensorJudge.onSensorChanged:392 android.hardware.SystemSensorManager$SensorEventQueue.dispatchSensorEvent:1142 android.os.MessageQueue.nativePollOnce:-2 
02-07 11:44:21.173  1435  1482 W ActivityManager: Slow operation: 72ms so far, now at startProcess: done updating battery stats
02-07 11:44:21.173  7914  7914 D ActivityThread: setConscryptValidator
02-07 11:44:21.173  7914  7914 D ActivityThread: setConscryptValidator - put
02-07 11:44:21.174  1435  1482 W ActivityManager: Slow operation: 72ms so far, now at startProcess: building log message
02-07 11:44:21.174  1435  1482 I ActivityManager: Start proc 7914:com.google.android.apps.carrier.carrierwifi/u0a219 for broadcast {com.google.android.apps.carrier.carrierwifi/com.google.android.apps.carrier.carrierwifi.CarrierWifiReceiver}
02-07 11:44:21.175  1435  1482 W ActivityManager: Slow operation: 74ms so far, now at startProcess: starting to update pids map
02-07 11:44:21.175  4665  4665 I Routine@Core[4.9.04.16]: MetadataLoaderJobService: onCreate
02-07 11:44:21.178  1435  1482 I ActivityManager: ProcessObserver broadcast disabled
02-07 11:44:21.178  1435  1482 W ActivityManager: Slow operation: 77ms so far, now at startProcess: done updating pids map
02-07 11:44:21.181  1435  3959 I GameManagerService: Package Name: com.teamwood.spacewood.unity FPS: 0 Scaling: 1.0
02-07 11:44:21.182  1435  4037 W system_server: Long monitor contention with owner audioserver_lifecycle (1752) at com.android.server.pm.Computer com.android.server.pm.PackageManagerService.snapshotComputer(boolean)(qb/105312706 0d252380296b270ca8eac61e5247ce4b44a745ba33484c44fbe9d29bdb5144e6:23) waiters=0 in com.android.server.pm.Computer com.android.server.pm.PackageManagerService.snapshotComputer(boolean) for 190ms
02-07 11:44:21.183  5153  7782 I DWBInitService: initAppTimer
02-07 11:44:21.185  1911  2200 D TileVisibilityInteractor: TileVisibilityUpdate : [remove] WifiCalling:com.sec.unifiedwfc, com.sec.unifiedwfc.ux.quicksettings.WFCQSTileService, 5
02-07 11:44:21.185  4772  6072 I cokp    : (REDACTED) Writing metadata key: %s, corpus: %s
02-07 11:44:21.185  4772  6072 I cokp    : (REDACTED) Writing metadata key: %s, corpus: %s
02-07 11:44:21.188   935  1010 I SurfaceFlinger: setGameModeFrameRateOverride: uid 10448, frameRate 0.000000 
02-07 11:44:21.191  5240  5613 D WM-SystemJobScheduler: Scheduling work ID e8653204-c575-4d9c-adb3-14da73337e73Job ID 48285
02-07 11:44:21.193  1435  3959 D GameManagerService: setGameMode: fromGameMode 1toGameMode 1
02-07 11:44:21.193  1435  3959 D DssController: Google Screen Compat off for package: com.teamwood.spacewood.unity
02-07 11:44:21.193  1435  3959 D SGM:GameManager: setPackageConfiguration(). dss=1.0
02-07 11:44:21.194  1435  3959 D SGM:GameManager: setAOSPGameMode() get GameManager service
02-07 11:44:21.194  1435  3959 D SGM:GameManager: setAOSPGameMode() pkgName : com.teamwood.spacewood.unity, ASOP_gameMode : 2
02-07 11:44:21.194   935  1010 I SurfaceFlinger: setGameModeFrameRateOverride: uid 10448, frameRate 0.000000 
02-07 11:44:21.194  1435  3959 D GameManagerService: setGameMode: fromGameMode 1toGameMode 2
02-07 11:44:21.194  1435  3959 D SGM:DatabaseHelper: addActionLog(), tag: SET_PKG
02-07 11:44:21.194  1435  3959 D SGM:DatabaseHelper: addActionLog(), msg:   [com.teamwood.spacewood.unity] DSS OFF, GameSDK: -1/-1/true
02-07 11:44:21.195  5240  5613 D WM-GreedyScheduler: Ignoring {WorkSpec: 920f7bf7-186a-43a1-b39b-d4f1e2d296ec}. Requires device idle.
02-07 11:44:21.195  5240  5613 D WM-GreedyScheduler: Ignoring {WorkSpec: e1936025-ed5f-42c7-be7d-bafc601e14fd}. Requires device idle.
02-07 11:44:21.195  5240  5613 D WM-GreedyScheduler: Starting tracking for 49b8feb6-6e5b-4851-b969-2c9b581c834d,92c06af5-4678-4b9f-a73d-7414d2a46783,39c76a76-b3f2-49dd-b062-52424ede5ca9
02-07 11:44:21.196  7785  7913 W JobInfo : Requested important-while-foreground flag for job203 is ignored and takes no effect
02-07 11:44:21.198  1435  3959 D SGM:DatabaseHelper: addActionLog(), delete log data to avoid overflow, id: 5329
02-07 11:44:21.198  1435  3959 D SGM:DatabaseHelper: addActionLog(), ret: 5879
02-07 11:44:21.198  1435  3959 D SGM:GameManager: setPackageConfigurations(). category=1, pkgName=com.lilithgame.hgame.gp.kr
02-07 11:44:21.199  1435  3959 D SGM:GameManager: setPackageConfiguration(). configuration: packageName: com.lilithgame.hgame.gp.kr, performancePolicyForSsrm: {"cpu_level":2,"gpu_level":0,"siop_mode":1}, optimalAspectRatio: 1.7777778, dynamicSurfaceScaling: 1.0, category: 1, categoryByUser: 1, fillBlackSurfaceOnMargins: false, userId: 0
02-07 11:44:21.199  1435  3959 D SGM:GameManager: setPackageConfiguration(). pkgName=com.lilithgame.hgame.gp.kr
02-07 11:44:21.199  1435  3959 D SGM:GameManager: setPackageConfiguration(). userIds=[0]
02-07 11:44:21.199  1435  3959 D SGM:GameManager: setPackageConfiguration(). newCategory=1
02-07 11:44:21.199  1435  3959 D SGM:GameManager: setPackageConfiguration(). userId=0
02-07 11:44:21.199  1435  3959 D SGM:Util: isPkgInstalled(). pkgName=com.lilithgame.hgame.gp.kr, userId=0, installed=true
02-07 11:44:21.199  1435  3959 I GameManagerService: Package Name: com.lilithgame.hgame.gp.kr FPS: 0 Scaling: 1.0
02-07 11:44:21.199   935  1010 I SurfaceFlinger: setGameModeFrameRateOverride: uid 10449, frameRate 0.000000 
02-07 11:44:21.200  1435  3959 D GameManagerService: setGameMode: fromGameMode 1toGameMode 1
02-07 11:44:21.200  1435  3959 D DssController: Google Screen Compat off for package: com.lilithgame.hgame.gp.kr
02-07 11:44:21.200  1435  3959 D SGM:GameManager: setPackageConfiguration(). dss=1.0
02-07 11:44:21.200  1435  3959 D SGM:GameManager: setAOSPGameMode() pkgName : com.lilithgame.hgame.gp.kr, ASOP_gameMode : 2
02-07 11:44:21.200   935  1010 I SurfaceFlinger: setGameModeFrameRateOverride: uid 10449, frameRate 0.000000 
02-07 11:44:21.200  1435  3959 D GameManagerService: setGameMode: fromGameMode 1toGameMode 2
02-07 11:44:21.200  1435  3959 D SGM:DatabaseHelper: addActionLog(), tag: SET_PKG
02-07 11:44:21.200  1435  3959 D SGM:DatabaseHelper: addActionLog(), msg:   [com.lilithgame.hgame.gp.kr] DSS OFF, GameSDK: -1/-1/true
02-07 11:44:21.201  7638  7638 I [UNWFC]-- SimRx: Vowifi sim state worker done
02-07 11:44:21.201  7638  7638 I [UNWFC]-- SimRx: Vowifi Sim State worker state: SUCCEEDED
02-07 11:44:21.201  1435  2320 D CompatChangeReporter: Compat change id reported: 253665015; UID 10281; state: ENABLED
02-07 11:44:21.202  5240  5613 D WM-GreedyScheduler: Cancelling work ID 36b92537-dbe7-4379-bae7-196e55caebde
02-07 11:44:21.206  5240  5240 D WM-SystemJobService: onStopJob for WorkGenerationalId(workSpecId=156260d9-dd28-444f-9c55-88187f6c6ae8, generation=1578)
02-07 11:44:21.207   878   953 I SensorsHub: DeviceOrientation(0): event = 0, time = 67884314330
02-07 11:44:21.210  1911  1911 D AppController: AppControlSensorListener.onSensorChanged, Rotation: 0
02-07 11:44:21.212  3514  4883 I PROV/QueryUriConversations: [CONVERSATION]done query conversations, containsRecipientList : false, category : null, Elapsed time : 4.042461 ms
02-07 11:44:21.212  3514  4883 I PROV/MsgContentProviderQuery: query, uriMatch : 1001, Elapsed time : 4.090154 ms
02-07 11:44:21.212  1435  1882 W JobScheduler: Job didn't exist in JobStore: de6070f {androidx.work.systemjobscheduler} #u0a231/48265 @androidx.work.systemjobscheduler@com.google.android.googlequicksearchbox/androidx.work.impl.background.systemjob.SystemJobService
02-07 11:44:21.213  1435  3959 D SGM:DatabaseHelper: addActionLog(), delete log data to avoid overflow, id: 5330
02-07 11:44:21.213  1435  3959 D SGM:DatabaseHelper: addActionLog(), ret: 5880
02-07 11:44:21.213  1435  3959 D SGM:GameManager: setPackageConfigurations(). category=3, pkgName=com.samsung.android.game.gametools
02-07 11:44:21.213  1435  3959 D SGM:GameManager: setPackageConfiguration(). configuration: packageName: com.samsung.android.game.gametools, performancePolicyForSsrm: {}, optimalAspectRatio: 1.7777778, dynamicSurfaceScaling: 1.0, category: 3, categoryByUser: 3, fillBlackSurfaceOnMargins: false, userId: 0
02-07 11:44:21.213  1435  3959 D SGM:GameManager: setPackageConfiguration(). pkgName=com.samsung.android.game.gametools
02-07 11:44:21.213  1435  3959 D SGM:GameManager: setPackageConfiguration(). userIds=[0]
02-07 11:44:21.213  1435  3959 D SGM:GameManager: setPackageConfiguration(). newCategory=3
02-07 11:44:21.213  1435  3959 D SGM:GameManager: setPackageConfiguration(). userId=0
02-07 11:44:21.213  1435  3959 D SGM:Util: isPkgInstalled(). pkgName=com.samsung.android.game.gametools, userId=0, installed=true
02-07 11:44:21.213  1435  3959 D SGM:GameManager: setPackageConfigurations(). category=3, pkgName=com.samsung.android.game.gamehome
02-07 11:44:21.214  1435  3959 D SGM:GameManager: setPackageConfiguration(). configuration: packageName: com.samsung.android.game.gamehome, performancePolicyForSsrm: {}, optimalAspectRatio: 1.7777778, dynamicSurfaceScaling: 1.0, category: 3, categoryByUser: 3, fillBlackSurfaceOnMargins: false, userId: 0
02-07 11:44:21.214  1435  3959 D SGM:GameManager: setPackageConfiguration(). pkgName=com.samsung.android.game.gamehome
02-07 11:44:21.214  1435  3959 D SGM:GameManager: setPackageConfiguration(). userIds=[0]
02-07 11:44:21.214  1435  3959 D SGM:GameManager: setPackageConfiguration(). newCategory=3
02-07 11:44:21.214  1435  3959 D SGM:GameManager: setPackageConfiguration(). userId=0
02-07 11:44:21.214  1435  3959 D SGM:Util: isPkgInstalled(). pkgName=com.samsung.android.game.gamehome, userId=0, installed=true
02-07 11:44:21.214  1435  3959 D SGM:GameManager: setPackageConfigurations(). category=3, pkgName=com.sec.android.app.samsungapps
02-07 11:44:21.214  1435  3959 D SGM:GameManager: setPackageConfiguration(). configuration: packageName: com.sec.android.app.samsungapps, performancePolicyForSsrm: {}, optimalAspectRatio: 1.7777778, dynamicSurfaceScaling: 1.0, category: 3, categoryByUser: 3, fillBlackSurfaceOnMargins: false, userId: 0
02-07 11:44:21.214  1435  3959 D SGM:GameManager: setPackageConfiguration(). pkgName=com.sec.android.app.samsungapps
02-07 11:44:21.214  1435  3959 D SGM:GameManager: setPackageConfiguration(). userIds=[0]
02-07 11:44:21.214  1435  3959 D SGM:GameManager: setPackageConfiguration(). newCategory=3
02-07 11:44:21.214  1435  3959 D SGM:GameManager: setPackageConfiguration(). userId=0
02-07 11:44:21.214  1435  3959 D SGM:Util: isPkgInstalled(). pkgName=com.sec.android.app.samsungapps, userId=0, installed=true
02-07 11:44:21.214  1435  3959 D SGM:GameManager: setPackageConfigurations(). category=1, pkgName=freeplay.crowdrun.com
02-07 11:44:21.214  1435  3959 D SGM:GameManager: setPackageConfiguration(). configuration: packageName: freeplay.crowdrun.com, performancePolicyForSsrm: {"cpu_level":2,"gpu_level":0,"siop_mode":1}, optimalAspectRatio: 1.7777778, dynamicSurfaceScaling: 1.0, category: 1, categoryByUser: 1, fillBlackSurfaceOnMargins: false, userId: 0
02-07 11:44:21.215  1435  3959 D SGM:GameManager: setPackageConfiguration(). pkgName=freeplay.crowdrun.com
02-07 11:44:21.215  1435  4037 D ActivityManager: Received SERVICE intent 0xe6ade5d Key{startService pkg=com.google.android.gms/fused_location_provider intent=act=com.google.android.location.internal.action.FLP_LOW_POWER_LOCATION_RESULT xflg=0x4 pkg=com.google.android.gms cmp=com.google.android.gms/com.google.android.location.internal.PendingIntentCallbackService flags=0x2000000 u=0} requestCode=0 from uid 10230
02-07 11:44:21.215  1435  3959 D SGM:GameManager: setPackageConfiguration(). userIds=[0]
02-07 11:44:21.215  1435  3959 D SGM:GameManager: setPackageConfiguration(). newCategory=1
02-07 11:44:21.215  1435  3959 D SGM:GameManager: setPackageConfiguration(). userId=0
02-07 11:44:21.215  1435  3959 D SGM:Util: isPkgInstalled(). pkgName=freeplay.crowdrun.com, userId=0, installed=true
02-07 11:44:21.215  1435  3959 I GameManagerService: Package Name: freeplay.crowdrun.com FPS: 0 Scaling: 1.0
02-07 11:44:21.216   935  1010 I SurfaceFlinger: setGameModeFrameRateOverride: uid 10456, frameRate 0.000000 
02-07 11:44:21.216  4772  5331 I cohe    : (REDACTED) Starting batch sync for corpora: %s
02-07 11:44:21.216  1435  1470 D WindowOrientationListener: onSensorChanged device orientation: 0
02-07 11:44:21.217  1435  1470 V WindowManager: Computed rotation=ROTATION_0 (0) for display id=0 based on lastOrientation=SCREEN_ORIENTATION_NOSENSOR (5) and oldRotation=ROTATION_0 (0), caller=com.android.server.wm.WindowManagerService.updateRotationUnchecked:72 com.android.server.wm.DisplayRotation$OrientationListener.onProposedRotationChanged:328 com.android.server.wm.WindowOrientationListener$OrientationSensorJudge.finalizeRotation:26 com.android.server.wm.WindowOrientationListener$OrientationSensorJudge.onSensorChanged:392 android.hardware.SystemSensorManager$SensorEventQueue.dispatchSensorEvent:1142 android.os.MessageQueue.nativePollOnce:-2 
02-07 11:44:21.217  1435  3959 D GameManagerService: setGameMode: fromGameMode 1toGameMode 1
02-07 11:44:21.217  1435  3959 D DssController: Google Screen Compat off for package: freeplay.crowdrun.com
02-07 11:44:21.217  1435  3959 D SGM:GameManager: setPackageConfiguration(). dss=1.0
02-07 11:44:21.217  2109  2109 I PhoneProcessCreateReceiver: onReceive = com.samsung.android.app.telephonyui.action.PHONE_PROCESS_CREATED
02-07 11:44:21.217  1435  3959 D SGM:GameManager: setAOSPGameMode() pkgName : freeplay.crowdrun.com, ASOP_gameMode : 2
02-07 11:44:21.221   935  1010 I SurfaceFlinger: setGameModeFrameRateOverride: uid 10456, frameRate 0.000000 
02-07 11:44:21.221  4224  4747 I Finsky  : [58] SCH: Scheduling 6 system job(s)
02-07 11:44:21.221  1435  3959 D GameManagerService: setGameMode: fromGameMode 1toGameMode 2
02-07 11:44:21.222  1435  3959 D SGM:DatabaseHelper: addActionLog(), tag: SET_PKG
02-07 11:44:21.222  1435  3959 D SGM:DatabaseHelper: addActionLog(), msg:   [freeplay.crowdrun.com] DSS OFF, GameSDK: -1/-1/true
02-07 11:44:21.222  2109  2109 I PhoneProcessCreateReceiver: initAfterOperatorFixed
02-07 11:44:21.222  4224  4747 I Finsky  : [58] SCH: Scheduling system job Id: 9180, L: 31317510, D: 74517510, C: false, I: false, N: 1
02-07 11:44:21.223  1075  1477 E md_thermal: interval=5 temp: 56400 46000 43200 44200
02-07 11:44:21.225  1435  3959 D SGM:DatabaseHelper: addActionLog(), delete log data to avoid overflow, id: 5331
02-07 11:44:21.228  1435  3959 D SGM:DatabaseHelper: addActionLog(), ret: 5881
02-07 11:44:21.228  1435  3959 D SGM:GameManager: setPackageConfigurations(). category=1, pkgName=com.supercell.brawlstars
02-07 11:44:21.228  1435  3959 D SGM:GameManager: setPackageConfiguration(). configuration: packageName: com.supercell.brawlstars, performancePolicyForSsrm: {"cpu_level":2,"gpu_level":0,"siop_mode":1}, optimalAspectRatio: 1.7777778, dynamicSurfaceScaling: 1.0, category: 1, categoryByUser: 1, fillBlackSurfaceOnMargins: false, userId: 0
02-07 11:44:21.228  1435  3959 D SGM:GameManager: setPackageConfiguration(). pkgName=com.supercell.brawlstars
02-07 11:44:21.228  1435  3959 D SGM:GameManager: setPackageConfiguration(). userIds=[0]
02-07 11:44:21.228  1435  3959 D SGM:GameManager: setPackageConfiguration(). newCategory=1
02-07 11:44:21.228  1435  3959 D SGM:GameManager: setPackageConfiguration(). userId=0
02-07 11:44:21.228  1435  3959 D SGM:Util: isPkgInstalled(). pkgName=com.supercell.brawlstars, userId=0, installed=true
02-07 11:44:21.229  2109  2109 I FT.TuiUtilFeature: isSupportTrueSingleSKU : false isTSSActivated : false
02-07 11:44:21.229  1435  3959 I GameManagerService: Package Name: com.supercell.brawlstars FPS: 0 Scaling: 1.0
02-07 11:44:21.230   935  1010 I SurfaceFlinger: setGameModeFrameRateOverride: uid 10328, frameRate 0.000000 
02-07 11:44:21.230  1435  3959 D GameManagerService: setGameMode: fromGameMode 1toGameMode 1
02-07 11:44:21.230  1435  3959 D DssController: Google Screen Compat off for package: com.supercell.brawlstars
02-07 11:44:21.230  1435  3959 D SGM:GameManager: setPackageConfiguration(). dss=1.0
02-07 11:44:21.230  1435  3959 D SGM:GameManager: setAOSPGameMode() pkgName : com.supercell.brawlstars, ASOP_gameMode : 2
02-07 11:44:21.231   935  1356 I SurfaceFlinger: setGameModeFrameRateOverride: uid 10328, frameRate 0.000000 
02-07 11:44:21.231  1435  3959 D GameManagerService: setGameMode: fromGameMode 1toGameMode 2
02-07 11:44:21.231  1435  3959 D SGM:DatabaseHelper: addActionLog(), tag: SET_PKG
02-07 11:44:21.231  1435  3959 D SGM:DatabaseHelper: addActionLog(), msg:   [com.supercell.brawlstars] DSS OFF, GameSDK: -1/-1/true
02-07 11:44:21.235  1435  3959 D SGM:DatabaseHelper: addActionLog(), delete log data to avoid overflow, id: 5332
02-07 11:44:21.235  1435  3959 D SGM:DatabaseHelper: addActionLog(), ret: 5882
02-07 11:44:21.235  1435  3959 D SGM:GameManager: syncAllGameConfigurationsWithSdhms(). sending intent to SDHMS.
02-07 11:44:21.242  2719  4258 W GetConfigSnapshotOp: Succeeded but not registered: com.google.android.gms.auth_account_client#com.android.vending [CONTEXT service_id=51 ]
02-07 11:44:21.245  3028  3130 I DataStateListener_FLP: onAvailable, type=MOBILE_DATA
02-07 11:44:21.245  3028  3130 I NetworkManager_FLP: updateAvailableDataState, type=MOBILE_DATA / network=100
02-07 11:44:21.252  1435  2160 D SLocation: GeopointReceiver - PendingIntent onSendFinished id:4
02-07 11:44:21.256  5153  7782 I DWBt    : disabledDWBFeature(): false
02-07 11:44:21.258  4772  5270 I cokp    : (REDACTED) Setting isLegacySQLite mode to %s.
02-07 11:44:21.259  1435  3910 D PackageManager: setEnabledSetting : userId = 0 packageName = com.sec.android.app.kidshome cmp = androidx.work.impl.background.systemalarm.RescheduleReceiver newState = 1 callingPackage = com.sec.android.app.kidshome
02-07 11:44:21.260  1435  3910 D ApplicationPolicy: getApplicationStateEnabled : pkg = com.sec.android.app.kidshome userId : 0
02-07 11:44:21.261  1892  2254 D SatelliteController: isInCarrierRoamingNbIotNtn: satellite is disabled
02-07 11:44:21.264  1435  3910 D ApplicationPolicy: getApplicationComponentState : pkg = com.sec.android.app.kidshome userId : 0
02-07 11:44:21.270  7785  7930 W JobInfo : Requested important-while-foreground flag for job204 is ignored and takes no effect
02-07 11:44:21.273  4224  4747 I Finsky  : [58] SCH: Scheduling system job Id: 9181, L: 0, D: 27743444, C: true, I: false, N: 2
02-07 11:44:21.276  2109  2109 I FT.TuiSalesCodeFeature: SKT.isCurrentOperator
02-07 11:44:21.278  6173  7716 I GOS:GmsGlobalPackageDataSetter: setPkgData(), ret: true
02-07 11:44:21.279  3775  5189 I dxbq    : (REDACTED) appOpsListener %s %s
02-07 11:44:21.280  3775  5189 I dxbq    : (REDACTED) Ignoring irrelevant audio permission changes for package %s
02-07 11:44:21.282  3146  7908 I SchedulingUtil: (REDACTED) Scheduling %s.
02-07 11:44:21.286   878   953 I SensorsHub: DeviceOrientation(0): event = 255, time = 67964331804
02-07 11:44:21.288  1911  1911 D AppController: AppControlSensorListener.onSensorChanged, Rotation: -1
02-07 11:44:21.291  7914  7914 I ActivityThread: Relaunch all activities: onCoreSettingsChange
02-07 11:44:21.296  1435  1470 D WindowOrientationListener: onSensorChanged device orientation: -1
02-07 11:44:21.299  1435  1470 V WindowManager: Computed rotation=ROTATION_0 (0) for display id=0 based on lastOrientation=SCREEN_ORIENTATION_NOSENSOR (5) and oldRotation=ROTATION_0 (0), caller=com.android.server.wm.WindowManagerService.updateRotationUnchecked:72 com.android.server.wm.DisplayRotation$OrientationListener.onProposedRotationChanged:328 com.android.server.wm.WindowOrientationListener$OrientationSensorJudge.finalizeRotation:26 com.android.server.wm.WindowOrientationListener$OrientationSensorJudge.onSensorChanged:392 android.hardware.SystemSensorManager$SensorEventQueue.dispatchSensorEvent:1142 android.os.MessageQueue.nativePollOnce:-2 
02-07 11:44:21.305  4772  6072 I cokp    : The GellerConfig is not present, returning null.
02-07 11:44:21.305  4772  6072 I cokp    : (REDACTED) The GellerConfig is not present, defaulting isUploadEnabled for corpus %s to true.
02-07 11:44:21.309  7914  7914 D ApplicationLoaders: Returning zygote-cached class loader: /system/framework/org.apache.http.legacy.jar
02-07 11:44:21.310  4772  6068 I cohe    : (REDACTED) No previous syncToken for corpus %s found.
02-07 11:44:21.315  3028  3130 I GmsLocationManagerService_FLP: ManageMsgForGoogle, code = 59 / interfaceName = com.google.android.gms.location.internal.IGoogleLocationManagerService
02-07 11:44:21.316  3028  3130 I RequestManager_FLP: removeExpiredGmsRequests, count=0
02-07 11:44:21.316  3028  3130 I PackageInfoManager_FLP: checkLocationAccess for com.sec.location.nsflp2_GMS_FUSED_0_1, result is true
02-07 11:44:21.316  3028  3130 E RequestManager_FLP: [FusedLocationApi] Location request fb7b4f4(Listener) PRIORITY_NO_POWER interval=0ms from com.sec.location.nsflp2 (5013_FINE_fg_svc_false_foreground)
02-07 11:44:21.317  1435  1882 D SemContextService: lock : unregisterCallback
02-07 11:44:21.317  1435  1882 D SemContextService: Service.removeListenerLocked() : listener = com.samsung.android.hardware.context.SemContextService$Listener@9096662, service = Location Change Trigger, used = 0
02-07 11:44:21.317  1435  1882 W CAE     : unregisterCallback(ContextAwareService.java:230) - [unregi 01] Mutex is locked for CH_LOC_TRIGGER
02-07 11:44:21.317  1435  1882 W CAE     : getListener(ListenerListManager.java:127) - [getListener1]  com.samsung.android.contextaware.ContextAwareManager$CaListenerDelegate@a530d01
02-07 11:44:21.317  1435  1882 W CAE     : getListener(ListenerListManager.java:128) - [getListener2]  com.samsung.android.contextaware.manager.ContextAwareService$Listener@fe4b2e8
02-07 11:44:21.317  1435  1882 V CAE     : stop(ContextProvider.java:155)
02-07 11:44:21.321  4585  4846 W JobInfo : Requested important-while-foreground flag for job868 is ignored and takes no effect
02-07 11:44:21.322   878   953 I SensorsHub: DeviceOrientation(0): event = 0, time = 68004308501
02-07 11:44:21.323  1911  1911 D AppController: AppControlSensorListener.onSensorChanged, Rotation: 0
02-07 11:44:21.326  1435  1470 D WindowOrientationListener: onSensorChanged device orientation: 0
02-07 11:44:21.329  5240  7750 I cokp    : (REDACTED) Writing metadata key: %s, corpus: %s
02-07 11:44:21.330  5240  7750 I cokp    : (REDACTED) Writing metadata key: %s, corpus: %s
02-07 11:44:21.333  4772  6072 I cokp    : (REDACTED) Writing metadata key: %s, corpus: %s
02-07 11:44:21.334  4772  6072 I cokp    : (REDACTED) Writing metadata key: %s, corpus: %s
02-07 11:44:21.337  4772  5317 I cohe    : (REDACTED) Starting batch sync for corpora: %s
02-07 11:44:21.339  1435  1710 D SensorService: setSContextDataLocked ints length 2 , byte length 4
02-07 11:44:21.341  4772  6072 I cokp    : (REDACTED) Writing metadata key: %s, corpus: %s
02-07 11:44:21.341  1435  1710 D SensorService: setSContextDataLocked 3db2
02-07 11:44:21.341  4772  6072 I cokp    : (REDACTED) Writing metadata key: %s, corpus: %s
02-07 11:44:21.342  4772  6072 I cokp    : (REDACTED) Writing metadata key: %s, corpus: %s
02-07 11:44:21.342  4772  6072 I cokp    : (REDACTED) Writing metadata key: %s, corpus: %s
02-07 11:44:21.342  2109  2109 I FT.TuiSalesCodeFeature: slotId[0] : SKC.isCurrentOmcNwCode
02-07 11:44:21.343  2109  2109 I FT.TuiSalesCodeFeature: slotId[0] : SKC.isCurrentOmcNwCode
02-07 11:44:21.343  2109  2109 I FT.TuiVoLteFeature: isVolteUiForVzw() / slotId=0 ret=false
02-07 11:44:21.344  2109  2109 I FT.TuiSalesCodeFeature: slotId[1] : .isCurrentOmcNwCode
02-07 11:44:21.344  2109  2109 I FT.TuiSalesCodeFeature: SKT.isCurrentOperator
02-07 11:44:21.344  2109  2109 I FT.TuiSalesCodeFeature: slotId[1] : .isCurrentOmcNwCode
02-07 11:44:21.344  2109  2109 I FT.TuiSalesCodeFeature: SKT.isCurrentOperator
02-07 11:44:21.344  2109  2109 I FT.TuiVoLteFeature: isVolteUiForVzw() / slotId=1 ret=false
02-07 11:44:21.345   878   878 I SensorsHub: SContextSensor::injecet_sensor_data
02-07 11:44:21.345   878   878 D SensorsHub: b2 3d 00 00  
02-07 11:44:21.345   878   878 D SensorsHub: inject_scontext_data: New ssp_data_injection_fd(28)
02-07 11:44:21.346   878   878 D SensorsHub: SContext Data Injection return 4
02-07 11:44:21.348  1435  1882 D CAE     : getFaultDetectionResult(ChLocTriggerRunner.java:161) - true
02-07 11:44:21.348  1435  1882 I CAE     : notifyCmdProcessResultObserver(ContextProvider.java:627) - CheckResult = 0, Cause = Success
02-07 11:44:21.348  5240  5719 I cohe    : (REDACTED) Starting batch sync for corpora: %s
02-07 11:44:21.350  1435  1882 D CAE     : doCommendProcess(ContextAwareService.java:396) - complete notify the operation result.
