02-07 11:44:19.204  3146  6928 I PersonalSafety: ConnectivityProtectionLockingIntentOperation: cancelled task [CONTEXT service_id=310 ]
02-07 11:44:19.209  3514  4883 I Kumiho-Kumiho: getPackageName: com.samsung.android.messaging
02-07 11:44:19.211   872  1249 I hwcomposer: [HWC] (0)fire a callback of refresh to SF[4]  
02-07 11:44:19.212  2719  5789 I NearbyMediums: ModuleInitializer handles incoming intent android.intent.action.USER_PRESENT
02-07 11:44:19.218  2719  7166 I Nearby  : (REDACTED) Beginning attempt #%d out of %d for %s...
02-07 11:44:19.222  5240  5717 I drjc    : Running throttled refresh
02-07 11:44:19.222  5240  5717 I drjc    : Running throttled refresh
02-07 11:44:19.222  5240  5717 I drjc    : Running throttled refresh
02-07 11:44:19.222  5240  5715 I drjc    : Running throttled refresh
02-07 11:44:19.222  2719  7166 I NearbyMediums: BluetoothAdapter's name was not set by Nearby Connections, ignoring call to restore default scan mode.
02-07 11:44:19.222  5240  5715 I drjc    : Running throttled refresh
02-07 11:44:19.222  5240  5715 I drjc    : Running throttled refresh
02-07 11:44:19.222  2719  7166 I NearbyMediums: BluetoothAdapter's name was not set by Nearby Connections, ignoring call to restore device name
02-07 11:44:19.223  2719  4092 I NearbySharing: Stopping Fast Init advertisement because Bluetooth is off.
02-07 11:44:19.223  2719  4092 I NearbySharing: Stopping advertising because Bluetooth is disabled.
02-07 11:44:19.230  1911  1911 W KeyguardSecurityViewFlipper: onMeasure: widthSpec MeasureSpec: EXACTLY 1080 should be AT_MOST
02-07 11:44:19.230  1911  1911 W KeyguardSecurityViewFlipper: onMeasure: heightSpec MeasureSpec: EXACTLY 2205 should be AT_MOST
02-07 11:44:19.230  2719  7619 W .gms.persistent: Long monitor contention with owner SyncAdapterThread-1 (7606) at java.lang.Object buuy.a(java.lang.String)(:com.google.android.gms@260434035@26.04.34 (260400-862941407):36) waiters=0 in java.lang.Object buuy.a(java.lang.String) for 102ms
02-07 11:44:19.230  1911  1911 W KeyguardSecurityViewFlipper: onMeasure: widthSpec MeasureSpec: EXACTLY 1080 should be AT_MOST
02-07 11:44:19.230  1911  1911 W KeyguardSecurityViewFlipper: onMeasure: heightSpec MeasureSpec: EXACTLY 2205 should be AT_MOST
02-07 11:44:19.232  4224  4236 I android.vending: Background concurrent mark compact GC freed 5801KB AllocSpace bytes, 8(240KB) LOS objects, 49% free, 6614KB/12MB, paused 394us,2.340ms total 155.612ms
02-07 11:44:19.189  1435  2183 I SLocation: BootStatusManager - received action : android.intent.action.BOOT_COMPLETED
02-07 11:44:19.244  3768  4208 I SP.AiAi : Scheduling: download registered, 0 started, 0 paused, 1 scheduled, 2 pending: manifests:captions_i18n_v0_background-20250709 * {W:b:u:l, bg}, manifests:text-classifier-actions-1727607419 {W:C:I:l, bg}
02-07 11:44:19.245  5240  5719 I LanguagePackMaintenance: (REDACTED) Background downloading %d packs, for an ideal set of %d total packs
02-07 11:44:19.245  5240  5719 I LanguagePackMaintenance: (REDACTED) Background downloading packs [%s]
02-07 11:44:19.246  5240  5719 I LanguagePackMaintenance: (REDACTED) Ideal set: [%s]
02-07 11:44:19.249  2719  7406 I NearbyPresence: (REDACTED) the name of the identity provider %s
02-07 11:44:19.252  3028  3162 I EventReceiver_FLP: BroadcastReceiver : ACTION_SCREEN_ON
02-07 11:44:19.252  3028  3162 I EventReceiver_FLP: BroadcastReceiver finished
02-07 11:44:19.255  3028  3162 W EventReceiver_FLP: BroadcastReceiver, SEC_BATTERY_EVENT
02-07 11:44:19.255  3028  3162 I EventReceiver_FLP: BroadcastReceiver finished
02-07 11:44:19.257  1892  2254 D SatelliteController: isInCarrierRoamingNbIotNtn: satellite is disabled
02-07 11:44:19.257  3028  3162 I EventReceiver_FLP: BroadcastReceiver : BOOT_COMPLETED
02-07 11:44:19.257  3028  3162 I EventReceiver_FLP: BroadcastReceiver finished
02-07 11:44:19.261  1435  2327 I LocationManagerService: location setting is changed by nsflp
02-07 11:44:19.262  1435  2183 D SLocation: BootStatusManager - unregister receiver, quit looper safely
02-07 11:44:19.262  3514  4883 I PROV/QueryUriConversations: [CONVERSATION]done query conversations, containsRecipientList : false, category : null, Elapsed time : 42.881615 ms
02-07 11:44:19.262  3514  4883 I PROV/MsgContentProviderQuery: query, uriMatch : 1001, Elapsed time : 42.930153 ms
02-07 11:44:19.262  1435  2327 E FreecessController: setGPSAllowList
02-07 11:44:19.262   856   856 D Zygote  : Forked child process 7638
02-07 11:44:19.263  3659  3659 I SafetyCenterBackgroundR: Received a android.intent.action.BOOT_COMPLETED broadcast, but safety center is currently disabled. Cancelling any existing job.
02-07 11:44:19.265  3028  3130 I LocationManagerController_FLP: Success to set throttling Allowlist data to LocationManagerService, [com.sec.location.nsflp2, jp.co.nttdocomo.lcsapp, com.android.angryGps, com.sec.timezone, com.lguplus.lgugpsnwps, com.skt.hps20client, com.kt.serviceagent]
02-07 11:44:19.266  3028  3130 I ScpmManager_FLP: SCPM is available
02-07 11:44:19.267  3028  3130 I [SCPMLIB_1.0.0]RegistrationApi: register : com.sec.location.nsflp2, appId : 7dal4htknk
02-07 11:44:19.268  3028  3130 I [SCPMLIB_1.0.0]RegistrationApi: Method : register, Argument : com.sec.location.nsflp2
02-07 11:44:19.272  3514  4883 I PROV/QueryUriConversations: [CONVERSATION]done query conversations, containsRecipientList : false, category : null, Elapsed time : 2.219077 ms
02-07 11:44:19.272  3514  4883 I PROV/MsgContentProviderQuery: query, uriMatch : 1001, Elapsed time : 2.325231 ms
02-07 11:44:19.279  4772  6181 I cr_WVCFactoryProvider: version=144.0.7559.111 (755911133) minSdkVersion=29 multiprocess=true packageId=2 splits=config.xxhdpi,lens_ondevice_engine_play_ml_module
02-07 11:44:19.284  1911  1911 W View    : requestLayout() improperly called by com.android.systemui.qs.SecQSGradationDrawableView{5b040b0 V.E...... ......ID 0,0-1080,332 #7f0a0a16 app:id/qs_gradation_view} during layout: running second layout pass
02-07 11:44:19.284  1911  1911 W View    : requestLayout() improperly called by android.widget.FrameLayout{7e15b29 V.E...... ......I. 0,0-1080,2340 #3} during layout: running second layout pass
02-07 11:44:19.284  1911  1911 W View    : requestLayout() improperly called by android.widget.FrameLayout{f707eae V.E...... ......ID 0,148-1080,2205 #7f0a0a14 app:id/qs_frame} during layout: running second layout pass
02-07 11:44:19.288  1911  1911 W RefactorFlag: New code path expects SceneContainerFlag to be enabled.
02-07 11:44:19.292  1911  1911 D ExpandableNotifRow: mMaxSmallHeight different before reInflateViews mMaxSmallHeight: 203 mTempSmallHeight:0 0|com.samsung.android.messaging|123|com.samsung.android.messaging:GROUP_RECEIVED:|10117
02-07 11:44:19.293  1911  1911 D ExpandableNotifRow: mMaxSmallHeight different before reInflateViews mMaxSmallHeight: 203 mTempSmallHeight:0 0|com.samsung.android.messaging|123|com.samsung.android.messaging:GROUP_RECEIVED:|10117
02-07 11:44:19.299  1911  1911 D ExpandableNotifRow: mMaxSmallHeight different before reInflateViews mMaxSmallHeight: 203 mTempSmallHeight:0 0|com.samsung.android.messaging|123|com.samsung.android.messaging:MESSAGE_RECEIVED:24|10117
02-07 11:44:19.299  1911  1911 D ExpandableNotifRow: mMaxSmallHeight different before reInflateViews mMaxSmallHeight: 203 mTempSmallHeight:0 0|com.samsung.android.messaging|123|com.samsung.android.messaging:MESSAGE_RECEIVED:24|10117
02-07 11:44:19.307  1911  1911 D ExpandableNotifRow: mMaxSmallHeight different before reInflateViews mMaxSmallHeight: 203 mTempSmallHeight:0 0|com.samsung.android.messaging|123|com.samsung.android.messaging:MESSAGE_RECEIVED:16|10117
02-07 11:44:19.307  1911  1911 D ExpandableNotifRow: mMaxSmallHeight different before reInflateViews mMaxSmallHeight: 203 mTempSmallHeight:0 0|com.samsung.android.messaging|123|com.samsung.android.messaging:MESSAGE_RECEIVED:16|10117
02-07 11:44:19.307  2719  4092 I NearbySharing: Fast Initiation Scanning has stopped
02-07 11:44:19.308  2719  4092 I NearbySharing: Stopping FastInitiation scanning because Bluetooth is disabled.
02-07 11:44:19.309  3514  4883 I ORC/ComposerParameter: create from builder
02-07 11:44:19.309  3514  4883 I ORC/OpenConversationUtil: openConversation
02-07 11:44:19.310  2719  4092 I NearbySharing: Dismissing HUN as there's no device nearby.
02-07 11:44:19.313  2579  2579 I HoneySpace.DesktopModeTileUtils: requestDexTileUpdate
02-07 11:44:19.319  3514  4883 I ORC/PackageInfo: componentName=com.samsung.android.messaging.ui.RcsTransferContent, currentState=1
02-07 11:44:19.319  3514  4883 W BitmapFactory: Null Options, creating a new one.
02-07 11:44:19.321  1435  2327 D StatusBarManagerService: isSecCustomTile : componentName =ComponentInfo{com.sec.android.app.launcher/com.honeyspace.dexservice.DesktopModeTile}
02-07 11:44:19.324  3514  4883 I Kumiho-Kumiho: getPackageName: com.samsung.android.messaging
02-07 11:44:19.324  1911  1911 D NotificationShelf:  setClearAllButtonVisible :true
02-07 11:44:19.326  4772  6181 D nativeloader: Load /data/app/~~dCwTF8gexclpqEtd1F6bbg==/com.google.android.trichromelibrary_755911133-Bt0Mhx8ojXEoKw0IAvqXlQ==/base.apk!/lib/arm64-v8a/libmonochrome_64.so using class loader ns clns-12 (caller=/data/app/~~Yrp4MzTjPpTGnXhXV8QNSQ==/com.google.android.webview-6UpgH5rV2U-kfYmGibKu6Q==/base.apk): ok
02-07 11:44:19.330  1911  1911 I {ChipAnimationController}: animateChipHide() view:ongoing_call_chip state:8 animate:true visibility:8
02-07 11:44:19.330  1911  1911 D {ChipAnimationController}: cancelAnimation() v:ongoing_call_chip
02-07 11:44:19.330  1911  1911 D {ChipAnimationController}: hideView() id:ongoing_call_chip state:8
02-07 11:44:19.330  1911  1911 I {ChipAnimationController}: animateChipHide() view:ongoing_activity_capsule state:8 animate:true visibility:8
02-07 11:44:19.330  1911  1911 D {ChipAnimationController}: cancelAnimation() v:ongoing_activity_capsule
02-07 11:44:19.330  1911  1911 D {ChipAnimationController}: hideView() id:ongoing_activity_capsule state:8
02-07 11:44:19.331  1911  1911 D CollapsedStatusBarFragmentExt: prv:StatusBarVisibilityModel(showClock=false, showNotificationIcons=false, showOngoingCallChip=false, showPrimaryOngoingActivityChip=false, showSecondaryOngoingActivityChip=false, showSystemInfo=false)
02-07 11:44:19.331  1911  1911 D CollapsedStatusBarFragmentExt: new:StatusBarVisibilityModel(showClock=true, showNotificationIcons=true, showOngoingCallChip=false, showPrimaryOngoingActivityChip=false, showSecondaryOngoingActivityChip=false, showSystemInfo=true)
02-07 11:44:19.331  1911  1911 D CollapsedStatusBarFragmentExt: com.android.systemui.statusbar.phone.fragment.CollapsedStatusBarFragment.disable:71 com.android.systemui.statusbar.CommandQueue$H.handleMessage:2997 com.android.systemui.statusbar.CommandQueue.disable:12 com.android.systemui.statusbar.CommandQueue.recomputeDisableFlags:77 com.android.systemui.statusbar.phone.StatusBarHideIconsForBouncerManager$updateHideIconsForBouncer$1.run:11 com.android.systemui.util.concurrency.ExecutorImpl.onHandleMessage:11 
02-07 11:44:19.333   935  1356 I SurfaceFlinger: onHandleDestroyed: layerId=132, name=Surface(name=ced1403 NavigationBar0)/@0xb90f995 - animation-leash of insets_animation#132
02-07 11:44:19.333   935  1356 I SurfaceFlinger: id=132 Removed Surface(name=ced1403 NavigationBar0)/@0xb90f995 - animation-leash of insets_animation#132 (113)
02-07 11:44:19.333   935  1356 I SurfaceFlinger: onHandleDestroyed: layerId=133, name=Surface(name=87e7436 StatusBar)/@0x6549a11 - animation-leash of insets_animation#133
02-07 11:44:19.333   935  1356 I SurfaceFlinger: id=133 Removed Surface(name=87e7436 StatusBar)/@0x6549a11 - animation-leash of insets_animation#133 (113)
02-07 11:44:19.334  1911  1911 I ImeFocusController: onPreWindowFocus: skipped hasWindowFocus=false mHasImeFocus=false
02-07 11:44:19.334  1911  1911 D KeyguardUpdateMonitor: setFocusForBiometrics : Cannot change focus. current Window is 2, reqWin : 1
02-07 11:44:19.332  1435  2327 D RestrictionPolicy: isShareListAllowed : userId(0)
02-07 11:44:19.335  1911  1911 I DymLock|BaseLockContainer: onWindowFocusChanged false
02-07 11:44:19.340  2719  2719 I RCNIntentOperation: RCN is disabled on this network.
02-07 11:44:19.343   935   935 I SurfaceFlinger: destroyed Surface(name=87e7436 StatusBar)/@0x6549a11 - animation-leash of insets_animation#133
02-07 11:44:19.343   935   935 I SurfaceFlinger: destroyed Surface(name=ced1403 NavigationBar0)/@0xb90f995 - animation-leash of insets_animation#132
02-07 11:44:19.344   935   935 I Layer   : id=133 Destroyed Surface(name=87e7436 StatusBar)/@0x6549a11 - animation-leash of insets_animation#133
02-07 11:44:19.344   935   935 I Layer   : id=132 Destroyed Surface(name=ced1403 NavigationBar0)/@0xb90f995 - animation-leash of insets_animation#132
02-07 11:44:19.347  7638  7638 I .sec.unifiedwfc: Using CollectorTypeCMC GC.
02-07 11:44:19.351  7638  7638 E .sec.unifiedwfc: Not starting debugger since process cannot load the jdwp agent.
02-07 11:44:19.354  2719  7406 W NearbySharing: Vendor id 0 is not equal to the certificate vendor id 1.
02-07 11:44:19.354  2719  7406 I NearbySharing: Current private certificates are not advertisable. Deleting all.
02-07 11:44:19.355  1911  1911 I DymLock|DynamicLockContainer: onWindowFocusChanged false
02-07 11:44:19.359  3514  4883 I Kumiho-Kumiho: makeAndroidCodec: Image decoded by kumiho solution
02-07 11:44:19.360  2719  4092 I NearbySharing: Built nearby_sharing_component from VendorMetadata com.samsung.android.app.sharelive/com.samsung.android.app.sharelive.presentation.main.MainActivity
02-07 11:44:19.361  3514  4883 I Kumiho-Kumiho: getPackageName: com.samsung.android.messaging
02-07 11:44:19.362  1435  3860 D KNOX_MDM_SettingsProvider: isChangeAllowed() : name = nearby_sharing_component
02-07 11:44:19.362  1435  3860 D KNOX_MDM_SettingsProvider: edmUri: content://com.sec.knox.provider/RestrictionPolicy3
02-07 11:44:19.362  1435  3860 D KNOX_MDM_SettingsProvider: projectionArgs: isSettingsChangesAllowed
02-07 11:44:19.362  1435  3860 D KNOX_MDM_SettingsProvider: selectionArgs: false
02-07 11:44:19.362  1435  3860 D KNOX_MDM_SettingsProvider: selectionArgs: 10230
02-07 11:44:19.363  1435  3860 D SecContentProvider: query(), uri = 17 selection = isSettingsChangesAllowed
02-07 11:44:19.363  1911  1911 D KeyguardUpdateMonitor: setFocusForBiometrics : true -> false, Focus window : 2 -> 2
02-07 11:44:19.363  4772  5271 I dqkb    : #getFeatureUsageInfo
02-07 11:44:19.363  1435  3860 D SecContentProvider: called from com.google.uid.shared:10230
02-07 11:44:19.364  1435  3860 D RestrictionPolicy: isSettingsChangesAllowedAsUser, userId 0 : true
02-07 11:44:19.364  1911  1911 I ImeFocusController: onPostWindowFocus: skipped hasWindowFocus=false mHasImeFocus=false
02-07 11:44:19.364  1435  3860 D KNOX_MDM_SettingsProvider: ret = 1
02-07 11:44:19.367  1911  1911 D InsignificantCoordinator: no update for Insignificant summary, there is no notifications 
02-07 11:44:19.371  1911  1911 I KeyguardSecPinBasedInputView: onVisibilityChanged() Visibility : 4
02-07 11:44:19.371  1911  1911 I SemTspStateManager: clearDeadZone()
02-07 11:44:19.376  4772  6068 I bzgy    : (REDACTED) Using GoogleAuthUtil for getToken for 1p app: %s
02-07 11:44:19.387  4772  6181 D nativeloader: Load /system/lib64/libwebviewchromium_plat_support.so using class loader ns clns-12 (caller=/data/app/~~Yrp4MzTjPpTGnXhXV8QNSQ==/com.google.android.webview-6UpgH5rV2U-kfYmGibKu6Q==/base.apk): ok
02-07 11:44:19.389  1911  1911 D KeyguardBouncerViewBinder: PrimaryBouncer isShowing : false , alpha : 0.0 
02-07 11:44:19.393  2719  4092 I NearbySharing: Disabled Nearby Share tile on Samsung SDK device.
02-07 11:44:19.395  1435  2204 W ActivityManager: Slow operation: 150ms so far, now at startProcess: done updating battery stats
02-07 11:44:19.395  1435  2204 W ActivityManager: Slow operation: 151ms so far, now at startProcess: building log message
02-07 11:44:19.395  1435  2204 I ActivityManager: Start proc 7638:com.sec.unifiedwfc/u0a210 for broadcast {com.sec.unifiedwfc/com.sec.unifiedwfc.carrier.VoWifiSimStateReceiver}
02-07 11:44:19.395  1435  2204 W ActivityManager: Slow operation: 151ms so far, now at startProcess: starting to update pids map
02-07 11:44:19.395  1435  2204 I ActivityManager: ProcessObserver broadcast disabled
02-07 11:44:19.395  1435  2204 W ActivityManager: Slow operation: 151ms so far, now at startProcess: done updating pids map
02-07 11:44:19.398  1435  2327 D SyntheticPasswordManager.SDP: Inside fromBytes() - result.pinLength : 6
02-07 11:44:19.398  1435  2327 D SyntheticPasswordManager.SDP: 2. result.secureMode : 0
02-07 11:44:19.399  1911  1911 D KeyguardSecurityContainer: screen off, instance f501b97 at 66088
02-07 11:44:19.399  1911  1911 D KeyguardSecurityContainer: show()
02-07 11:44:19.399  1911  1911 D KeyguardSecSecurityContainer: showSecurityScreen(PIN) current = PIN
02-07 11:44:19.401  1911  7563 D libMEOW : meow new tls: 0xb400007b63f63800
02-07 11:44:19.402  1911  7563 D libMEOW : applied 0 plugin for [com.android.systemui].
02-07 11:44:19.402  1435  2327 D SyntheticPasswordManager.SDP: Inside fromBytes() - result.pinLength : 6
02-07 11:44:19.402  1435  2327 D SyntheticPasswordManager.SDP: 2. result.secureMode : 0
02-07 11:44:19.403  5240  5715 I LPRequestState: (REDACTED) [%s] #resolveUnusedLanguagePacks
02-07 11:44:19.403  5240  5715 I LPRequestState: (REDACTED) [%s] #resolveDesiredLanguagePacks
02-07 11:44:19.403  5240  5719 I LPRequestState: (REDACTED) [%s] #resolveUnusedLanguagePacks
02-07 11:44:19.403  5240  5715 I LPRequestState: (REDACTED) Assigning language pack %s for request %s
02-07 11:44:19.403  5240  5719 I LPRequestState: (REDACTED) [%s] #resolveDesiredLanguagePacks
02-07 11:44:19.404  1911  1911 I FaceWidgetViewModel: onReceive : android.intent.action.USER_PRESENT
02-07 11:44:19.404  1911  1911 I FaceWidgetViewModel: reset Card State(collapse)
02-07 11:44:19.404  1911  1911 I NowBarCardViewModel: resetCardState nowBarState.isExpanded = false
02-07 11:44:19.404  5240  5719 I LPRequestState: (REDACTED) [%s] #resolveUnusedLanguagePacks
02-07 11:44:19.404  5240  5719 I LPRequestState: (REDACTED) [%s] #resolveDesiredLanguagePacks
02-07 11:44:19.404  1911  1911 I NowBarCardViewModel: setNowBarState nowBarViewState = COLLAPSED aod.p2.t:71 aod.Ki0.C:16 com.samsung.android.app.facewidget.presentation.NowBarCardViewModel.o:29 aod.WB.onReceive:101 android.app.LoadedApk$ReceiverDispatcher$Args.lambda$getRunnable$0:1981 android.app.LoadedApk$ReceiverDispatcher$Args.$r8$lambda$mcNAAl1SQ4MyJPyDg8TJ2x2h0Rk:0 android.app.LoadedApk$ReceiverDispatcher$Args$$ExternalSyntheticLambda0.run:0 android.os.Handler.handleCallback:995 android.os.Handler.dispatchMessage:103 android.os.Looper.loopOnce:273 android.os.Looper.loop:363 android.app.ActivityThread.main:10060 java.lang.reflect.Method.invoke:-2 com.android.internal.os.RuntimeInit$MethodAndArgsCaller.run:632 com.android.internal.os.ZygoteInit.main:975 <bottom of call stack> <bottom of call stack> <bottom of call stack> <bottom of call stack> <bottom of call stack> 
02-07 11:44:19.404  5240  5715 I LPRequestState: (REDACTED) [%s] #resolveUnusedLanguagePacks
02-07 11:44:19.404  5240  5715 I LPRequestState: (REDACTED) [%s] #resolveDesiredLanguagePacks
02-07 11:44:19.404  1911  1911 I AODBatteryManager: updateBatteryData: ACTION_BATTERY_CHANGED: true, isSleepModeChanged:false ,isRemainingTimeChanged: false, isUSBRestriction: false
02-07 11:44:19.404  5240  5719 I DefaultLPManager: #calculateRolledBackPacks
02-07 11:44:19.404  5240  5715 I LPRequestState: (REDACTED) Assigning language pack %s for request %s
02-07 11:44:19.404  1911  1911 I AODBatteryManager: saveBatteryData : AOD BatteryData [mBatteryLevel=55, mBatteryStatus=CHARGING, mBatteryPlugType=USB, mBatteryPlugged=true, mRemainingChargeTime=16731000, mBatteryChargingType=1, mBatteryChargerType=NORMAL, mBatteryOnline=USB, mBatterySwellingMode=NONE, mBatteryProtectMode=false, mBatteryProtectModeType=3, mSleepChargingEvent=null, mSleepChargingEventFinishTime=null, mBatteryHealth=2, mIsDirectPowerMode=false, mIsUsbRestriction=false]
02-07 11:44:19.404  5240  5715 I LanguagePackMaintenance: (REDACTED) Background deleting %d stale packs: %s
02-07 11:44:19.404  5240  5715 I LanguagePackMaintenance: Background LanguagePack updates finished successfully
02-07 11:44:19.404  1911  1911 I ChargingInfoManager: updateChargingInfo: newState = AOD ChargingInfo [mState=BATTERY_AND_REMAIN_TIME, mIsCharging=true, mIsPlugged=true, mIsFullyCharged=false, mIsBatteryProtectMode=false, mBetteryLevel=55, mBetteryProtectModeType3, mIsSlowChargingfalse], oldState = AOD ChargingInfo [mState=BATTERY_AND_REMAIN_TIME, mIsCharging=true, mIsPlugged=true, mIsFullyCharged=false, mIsBatteryProtectMode=false, mBetteryLevel=55, mBetteryProtectModeType3, mIsSlowChargingfalse]
02-07 11:44:19.405  1911  1911 I NowBarItemManager: getVisibleList isScreenTurnedOn = true / aodShowState false shouldControlScreenOff false visibleList size = 0
02-07 11:44:19.405  1911  1911 I NowBarCardStackView: isExpandedCardState false -> false
02-07 11:44:19.405  1911  1911 I NowBarCardViewModel: hideMediaOutputView: MediaOutput already hide
02-07 11:44:19.405  1911  1911 E NowBarCardStackView: getTopCard topCard is null view size = 0
02-07 11:44:19.405  1911  1911 E NowBarCardViewModel: updateExpandedClickPanelVisibility screen on = true expanded false isTopCardSettingViewOpened = false
02-07 11:44:19.405  1911  1911 E NowBarCardStackView: getTopCard topCard is null view size = 0
02-07 11:44:19.405  1911  1911 E NowBarCardStackView: getTopCard topCard is null view size = 0
02-07 11:44:19.405  5240  5636 E efls    : (REDACTED) Failed to recover geofences for LBT Routines using Geller data
02-07 11:44:19.405  5240  5636 E efls    : com.google.android.libraries.geller.portable.GellerException: Code: INVALID_ARGUMENT, Message: Account name is null.
02-07 11:44:19.405  5240  5636 E efls    : 	at dqex.a(PG:34)
02-07 11:44:19.405  5240  5636 E efls    : 	at ehdq.a(PG:17)
02-07 11:44:19.405  5240  5636 E efls    : 	at epvp.a(PG:3)
02-07 11:44:19.405  5240  5636 E efls    : 	at epxf.run(PG:19)
02-07 11:44:19.405  5240  5636 E efls    : 	at clwn.run(PG:5)
02-07 11:44:19.405  5240  5636 E efls    : 	at eosq.run(PG:46)
02-07 11:44:19.405  5240  5636 E efls    : 	at clvz.run(PG:81)
02-07 11:44:19.405  5240  5636 E efls    : 	at java.lang.Thread.run(Thread.java:1119)
02-07 11:44:19.405  5240  5636 E efls    : 	at clxr.run(PG:62)
02-07 11:44:19.405  1911  1911 D NotificationPanelView: setNowBarExpandMode() enabled = false, duration = 300, listener = null, mKeyguardSecBottomArea = com.android.systemui.statusbar.phone.KeyguardSecBottomAreaView{a063514 G.E...... ......ID 0,0-1080,2340 #7f0a05fd app:id/keyguard_bottom_shortcut_area}
02-07 11:44:19.405  1911  1911 D KeyguardSecAffordanceView: setNowBarExpandMode interactive: true, mIsNowBarVisible: false, LeftShortcut
02-07 11:44:19.405  1911  1911 D KeyguardSecAffordanceView: setNowBarExpandMode interactive: true, mIsNowBarVisible: false, RightShortcut
02-07 11:44:19.405  1911  1911 D KeyguardSecIndicationPolicy:  remove Item pos = DEFAULT, type =     LEGACY_TRANSIENT
02-07 11:44:19.405  1911  1911 D KeyguardSecIndicationController: addTrustAgentHelp false
02-07 11:44:19.405  1435  2327 D SystemServerTiming: getUserSwitchability-0
02-07 11:44:19.405  1911  1911 D KeyguardSecIndicationPolicy:  remove Item pos = DEFAULT, type =     TRUST_AGENT_HELP
02-07 11:44:19.405  1911  1911 D KeyguardSecIndicationController: addUsbRestriction false/isSecure=true
02-07 11:44:19.406  1911  1911 D KeyguardSecIndicationPolicy:  remove Item pos = DEFAULT, type =      USB_RESTRICTION
02-07 11:44:19.406  1911  1911 D KeyguardSecIndicationController: addBatteryAndOwnerInfoIndication() battery status = BatteryStatus{status=2,level=55,plugged=2,chargingStatus=0,maxChargingWattage=-1,remaining=16731000ultraFastCharger=0}
02-07 11:44:19.406  1435  2327 D SystemServerTiming: TM.isInCall
02-07 11:44:19.406  1911  1911 D KeyguardSecIndicationController: addIndicationTimeout() returned - unlocking
02-07 11:44:19.406  1911  1911 D KeyguardSecIndicationController: addIndication() returned - unlocking
02-07 11:44:19.406  1911  1911 D SecQuickSettingsAffordanceInteractor: setNowBarExpandMode enable = false
02-07 11:44:19.406  1911  1911 I NowBarCardViewModel: updateView isCollapsed = true screenOn=true
02-07 11:44:19.406  1911  1911 E NowBarCardStackView: getTopCard topCard is null view size = 0
02-07 11:44:19.406  1911  7563 W SmartReplyViewInflater: Loading Icon(typ=URI uri=content://com.android.textclassifier.icons/df6029db-d2b9-44bf-803a-482077352841/2131297149) took 1.194 sec
02-07 11:44:19.406  1911  1911 I PluginFaceWidgetManager: isEditMode = false
02-07 11:44:19.406  1911  1911 I NowBarCardViewModel: shouldDisableNowBar barState is not keyguard 
02-07 11:44:19.406  1911  1911 I NowBarCardViewModel: setVisibility visible = 0 / nowBarRootVisibility = 8
02-07 11:44:19.406  1911  1911 I NowBarItemManager: getVisibleList isScreenTurnedOn = true / aodShowState false shouldControlScreenOff false visibleList size = 0
02-07 11:44:19.407  1911  1911 I NowBarCardStackView: refreshAllViews itemList 0 aod.p2.t:71 aod.Ki0.C:16 com.samsung.android.app.facewidget.utils.NowBarCardStackView.m:14 com.samsung.android.app.facewidget.presentation.NowBarCardViewModel.w:182 com.samsung.android.app.facewidget.presentation.NowBarCardViewModel.j:38 aod.WB.onReceive:104 android.app.LoadedApk$ReceiverDispatcher$Args.lambda$getRunnable$0:1981 android.app.LoadedApk$ReceiverDispatcher$Args.$r8$lambda$mcNAAl1SQ4MyJPyDg8TJ2x2h0Rk:0 android.app.LoadedApk$ReceiverDispatcher$Args$$ExternalSyntheticLambda0.run:0 android.os.Handler.handleCallback:995 android.os.Handler.dispatchMessage:103 android.os.Looper.loopOnce:273 android.os.Looper.loop:363 android.app.ActivityThread.main:10060 java.lang.reflect.Method.invoke:-2 
02-07 11:44:19.407  1911  1911 E NowBarCardStackView: getTopCard topCard is null view size = 0
02-07 11:44:19.408  1911  1911 I NowBarCardStackView: refreshAllViews topcard is null
02-07 11:44:19.408  1911  1911 I NowBarCardStackView: refreshAllViews prev = 0 / new = 0   ==> 
02-07 11:44:19.408  1911  1911 E NowBarCardStackView: getTopCard topCard is null view size = 0
02-07 11:44:19.408  1911  1911 E NowBarCardStackView: getTopCard topCard is null view size = 0
02-07 11:44:19.408  1911  1911 E NowBarCardViewModel: updateExpandedClickPanelVisibility screen on = true expanded false isTopCardSettingViewOpened = false
02-07 11:44:19.408  1911  1911 E NowBarCardStackView: getTopCard topCard is null view size = 0
02-07 11:44:19.408  1911  1911 I NowBarCardViewModel: hideMediaOutputView: MediaOutput already hide
02-07 11:44:19.409  1435  2327 I Telecom : SamsungTelecomServiceImpl : isInCall - callingPackage : android / callingUser : UserHandle{0} / hasCrossUserAccess : true
02-07 11:44:19.410  1435  2327 V SystemServerTiming: TM.isInCall took to complete: 4ms
02-07 11:44:19.411  1911  1911 D SBluetoothControllerImpl: handleMessage : 3
02-07 11:44:19.411  1911  1911 D SBluetoothControllerImpl: handleMessage : 2
02-07 11:44:19.411  1435  2327 D SystemServerTiming: hasUserRestriction-DISALLOW_USER_SWITCH
02-07 11:44:19.411  1435  2327 V SystemServerTiming: hasUserRestriction-DISALLOW_USER_SWITCH took to complete: 0ms
02-07 11:44:19.411  1911  1911 D FlexPanelStartController: not support state, mMwEnabled=true, mIsTableMode=false, mDesktopMode=false, mFlexModePanelEnabled=true, mIsImeShowing=false, mIsQuickPanelShowing=false, mIsTaskBarAppsEnabled=false, mIsGlobalActionVisible=false, mOnRecentsAnimation=false, isSupportRotation=true, mIsKeyguardVisible=false
02-07 11:44:19.412  1435  2327 D SystemServerTiming: getInt-ALLOW_USER_SWITCHING_WHEN_SYSTEM_USER_LOCKED
02-07 11:44:19.412  1435  2327 V SystemServerTiming: getInt-ALLOW_USER_SWITCHING_WHEN_SYSTEM_USER_LOCKED took to complete: 1ms
02-07 11:44:19.412  1435  2327 D SystemServerTiming: isUserUnlocked-USER_SYSTEM
02-07 11:44:19.412  1435  2327 V SystemServerTiming: isUserUnlocked-USER_SYSTEM took to complete: 0ms
02-07 11:44:19.412  1435  2327 V SystemServerTiming: getUserSwitchability-0 took to complete: 7ms
02-07 11:44:19.413  1911  1911 D QuickPanelLog: SC | makeExpandedInvisible
02-07 11:44:19.413  1911  1911 D QuickPanelLog:  - com.android.systemui.shade.ShadeControllerImpl.makeExpandedInvisible:22
02-07 11:44:19.413  1911  1911 D QuickPanelLog:  - com.android.systemui.statusbar.phone.CentralSurfacesImpl$$ExternalSyntheticLambda30.run:90
02-07 11:44:19.413  1911  1911 D QuickPanelLog:  - android.os.Handler.handleCallback:995
02-07 11:44:19.413  1911  1911 D QuickPanelLog:  - android.os.Handler.dispatchMessage:103
02-07 11:44:19.413  1911  1911 D QuickPanelLog:  - android.os.Looper.loopOnce:273
02-07 11:44:19.413  1911  1911 D QuickPanelLog:  - android.os.Looper.loop:363
02-07 11:44:19.413  1911  1911 D QuickPanelLog:  - android.app.ActivityThread.main:10060
02-07 11:44:19.413  1911  1911 D QuickPanelLog:  - java.lang.reflect.Method.invoke:-2
02-07 11:44:19.413  1911  1911 D QuickPanelLog:  - com.android.internal.os.RuntimeInit$MethodAndArgsCaller.run:632
02-07 11:44:19.413  1911  1911 D QuickPanelLog:  - com.android.internal.os.ZygoteInit.main:975
02-07 11:44:19.413  1911  1911 D KeyguardSecAffordanceView: Cancel reset keyguard not showing LeftShortcut
02-07 11:44:19.413  1911  1911 D KeyguardSecAffordanceView: Cancel reset keyguard not showing RightShortcut
02-07 11:44:19.414  1911  1911 D KeyguardTouchAnimator: reset unlockExecuted=false
02-07 11:44:19.414  1911  1911 D KeyguardEditModeAnimatorController: reset false
02-07 11:44:19.414  1911  1911 D KeyguardEditModeAnimatorController: long pressed false
02-07 11:44:19.414  1911  1911 D KeyguardEditModeAnimatorController: resetViews
02-07 11:44:19.414  1911  1911 D KeyguardEditModeController: cancel() true
02-07 11:44:19.414  1911  1911 D KeyguardTouchAnimator: resetChildViewVI(): isUnlockExecuted=false scale=1.0
02-07 11:44:19.414  1911  1911 D PanelSplitOpenAnimator: onPanelExpansionChanged : 0.0 state : 0
02-07 11:44:19.414  1911  1911 D PanelSplitOpenAnimator: setPosition : 0.0 // true false false 0.0
02-07 11:44:19.414  1911  2176 D SBluetoothTile:  handleUpdateState enabled = false connected = false connecting = false changedState =false bluetoothState = 10 enabledChanging = false state = QSTile$BooleanState[spec=Bluetooth,icon=ResourceIcon[resId=0x7f080f78],nextIcon=null,iconSupplier=null,label=釉붾（?ъ뒪,secondaryLabel=,contentDescription=釉붾（?ъ뒪,stateDescription=null,dualLabelContentDescription=null,expandedAccessibilityClassName=null,disabledByPolicy=false,dualTarget=true,isTransient=false,handlesSecondaryClick=false,state=1,sideViewCustomDrawable=null,tileClassName=null,value=false,forceExpandIcon=false]
02-07 11:44:19.415  1911  1911 D ImmersiveScrollAnimator: clearAnimators
02-07 11:44:19.416  1911  1911 I NowBarCardViewModel: setVisibility visible = 4 / nowBarRootVisibility = 4
02-07 11:44:19.416  1911  1911 W WindowOnBackDispatcher: sendCancelIfRunning: isInProgress=false callback=com.android.systemui.back.domain.interactor.BackActionInteractor$callback$2@dbb918
02-07 11:44:19.416  1911  1911 D BackActionInteractor: unregisterBackCallback
02-07 11:44:19.416  1911  1911 D KeyguardVisible: isExpanded=false
02-07 11:44:19.416  1911  1911 D KeyguardVisible: !forceCollapsed=1, keyguard=0, panel=0, fadingAway=0, bouncer=0, headsUp=0, scrim=0, blur=0, launchingActivity=0, dozing=0, forceInvisible=0, forceVisibleForUnlockAnimation=0, coverClosed=0, coverApp=0, coverType=0
02-07 11:44:19.416  1911  1911 D KeyguardSurface: internalRestoreKeyguardSurfaceIfVisible false
02-07 11:44:19.416  1911  1911 D KeyguardVisible: cancel
02-07 11:44:19.417  1435  2204 D CoreBackPreview: Window{1e2f80c u0 NotificationShade}: Setting back callback null
02-07 11:44:19.417  1911  1911 I KeyguardSecPinBasedInputView: onVisibilityChanged() Visibility : 4
02-07 11:44:19.417  1911  1911 I SemTspStateManager: clearDeadZone()
02-07 11:44:19.419  1911  1911 D SecKeyguardStatusViewObserver: onChanged() FaceWidgetContainerLiveData{mIsContainerVisible=false, mClipLayoutVisibility=0, mRotation=0, mIsDashBoardVIRunning=false, mIsAdditionalInfoVisible=8, mAdditionalInfoGravity=17, mClockSideStartPadding=0, mClockSideEndPadding=0, mMusicSideStartPadding=30, mMusicSideEndPadding=30, mInfoSideStartPadding=0, mInfoSideEndPadding=0, mClipLayoutWidth = -1, mAdditionalInfoRemoteView=null, mIsAdditionalViewGoingToSleep=false, mConfig=CustomConfiguration{fontScale=1.0, screenLayout=268435810, orientation=1, screenWidthDp=384, screenHeightDp=832, smallestScreenWidthDp=384, densityDpi=450, uiMode=17, isRTL=false, mConfiguration={1.0 450mcc5mnc [ko_KR] ldltr sw384dp w384dp h832dp 450dpi nrml long port finger -keyb/v/h -nav/h winConfig={ mBounds=Rect(0, 0 - 1080, 2340) mAppBounds=Rect(0, 0 - 1080, 2340) mMaxBounds=Rect(0, 0 - 1080, 2340) mDisplayRotation=ROTATION_0 mWindowingMode=fullscreen mActivityType=undefined mAlwaysOnTop=undefined mRotation=ROTATION_0 mStageConfig=undefined mPopOver=undefined mOverlappingWithCutout=false} s.48 fontWeightAdjustment=0 ff=0 bf=-1 bts=0 cst=1.0 nightDim=0 themeSeq=0}}}
02-07 11:44:19.419  1911  1911 D FaceWidgetPagesController: onGravityChanged()
02-07 11:44:19.420  5240  5613 I cokp    : (REDACTED) Setting isLegacySQLite mode to %s.
02-07 11:44:19.420  1911  1911 I StretchMeasureDataCalculator: setGravity: 49, isStart=false, isEnd=false, isCenterHorizontal=true
02-07 11:44:19.420  1911  1911 D FaceWidgetClockPage: setClockGravity() gravity = 49
02-07 11:44:19.420  1911  1911 D FaceWidgetClockPage: updateClockPadding 
02-07 11:44:19.420  1911  1911 D MediaExpandStateObserver: onChanged MediaExpandStateModel(type=NONE, clockY=0.0, clockValidMaxScale=1.0, hasAnimation=true, isDozing=false, darkAmount=0.0, isMediaOutput=false)
02-07 11:44:19.420  1911  1911 D MediaExpandStateObserver: animateClipContainer NONE NONE
02-07 11:44:19.420  1911  1911 I LockscreenNotificationIconsOnlyController: onNotificationInfoUpdated 0
02-07 11:44:19.420  1911  1911 I AODNotificationManager: updateNotification() 
02-07 11:44:19.420  1911  1911 I KeyguardUnlock: Disable panel detector
02-07 11:44:19.420  5240  5639 W earchbox:search: Long monitor contention with owner BG Thread #1 (5613) at cokp com.google.android.libraries.geller.portable.GellerDatabaseManagerImpl.f(java.lang.String, boolean)(PG:252) waiters=0 in long com.google.android.libraries.geller.portable.GellerDatabaseManagerImpl.a(java.lang.String) for 253ms
02-07 11:44:19.420  1911  1911 D KeyguardSurface: restoreKeyguardSurfaceIfVisible viewRootImpl.view.visibility=4, keyguardVisibilityMonitor.isVisible()=true
02-07 11:44:19.420  1911  1911 D KeyguardSurface: internalRestoreKeyguardSurfaceIfVisible true
02-07 11:44:19.421  1911  1911 D KeyguardSurface: restoreKeyguardSurface surfaceParam=android.view.SyncRtSurfaceTransactionApplier$SurfaceParams@cd44f78 restored=true
02-07 11:44:19.421  1911  1911 I Choreographer: Skipped 37 frames!  The application may be doing too much work on its main thread.
02-07 11:44:19.422  4132  4183 I [SCPMV2][RegistrationVerifier]: verify
02-07 11:44:19.422  1911  1911 D KeyguardVisible: visibilityChanged 0 -> 4
02-07 11:44:19.423   872  1249 I hwcomposer: [HWC] (0)fire a callback of refresh to SF[4]  
02-07 11:44:19.426  1435  1435 W Looper  : Slow dispatch took 160ms main app=system_server main=true group=FOREGROUND h=android.app.job.JobServiceEngine$JobHandler c=null m=2
02-07 11:44:19.428  1911  2208 D HWUI    : CacheManager::trimMemory(20)
02-07 11:44:19.429  1077  1077 I CameraService: onUidStateChanged: uid=10064, procState is changed. (1 -> 0)
02-07 11:44:19.430  4132  4183 I [SCPMV2][RegistrationVerifier]: callers : [com.sec.location.nsflp2]
02-07 11:44:19.431  1435  1435 I LifeGuardManagerServiceImpl: boot completed
02-07 11:44:19.437  3514  4883 I Kumiho-Kumiho: getPackageName: com.samsung.android.messaging
02-07 11:44:19.439  7638  7638 I ActivityThread: Relaunch all activities: onCoreSettingsChange
02-07 11:44:19.440  3659  3659 D SafetyLabelChangesJobService: Received broadcast with intent action 'android.intent.action.BOOT_COMPLETED'
02-07 11:44:19.440  5240  5240 D WM-SystemJobService: onStopJob for WorkGenerationalId(workSpecId=31c98caa-b7cc-4936-b1c6-268553511fe4, generation=1929)
02-07 11:44:19.442  1435  7653 D SemInputDeviceManager: setProperty: (0) CMD,GRIP_DATA,1,45,7,24,702
02-07 11:44:19.443  1435  7653 D TspStateManager: wrote command: cmd=1,45,7,24,702, type=1
02-07 11:44:19.444  4132  4183 I [SCPMV2][ScpmPermissionChecker]: permissionState for read scpm : true
02-07 11:44:19.446  2719  4092 I NearbySharing: Granted slice and uri permissions to android
02-07 11:44:19.448  4772  4826 I chbox:googleapp: Background concurrent mark compact GC freed 4049KB AllocSpace bytes, 16(448KB) LOS objects, 52% free, 5609KB/11MB, paused 16.666ms,6.279ms total 310.492ms
02-07 11:44:19.454  1435  1661 D SemInputDevice:TSP: SetPropertyTask: CMD,set_grip_data,1,45,7,24,702 [02-07 11:44:19.442]
02-07 11:44:19.458   895   895 I sysinput:Touch: writeInformation:249, OK
02-07 11:44:19.458  1435  1661 D SysinputHAL_V1_3(V1_2): runTspCmdNoRead(TSP(1)): set_grip_data,1,45,7,24,702 ret=0
02-07 11:44:19.459  4132  4183 I [SCPMV2][RegistrationDataManager]: cursor count : 1
02-07 11:44:19.460  3514  4883 I PROV/QueryUriConversations: [CONVERSATION]done query conversations, containsRecipientList : false, category : null, Elapsed time : 19.365309 ms
02-07 11:44:19.460  3514  4883 I PROV/MsgContentProviderQuery: query, uriMatch : 1001, Elapsed time : 19.618849 ms
02-07 11:44:19.462  1435  1435 I engmode_service: BootCompleted
02-07 11:44:19.462  1435  1435 D ConnectivityManager: StackLog: [android.net.ConnectivityManager.sendRequestForNetwork(ConnectivityManager.java:4736)] [android.net.ConnectivityManager.sendRequestForNetwork(ConnectivityManager.java:4904)] [android.net.ConnectivityManager.registerNetworkCallback(ConnectivityManager.java:5321)] [android.net.ConnectivityManager.registerNetworkCallback(ConnectivityManager.java:5291)] [com.android.server.sepunion.EngmodeService.-$$Nest$mregisterNetworkCallback(qb/105312706 0d252380296b270ca8eac61e5247ce4b44a745ba33484c44fbe9d29bdb5144e6:42)] [com.android.server.sepunion.EngmodeService$2.onReceive(qb/105312706 0d252380296b270ca8eac61e5247ce4b44a745ba33484c44fbe9d29bdb5144e6:26)] [android.app.LoadedApk$ReceiverDispatcher$Args.lambda$getRunnable$0(LoadedApk.java:1981)] [android.app.LoadedApk$ReceiverDispatcher$Args.$r8$lambda$mcNAAl1SQ4MyJPyDg8TJ2x2h0Rk(Unknown Source:0)] [android.app.LoadedApk$ReceiverDispatcher$Args$$ExternalSyntheticLambda0.run(D8$$SyntheticClass:0)]
02-07 11:44:19.464  1435  1568 W JobScheduler: Job didn't exist in JobStore: 7b5ce58 {androidx.work.systemjobscheduler} #u0a231/48267 @androidx.work.systemjobscheduler@com.google.android.googlequicksearchbox/androidx.work.impl.background.systemjob.SystemJobService
02-07 11:44:19.466  2719  4092 I NearbySharing: Granted slice and uri permissions to com.google.android.apps.nbu.files
02-07 11:44:19.466  1435  1435 D CompatChangeReporter: Compat change id reported: 349487600; UID 1000; state: ENABLED
02-07 11:44:19.468  4132  4183 I [SCPMV2][RegistrationDataManager]: register: 7dal4htknk
02-07 11:44:19.475   673  6437 I keystore2: system/security/keystore2/src/service.rs:403 - In delete_key. 10230, Some("nearby_sharing_paired_key_alias_9AQvvBHdp2ylY8XzGXsy_TttMiy8Ts5_jJifglvE-Pc")
02-07 11:44:19.476  2719  4092 I NearbySharing: Granted slice and uri permissions to com.samsung.android.app.sharelive
02-07 11:44:19.476  2719  2776 I NearbyConnections: Client 42683467 requested setting downloads directory to null.
02-07 11:44:19.476  2719  2776 I NearbyConnections: Client 42683467 with package name 0p:com.google.android.gms.nearby.presence and sdk version 260434000 has connected, downloads dir is set to null.
02-07 11:44:19.479   673   708 I keystore2: system/security/keystore2/src/gc.rs:144 - In process_one_key: Success remove invalidate_key.
02-07 11:44:19.480   866   866 D AudioALSAStreamOut: standby(), flag 2
02-07 11:44:19.480   866   866 D AudioALSAStreamOut: standbyStreamOut(), halRequest 0, mDestroy 0, flag 2
02-07 11:44:19.482   866   866 D AudioALSAStreamOut: close(), flags 2
02-07 11:44:19.482   866   866 D AudioALSAPlaybackHandlerMixer: close(+), source flag 2, mDevice = 0x2, buffer_size 4096
02-07 11:44:19.482   866   866 D audio_sw_mixer: sw_mixer_source_detach(), MIXER_PLAYBACK  , name T_PRIMARY
02-07 11:44:19.482   866   866 D audio_sw_mixer: sw_mixer_manager_destroy_path(), MIXER_PLAYBACK  , path T_PRIMARY=>T_PRIMARY
02-07 11:44:19.482   866   866 D audio_sw_mixer: dump_path_list(), MIXER_PLAYBACK  , T_FAST=>T_PRIMARY   [1024, 1, n] 
02-07 11:44:19.482   866   866 W audio_sw_mixer: sw_mixer_manager_destroy_path(-), MIXER_PLAYBACK  , path T_PRIMARY=>T_PRIMARY, rb cnt 8192, conv close 0.003 ms
02-07 11:44:19.482   866   866 D AudioALSAPlaybackHandlerBase: DestroyAurisysLibManager()
02-07 11:44:19.483   866   866 D aurisys_lib_handler: aurisys_arsi_destroy_handler(), lib_name aurisys_demo, 0xec197f00, arsi_destroy_handler, arsi_handler = 0xebbae500, retval = 0
02-07 11:44:19.483   866   866 D aurisys_lib_manager: delete_aurisys_lib_manager(), manager 0xebdc02a0
02-07 11:44:19.483   866   866 D AudioALSAPlaybackHandlerBase: closeWavDump()
02-07 11:44:19.483   866   866 D AudioALSAPlaybackHandlerMixer: close(-)
02-07 11:44:19.488  1435  2324 I WindowManager: Relayout Window{1e2f80c u0 NotificationShade}: viewVisibility=4 req=1080x2340 ty=2040 d0
02-07 11:44:19.489  1435  2324 E WindowManager: win=Window{1e2f80c u0 NotificationShade} destroySurfaces: appStopped=true cleanupOnResume=false win.mWindowRemovalAllowed=false win.mRemoveOnExit=false win.mViewVisibility=4 caller=com.android.server.wm.WindowManagerService.tryStartExitingAnimation:134 com.android.server.wm.WindowManagerService.relayoutWindow:1138 com.android.server.wm.Session.relayout:27 android.view.IWindowSession$Stub.onTransact:829 com.android.server.wm.Session.onTransact:1 android.os.Binder.execTransactInternal:1457 android.os.Binder.execTransact:1401 
02-07 11:44:19.490  1435  1769 I engmode_service: Network is available
02-07 11:44:19.491  1435  1733 D ConnectivityService: Rematched networks [computed 0ms] [applied 2ms] [issued 3]
02-07 11:44:19.491  1435  1733 D ConnectivityService: NetworkReassignment : no changes
02-07 11:44:19.496  4772  4772 I cr_LibraryLoader: Successfully loaded native library
02-07 11:44:19.499   935   935 I SurfaceFlinger: [LayerHierarchy{RequestedLayerState{NotificationShade$_1911#131} no children}] reparent to OffscreenRoot
02-07 11:44:19.499   935   935 I SurfaceFlinger: [LayerHierarchy{RequestedLayerState{NotificationShade$_1911#131} no children}] RelativeParent to null
02-07 11:44:19.499   935   935 E RefreshRateSelector: Can't find HRR max refresh rate by policy with the same group 0
02-07 11:44:19.500  2719  4092 I NearbySharing: com.google.android.gms.nearby.sharing.receive.SamsungQrCodeActivity enable=true
02-07 11:44:19.501  3514  4883 I PROV/QueryUriConversations: [CONVERSATION]done query conversations, containsRecipientList : false, category : null, Elapsed time : 8.216846 ms
02-07 11:44:19.501  3514  4883 I PROV/MsgContentProviderQuery: query, uriMatch : 1001, Elapsed time : 8.525538 ms
02-07 11:44:19.502  1435  2324 I WindowManager: Relayout hash=1e2f80c, pid=1911, syncId=-1: mAttrs={(0,0)(fillxfill) gr=TOP CENTER_VERTICAL sim={adjust=pan} layoutInDisplayCutoutMode=always ty=NOTIFICATION_SHADE fmt=TRANSLUCENT
02-07 11:44:19.502  1435  2324 I WindowManager:   fl=81040048
02-07 11:44:19.502  1435  2324 I WindowManager:   pfl=11000200
02-07 11:44:19.502  1435  2324 I WindowManager:   bhv=2
02-07 11:44:19.502  1435  2324 I WindowManager:   frameRateBoostOnTouch=true
02-07 11:44:19.502  1435  2324 I WindowManager:   dvrrWindowFrameRateHint=true naviIconColor=0
02-07 11:44:19.502  1435  2324 I WindowManager:   sfl=40000}
02-07 11:44:19.502  4132  4183 I [SCPMV2][ConfigurationWhenRegister]: apply
02-07 11:44:19.503   935   935 D SurfaceFlinger: Display 4627039422300187648 HWC layers:
02-07 11:44:19.503   935   935 D SurfaceFlinger:        DEVICE |            8207682502668 | 00000100 | RGBA_8888    |    0.0    0.0 1080.0 2340.0 |    0    0 1080 2340 | Wallpaper BBQ wrapper 5_system#81 (1)
02-07 11:44:19.503   935   935 D SurfaceFlinger:        DEVICE |           11076720656407 | 00002100 | RGBA_8888    |    0.0    0.0 1080.0 2340.0 |    0    0 1080 2340 | com.sec.android.app.launcher/com.sec[...]ctivities.LauncherActivity$_2579#149 (25)
02-07 11:44:19.503   935   935 D SurfaceFlinger:        DEVICE |            8207682502728 | 00002100 | RGBA_8888    |    0.0    0.0 1080.0   80.0 |    0    0 1080   80 | StatusBar$_1911#98 (45)
02-07 11:44:19.503   935   935 D SurfaceFlinger:        DEVICE |            8207682502725 | 00002100 | RGBA_8888    |    0.0    0.0 1080.0  135.0 |    0 2205 1080 2340 | NavigationBar0$_1911#94 (13)
02-07 11:44:19.503   935   935 D SurfaceFlinger: 
02-07 11:44:19.503  1911  1911 I BLASTBufferQueue: [VRI[NotificationShade]@b03d8fe#7](f:0,a:3,s:0) destructor()
02-07 11:44:19.503  1911  1911 D BufferQueueConsumer: [VRI[NotificationShade]@b03d8fe#7(BLAST Consumer)7](id:77700000007,api:0,p:-1,c:1911) disconnect
02-07 11:44:19.506  4772  4772 I cr_CachingUmaRecorder: Flushed 22 samples from 21 histograms, 0 samples were dropped.
02-07 11:44:19.507  1911  1911 I VRI[NotificationShade]@b03d8fe: Relayout returned: old=(0,0,1080,2340) new=(0,0,1080,2340) relayoutAsync=false req=(1080,2340)4 dur=18 res=0x2 s={false 0x0} ch=true seqId=0
02-07 11:44:19.507  7423  7423 I SamsungODA: ts43 update check onSuccess()                                                                       [at com.samsung.oda.service.update.StubUpdateCheck.lambda$updateCheckTs43$1(StubUpdateCheck.java:2)]
02-07 11:44:19.508  1911  1911 W KeyguardSecurityViewFlipper: onMeasure: widthSpec MeasureSpec: EXACTLY 1080 should be AT_MOST
02-07 11:44:19.508  1911  1911 W KeyguardSecurityViewFlipper: onMeasure: heightSpec MeasureSpec: EXACTLY 2205 should be AT_MOST
02-07 11:44:19.508  1911  1911 W KeyguardSecurityViewFlipper: onMeasure: widthSpec MeasureSpec: EXACTLY 1080 should be AT_MOST
02-07 11:44:19.508  1911  1911 W KeyguardSecurityViewFlipper: onMeasure: heightSpec MeasureSpec: EXACTLY 2205 should be AT_MOST
02-07 11:44:19.509  1911  1911 W RefactorFlag: New code path expects SceneContainerFlag to be enabled.
02-07 11:44:19.510  1911  1911 D VRI[NotificationShade]@b03d8fe: Not drawing due to not visible. Reason=View.INVISIBLE
02-07 11:44:19.510  4132  4183 I [SCPMV2][ScpmPermissionChecker]: hasPermission : true
02-07 11:44:19.512  1911  1911 D SystemUIService: SYSUI_RAM_OPTIMIZATION onTrimMemory=20
02-07 11:44:19.512  1911  1911 D CentralSurfaces: SYSUI_RAM_OPTIMIZATION onTrimMemory=20
02-07 11:44:19.517  7423  7423 I SamsungODA: failed to get ts43 versionName: com.samsung.ts43authservice                                         [at com.samsung.oda.service.update.StubUpdateCheck.getTs43ServiceVersionName(StubUpdateCheck.java:33)]
02-07 11:44:19.518  3028  3130 I [SCPMLIB_1.0.0]ConfigurationApi: initialize : 7dal4htknk, appVer : 6.4.6
02-07 11:44:19.518  3028  3130 I [SCPMLIB_1.0.0]ConfigurationApi: Method : initialize, Argument : com.sec.location.nsflp2
02-07 11:44:19.519  7423  7423 I SamsungODA: update TS43_UPDATE_CHECK value: 0                                                                   [at com.samsung.oda.service.update.StubUpdateCheck.lambda$updateCheckTs43$1(StubUpdateCheck.java:61)]
02-07 11:44:19.519  1911  2208 D HWUI    : CacheManager::trimMemory(20)
02-07 11:44:19.520  4132  4183 I [SCPMV2][RegistrationDataManager]: cursor count : 1
02-07 11:44:19.520  4132  4183 I [SCPMV2][ConfigurationDataManager]: getConfiguration: appId = 7dal4htknk
02-07 11:44:19.521  4132  4183 I [SCPMV2][ConfigurationDataManager]: cursor count : 1
02-07 11:44:19.521  4132  4183 I [SCPMV2][Initialize]: apply
02-07 11:44:19.521  4132  4183 I [SCPMV2][ScpmPermissionChecker]: hasPermission : true
02-07 11:44:19.521  4132  4183 I [SCPMV2][ConfigurationDataManager]: initialize: appId = 7dal4htknk
02-07 11:44:19.523  7423  7423 I SamsungODA: calling package : com.samsung.oda.service                                                           [at com.samsung.oda.service.info.OdaInfoProvider.insert(OdaInfoProvider.java:18)]
02-07 11:44:19.524  3514  4883 I ORC/ComposerParameter: create from builder
02-07 11:44:19.524  3514  4883 I ORC/OpenConversationUtil: openConversation
02-07 11:44:19.525  7423  7423 I SamsungODA: Uri : content://com.samsung.oda.service.info.provider/TS43_UPDATE_CHECK                             [at com.samsung.oda.service.info.OdaInfoProvider.insert(OdaInfoProvider.java:35)]
02-07 11:44:19.525  1435  3959 I NSLocationMonitor: setFeatureDeviceActivity, isAvailable, true
02-07 11:44:19.525  3514  4883 I ORC/PackageInfo: componentName=com.samsung.android.messaging.ui.RcsTransferContent, currentState=1
02-07 11:44:19.526  4772  4772 I cr_CombinedPProvider: #registerProvider() provider:WV.rk@48d407a isPolicyCacheEnabled:false policyProvidersSize:0
02-07 11:44:19.527  7423  7423 I SamsungODA: oda update check onSuccess()                                                                        [at com.samsung.oda.service.update.StubUpdateCheck.lambda$updateCheckOda$0(StubUpdateCheck.java:2)]
02-07 11:44:19.527  3514  4883 W BitmapFactory: Null Options, creating a new one.
02-07 11:44:19.528  3514  4883 I Kumiho-Kumiho: getPackageName: com.samsung.android.messaging
02-07 11:44:19.529  4772  4772 I cr_PolicyProvider: #setManagerAndSource() 0
02-07 11:44:19.530  1435  3959 D SemContextService: lock : registerCallback
