--------- beginning of main
02-07 11:44:18.613  1111  6953 V MediaPlayerService: disconnect(1) from AttributionSource AttributionSourceState{pid: 1911, uid: 10064, deviceId: 0, packageName: com.android.systemui, attributionTag: (null), token: binder:0xf4317a50, renouncedPermissions: [], next: []}
02-07 11:44:18.613  1111  7154 V AudioSink: +++ close
02-07 11:44:18.613  1111  7154 V AudioSink: --- close
02-07 11:44:18.615  2579  2579 I HoneySpace.SysuiUnlockAnimationController: alpha amount=0.70221204
02-07 11:44:18.615  1911  6937 V MediaPlayerNative: disconnect
02-07 11:44:18.616   866   866 D AudioALSAStreamOut: +setParameters(): flag 2, volumeDevice=2;volumeIndex=6;volumeStreamType=1
02-07 11:44:18.616   866   866 D AudioALSAStreamManager: getFactoryTestRouteMode(), misFactoryTestRouteMode = 0
02-07 11:44:18.616   866   866 D AudioMTKGainController: setNormalVolume(), mSceneIndex = 0, stream 1, devices 0x2, index 6, mode 0x0, gainDevice 0x2
02-07 11:44:18.616   866   866 D AudioALSAStreamManager: setVolumeIndex() stream= 1, device= 2, index= 6
02-07 11:44:18.616  1111  7154 W AMessage: failed to post message as target looper for handler 0 is gone.
02-07 11:44:18.616   899  1381 I SoundAlive_SRC384 arch64: ~SoundAlive_SRC384(): instance 1
02-07 11:44:18.617  1111  7592 I hw-BpHwBinder: onLastStrongRef automatically unlinking death recipients
02-07 11:44:18.617  1111  7592 I CCodecBufferChannel: CCodecBufferChannel destructing c2.android.vorbis.decoder#926
02-07 11:44:18.617  3827  3827 I SemDvfsHyPerManager: acquire hyper - TaskTurbo/3827@22, type = -999
02-07 11:44:18.618   884   910 I HYPER-HAL: [RequestManager.cpp]acquire(): Acquired ID : 7409347  [3827 / 22]    HINT :      list : [TaskTurbo / 15] [TIMEOUT / 1500] 
--------- beginning of system
02-07 11:44:18.618  1435  1435 D UsbHostRestrictor: Write ScrLck Block FILE
02-07 11:44:18.619  1911  1911 D NavBarStateManager: NavBarStates(0) canShowKeyboardButtonForRotation(3): true
02-07 11:44:18.620  1435  1435 D UsbHostRestrictor: stopLockTimer--
02-07 11:44:18.620   899  1569 V APM_AudioPolicyManager: checkAndSetVolume: output 29, stream 9, index 0, devices 0x2, volume 0.000000, delayMs 0, muted false
02-07 11:44:18.621   899  1569 V APM_AudioPolicyManager: checkAndSetVolume: output 29, stream 0, index 8, devices 0x2, volume 1.000000, delayMs 0, muted false
02-07 11:44:18.622  1435  1711 E MotionRecognitionService: Receiver: ACTION_USER_PRESENT - UNLOCK SCREEN
02-07 11:44:18.622   899  1569 V APM_AudioPolicyManager: checkAndSetVolume: output 29, stream 11, index 7, devices 0x2, volume 0.100000, delayMs 0, muted false
02-07 11:44:18.623   899  1569 V APM_AudioPolicyManager: checkAndSetVolume: output 29, stream 1, index 6, devices 0x2, volume 0.118850, delayMs 0, muted false
02-07 11:44:18.623  2579  2579 I HoneySpace.SysuiUnlockAnimationController: alpha amount=0.7693788
02-07 11:44:18.624  1435  1435 D MediaSessionService: Audio playback is changed, config=AudioPlaybackConfiguration piid:143 deviceIds:[3] type:android.media.MediaPlayer u/pid:10064/1911 state:released attr:AudioAttributes: usage=USAGE_NOTIFICATION content=CONTENT_TYPE_SONIFICATION flags=0x800 tags= bundle=null sessionId:137 mutedState:none  FormatInfo{isSpatialized=false, channelMask=0x3, sampleRate=44100}, removed=false
02-07 11:44:18.624  1435  1435 D MediaSessionStack: updateMediaButtonSessionIfNeeded, callers=com.android.server.media.AudioPlayerStateMonitor$MessageHandler.handleMessage:19 android.os.Handler.dispatchMessage:110 
02-07 11:44:18.624  1435  1435 D MediaSessionStack: updateMediaButtonSessionIfNeeded, skipping uid=10064
02-07 11:44:18.624  1435  1435 W Looper  : Drained
02-07 11:44:18.625  7566  7566 I ActivityThread: Relaunch all activities: onCoreSettingsChange
02-07 11:44:18.626  2719  2719 D ConnectivityManager: StackLog: [android.net.ConnectivityManager.sendRequestForNetwork(ConnectivityManager.java:4736)] [android.net.ConnectivityManager.sendRequestForNetwork(ConnectivityManager.java:4904)] [android.net.ConnectivityManager.registerNetworkCallback(ConnectivityManager.java:5321)] [android.net.ConnectivityManager.registerNetworkCallback(ConnectivityManager.java:5291)] [dhhd.p(:com.google.android.gms@260434035@26.04.34 (260400-862941407):61)] [dgou.<init>(:com.google.android.gms@260434035@26.04.34 (260400-862941407):261)] [dcgq.<init>(:com.google.android.gms@260434035@26.04.34 (260400-862941407):3)] [dbyt.<init>(:com.google.android.gms@260434035@26.04.34 (260400-862941407):14)] [com.google.android.gms.nearby.connection.service.NearbyConnectionsChimeraService.onCreate(:com.google.android.gms@260434035@26.04.34 (260400-862941407):77)] [ytn.onCreate(:com.google.android.gms@260434035@26.04.34 (260400-862941407):8)] [azdn.onCreate(:com.google.android.gms@260434035@26.04.34 (260400-862941407):26)] [ytc.b(:com.google.android.gms@260434035@26.04.34 (260400-862941407):40)] [yta.onBind(:com.google.android.gms@260434035@26.04.34 (260400-862941407):67)] [com.google.android.gms.chimera.container.boundservice.GmsApiChimeraService.i(:com.google.android.gms@260434035@26.04.34 (260400-862941407):7)] [com.google.android.gms.chimera.container.boundservice.GmsApiChimeraService.onBind(:com.google.android.gms@260434035@26.04.34 (260400-862941407):77)] [ayym.onBind(:com.google.android.gms@260434035@26.04.34 (260400-862941407):43)] [android.app.ActivityThread.handleBindService(ActivityThread.java:5946)] [android.app.ActivityThread.-$$Nest$mhandleBindService(Unknown Source:0)] [android.app.ActivityThread$H.handleMessage(ActivityThread.java:2944)]
02-07 11:44:18.626  2719  2727 I BpBinder: onLastStrongRef automatically unlinking death recipients: 
02-07 11:44:18.627  1911  1911 D NavBarView: disableBack=false (isBackDismissIme=false, handlingGestures=false, disabledFlagBack=false, isBottomGesture=false, isImeRenderingNavButtons=false)
02-07 11:44:18.627  1435  2320 W AS.PlaybackActivityMon: No piid assigned for invalid/internal port id 24
02-07 11:44:18.627  1911  1911 D Navbar.Store: ----handleEvent(0) OnUpdateSysUiStateFlag(noArguments=true) [Module] SamsungNavigationBarView
02-07 11:44:18.627  1911  1911 D Navbar.Store: ------[Band]GESTURE_PACK_UPDATE_SYSTEMUI_STATE_FLAG
02-07 11:44:18.627  1911  1911 D Navbar.Store: ------[Band] (afterAction) GESTURE_PACK_UPDATE_SYSTEMUI_STATE_FLAG
02-07 11:44:18.628   899  1137 V APM_AudioPolicyManager: releaseOutput portId 23
02-07 11:44:18.628   899  1137 V APM_AudioPolicyManager: releaseOutput() 13
02-07 11:44:18.628  2277  2634 D NfcService: applyRouting: skip because nfc is not enabled
02-07 11:44:18.629   866  3725 D AudioALSAStreamOut: write(), flag 0x4, usePolicyDevice: 1, output_devices: 0x2 -> latest policyDevice 0x2 (ori policyDevice 0x2)
02-07 11:44:18.629   866  3725 D AudioALSAStreamManager: +syncSharedOutDevice(), originDevice/routingSharedOutDevice: 0x2/0x2, mAudioMode: 0
02-07 11:44:18.629   866  3725 D AudioIEMsController: routing(+), cur out 0x0 in 0x0, hs 0, bt 0, usb 0, device 0x2, mask 0x1, on 0
02-07 11:44:18.629   866  3725 D AudioIEMsController: routing(-), cur out 0x0 in 0x0
02-07 11:44:18.629   866  3725 D AudioALSAStreamManager: getFactoryTestRouteMode(), misFactoryTestRouteMode = 0
02-07 11:44:18.629   866  3725 D AudioMTKGainController: setNormalVolume(), mSceneIndex = 0, stream 1, devices 0x2, index 6, mode 0x0, gainDevice 0x2
02-07 11:44:18.630   866  3725 D AudioALSAStreamOut: open(), flags 4
02-07 11:44:18.630   866  3725 D AudioALSAStreamManager: +createPlaybackHandler(), mAudioMode = 0, output_devices = 0x2, isMixerOut = 0, isBypassAurisys = 0, flag = 4, isIEMsSource = 0, isIEMsOn = 0
02-07 11:44:18.630   866  3725 D AudioALSAStreamManager: needEnableVoip(), output_devices = 0x2, flags: 0x4, mAvailableOutputFlags: 0x1000e, enable: 0
02-07 11:44:18.630   866  3725 D AudioSpeechEnhanceInfo: IsAPDMNRTuningEnable(), 0
02-07 11:44:18.630   866  3725 D AudioALSAPlaybackHandlerMixer: open(+), source flag 4, mDevice = 0x2, buffer_size 1024, sample_rate 48000
02-07 11:44:18.630   866  3725 D AudioALSAPlaybackHandlerBase: CreateAurisysLibManager, ph type: 11, voip: 0, mAurisysScenario: 1
02-07 11:44:18.630   866  3725 D aurisys_utility: input dev: 0x80000080, fmt = 0x1, fs: 48000, max fs: 48000, ch: 2, max ch: 2, ch maks: 0x3, hw_info_mask: 0x0; output dev: 0x2, fmt = 0x1, fs: 48000, max fs: 48000, ch: 2, max ch: 2, ch maks: 0x3, hw_info_mask: 0x8; task_scene: 2, audio_mode: 0, stream_type: 1, output_flags: 0x4, input_source: 0, input_flags: 0x0; network_info: 0, enhancement_feature_mask: 0x0
02-07 11:44:18.630   866  3725 D AudioUtility: setupCustomInfoStr(), custom_info = "SetAudioCustomScene=;", (scene = , vol_level = -1, bt_codec = -1, gameChatMode = -1)
02-07 11:44:18.630   866  3725 D aurisys_utility: lib, working fs: 48000, fmt: 0x3, frame = 0, b_interleave = 1, num_ul_ref_buf_array = 0, num_dl_ref_buf_array = 0
02-07 11:44:18.630   866  3725 D aurisys_utility: dl in[type:2], ch: 2, ch_mask: 0x3, buf fs: 48000, buf content fs: 48000, fmt: 0x3; dl out[type:3], ch: 2, ch_mask: 0x3, buf fs: 48000, buf content fs: 48000, fmt: 0x3
02-07 11:44:18.630   866  3725 D aurisys_lib_handler: aurisys_arsi_parsing_param_file(), gProductInfo "platform=MT6835,device=m15x,model=SM-M156S", file_path "/vendor/etc/audio_param", enhancement_mode 0, param_buf_size 128, data_size 128, custom_info SetAudioCustomScene=;
02-07 11:44:18.630   866  3725 D aurisys_lib_handler: aurisys_arsi_create_handler(), lib_name aurisys_demo, 0xec198e00, memory_size 876, arsi_handler 0xebbade00, retval 0x0
02-07 11:44:18.630   866  3725 D aurisys_lib_handler: aurisys_arsi_create_handler(), arsi_query_process_unit_bytes, ul 4096, dl 4096, retval 0
02-07 11:44:18.630   866  3725 D aurisys_lib_manager: DL Lib, lib_name aurisys_demo, 0xec198e00, sample_rate: 48000 => 48000, num_channels: 2 => 2, audio_format: 0x1 => 0x3, interleave: 1 => 1, frame: 0 => 0
02-07 11:44:18.630   866  3725 D aurisys_lib_manager: DL out, sample_rate: 48000 => 48000, num_channels: 2 => 2, audio_format: 0x3 => 0x1, interleave: 1 => 1, frame: 0 => 0
02-07 11:44:18.630   866  3725 D audio_sw_mixer: sw_mixer_source_attach(), MIXER_PLAYBACK  , name T_FAST       order 1 sz 1024 fmt 1 ch 2 rate 48000 latency_us 5333
02-07 11:44:18.630   866  3725 D audio_sw_mixer: sw_mixer_manager_create_path(), MIXER_PLAYBACK  , path T_FAST=>T_PRIMARY   , source: order 1 sz 1024 fmt 1 ch 2 rate 48000 latency_us 5333, target: order 4 sz 4096 fmt 1 ch 2 rate 48000 latency_us 21333
02-07 11:44:18.630   866  3725 D audio_sw_mixer: dump_path_list(), MIXER_PLAYBACK  , T_FAST=>T_PRIMARY   [1024, 1, n] T_PRIMARY=>T_PRIMARY[4096, 4, y] 
02-07 11:44:18.631   866  3725 D AudioALSAPlaybackHandlerMixer: open(-), target flag 2, mDevice 0x2, buffer_size 4096, frame_count 1024, sample_rate 48000
02-07 11:44:18.631   866  3725 D AudioALSAPlaybackHandlerMixer: setScreenState(), buffer_size 1024 => 4096
02-07 11:44:18.631   866  3725 D AudioALSAPlaybackHandlerNormal: setScreenState(), flag = 0x2, mode = 1, sample_rate(source/target) = 48000/48000, buffer_size(source/target) = 4096/16384, device_support_hifi = 0
02-07 11:44:18.631   866  3725 D AudioALSAPlaybackHandlerNormal: setScreenState(), flag = 2, rate = 1024, mInterrupt = 0.021333, mode = 1, sample_rate(target) = 48000, buffer_size = 4096, channel = 2, format = 4, reduceInterruptSize = 1024
02-07 11:44:18.633  2719  2719 I TetheringManager: registerTetheringEventCallback caller:com.google.android.gms
02-07 11:44:18.633  2579  2579 I HoneySpace.SysuiUnlockAnimationController: alpha amount=0.825851
02-07 11:44:18.634  2719  2719 D ConnectivityManager: StackLog: [android.net.ConnectivityManager.sendRequestForNetwork(ConnectivityManager.java:4736)] [android.net.ConnectivityManager.registerDefaultNetworkCallbackForUid(ConnectivityManager.java:5461)] [android.net.ConnectivityManager.registerDefaultNetworkCallback(ConnectivityManager.java:5428)] [android.net.ConnectivityManager.registerDefaultNetworkCallback(ConnectivityManager.java:5402)] [dhhd.o(:com.google.android.gms@260434035@26.04.34 (260400-862941407):26)] [dgou.<init>(:com.google.android.gms@260434035@26.04.34 (260400-862941407):264)] [dcgq.<init>(:com.google.android.gms@260434035@26.04.34 (260400-862941407):3)] [dbyt.<init>(:com.google.android.gms@260434035@26.04.34 (260400-862941407):14)] [com.google.android.gms.nearby.connection.service.NearbyConnectionsChimeraService.onCreate(:com.google.android.gms@260434035@26.04.34 (260400-862941407):77)] [ytn.onCreate(:com.google.android.gms@260434035@26.04.34 (260400-862941407):8)] [azdn.onCreate(:com.google.android.gms@260434035@26.04.34 (260400-862941407):26)] [ytc.b(:com.google.android.gms@260434035@26.04.34 (260400-862941407):40)] [yta.onBind(:com.google.android.gms@260434035@26.04.34 (260400-862941407):67)] [com.google.android.gms.chimera.container.boundservice.GmsApiChimeraService.i(:com.google.android.gms@260434035@26.04.34 (260400-862941407):7)] [com.google.android.gms.chimera.container.boundservice.GmsApiChimeraService.onBind(:com.google.android.gms@260434035@26.04.34 (260400-862941407):77)] [ayym.onBind(:com.google.android.gms@260434035@26.04.34 (260400-862941407):43)] [android.app.ActivityThread.handleBindService(ActivityThread.java:5946)] [android.app.ActivityThread.-$$Nest$mhandleBindService(Unknown Source:0)] [android.app.ActivityThread$H.handleMessage(ActivityThread.java:2944)]
02-07 11:44:18.634  1911  1911 D SecLockIconViewController: updateVisibility
02-07 11:44:18.635  1911  1911 D KeyguardUnlockInfo: executeAfterKeyguardGoneAction dismissAction=0, goneRunnable=0
02-07 11:44:18.636   899  1390 I FastMixer: updateStageIndex F-29001
02-07 11:44:18.636   899  1390 I SoundBooster_Interface2000_a64: [AE_LOG] Exe() mMode : 0,  n : 256    VolumeIndexFloat : -100.000000 mSamplingRate : 48000
02-07 11:44:18.636  1911  2525 I engmode_java_manager: getStatus() is called.
02-07 11:44:18.636  1911  2525 I engmode_java_manager: com.android.systemui(10064, 0) call em(64)
02-07 11:44:18.636  1911  2525 I engmode_jni: EM version = 30.2.06
02-07 11:44:18.637   899  1390 I SoundBooster_Interface2000_a64: BuffClear_apply() mMode: 0
02-07 11:44:18.638   866  1351 D audio_sw_mixer: sw_mixer_wait_to_mix(), MIXER_PLAYBACK  , target T_PRIMARY    thread exit direct mode
02-07 11:44:18.639  1911  1911 D KeyguardVisible: onKeyguardFadingAwayChanged true
02-07 11:44:18.639  1911  1911 D KeyguardViewMediator: adjustStatusBarLocked: no need to update flags=0x0 / showHomeOverLock=true
02-07 11:44:18.640  4772  6181 W chbox:googleapp: Suspending all threads took: 49.199ms
02-07 11:44:18.640  4772  6181 D nativeloader: Configuring clns-12 for other apk /data/app/~~Yrp4MzTjPpTGnXhXV8QNSQ==/com.google.android.webview-6UpgH5rV2U-kfYmGibKu6Q==/base.apk. target_sdk_version=36, uses_libraries=, library_path=/data/app/~~Yrp4MzTjPpTGnXhXV8QNSQ==/com.google.android.webview-6UpgH5rV2U-kfYmGibKu6Q==/lib/arm64:/data/app/~~Yrp4MzTjPpTGnXhXV8QNSQ==/com.google.android.webview-6UpgH5rV2U-kfYmGibKu6Q==/base.apk!/lib/arm64-v8a:/data/app/~~dCwTF8gexclpqEtd1F6bbg==/com.google.android.trichromelibrary_755911133-Bt0Mhx8ojXEoKw0IAvqXlQ==/base.apk!/lib/arm64-v8a, permitted_path=/data:/mnt/expand
02-07 11:44:18.641   899  1137 V APM_AudioPolicyManager: releaseOutput portId 22
02-07 11:44:18.641   899  1137 V APM_AudioPolicyManager: releaseOutput() 29
02-07 11:44:18.641  1911  1911 D KeyguardSecIndicationPolicy:  remove Item pos = DEFAULT, type =     LEGACY_TRANSIENT
02-07 11:44:18.641  5240  6572 V ClearcutMetricXmitter: Transmission is done.
02-07 11:44:18.641  1911  1911 D KeyguardSecIndicationController: addTrustAgentHelp false
02-07 11:44:18.641  1911  1911 D KeyguardSecIndicationPolicy:  remove Item pos = DEFAULT, type =     TRUST_AGENT_HELP
02-07 11:44:18.641  1911  1911 D KeyguardSecIndicationController: addUsbRestriction false/isSecure=true
02-07 11:44:18.641  1911  1911 D KeyguardSecIndicationPolicy:  remove Item pos = DEFAULT, type =      USB_RESTRICTION
02-07 11:44:18.641  1911  1911 D KeyguardSecIndicationController: addBatteryAndOwnerInfoIndication() battery status = BatteryStatus{status=2,level=55,plugged=2,chargingStatus=0,maxChargingWattage=-1,remaining=16731000ultraFastCharger=0}
02-07 11:44:18.642  1911  1911 D KeyguardSecIndicationController: addIndicationTimeout() returned - unlocking
02-07 11:44:18.642  1911  1911 D KeyguardSecIndicationController: addIndication() returned - unlocking
02-07 11:44:18.644  2579  2579 I HoneySpace.SysuiUnlockAnimationController: alpha amount=0.8718629
02-07 11:44:18.645   866  1433 W AudioALSAPlaybackHandlerBase: compensatePresentationPosition(), timestamp 65.321875695 older then mPreviousTime 65.332995002!!
02-07 11:44:18.646  1911  1911 D SecCapturedBlurContainerViewModel: bouncerShowing = false , fullScreenBlurShowing = false , maxAlpha = 0.3
02-07 11:44:18.647  1911  1911 I KeyguardSecPinBasedInputView: onVisibilityChanged() Visibility : 4
02-07 11:44:18.647  1911  1911 I SemTspStateManager: clearDeadZone()
02-07 11:44:18.647  2277  2277 D [NFC_SE]SamsungExtension: onLogEventNotified() item:[mCommandApdus: [mResponseApdus: , mCallingApi= 0, mAction= 518, mCallingPId = 0, mRfFieldOnTime= null
02-07 11:44:18.648  1911  1911 D KeyguardVisible: keyguardFadingAway true
02-07 11:44:18.648  2277  2277 D [NFC_SE]NfcOemLogHelper: reportLogEvent = [mCommandApdus: [mResponseApdus: , mCallingApi= 0, mAction= 518, mCallingPId = 0, mRfFieldOnTime= null
02-07 11:44:18.648  2277  2277 D [NFC_SE]NfcOemLogHelper: try to send FLD_ERROR
02-07 11:44:18.648  2277  2277 D [NFC_SE]NfcOemLogHelper: RF Field is disabled
02-07 11:44:18.648   878   878 I SensorsHub: queueActivate: handle 25 enable 0
02-07 11:44:18.649   878   878 I SensorsHub: type : 25, enable : 0
02-07 11:44:18.650  1911  1911 D CentralSurfaces: !shouldBeKeyguard mStatusBarStateController.isKeyguardRequested() false keyguardForDozing false wakeAndUnlocking false isWakingAndOccluded false
02-07 11:44:18.651  1911  1911 D CentralSurfaces: hideKeyguardImpl false
02-07 11:44:18.651  1911  1911 D SbStateController: setState: KEYGUARD -> SHADE
02-07 11:44:18.651  1911  1911 D SbStateController: setState: requested state SHADE!= upcomingState: KEYGUARD. This usually means the status bar state transition was interrupted before the upcoming state could be applied.
02-07 11:44:18.651  1911  1911 D DozeServiceHost: updateDozing dozing = false / dozingRequested = false / state = SHADE mode = 0
02-07 11:44:18.651  1911  1911 D KeyguardVisible: onKeyguardGoingAwayChanged false
02-07 11:44:18.651  1911  1911 D KeyguardVisible: onKeyguardFadingAwayChanged false
02-07 11:44:18.652  1911  1911 D BiometricUnlockCtrl: finishKeyguardFadingAway
02-07 11:44:18.652  1911  1911 D DozeServiceHost: updateDozing dozing = false / dozingRequested = false / state = SHADE mode = 0
02-07 11:44:18.652  1911  2208 D HWUI    : CacheManager::trimMemory(40)
02-07 11:44:18.652  2277  2277 D NfcService: applyRouting: skip because nfc is not enabled
02-07 11:44:18.653  1435  1733 D ConnectivityService: Rematched networks [computed 0ms] [applied 10ms] [issued 11]
02-07 11:44:18.653  1435  1733 D ConnectivityService: NetworkReassignment : no changes
02-07 11:44:18.655  2579  2579 I HoneySpace.SysuiUnlockAnimationController: alpha amount=0.90845275
02-07 11:44:18.657   866  1433 W AudioALSAPlaybackHandlerBase: compensatePresentationPosition(), timestamp 65.343168618 older then mPreviousTime 65.345558772!!
02-07 11:44:18.661   899  1390 I SoundBoosterEffectPlus: SB_setVolume(0xb400007a90adf080)
02-07 11:44:18.661   899  1390 I SoundBoosterEffectPlus: command EFFECT_CMD_SET_VOLUME left = 1.000000, right =1.000000
02-07 11:44:18.661   899  1390 I SAG_EQ a64: SetVolumeFloat() inst_num [1350490027] VolumeFloat [0.000087] mModeFW [0] mMode [0]
02-07 11:44:18.661   899  1390 I SAG_EQ a64: mIsVolumeTableValid yes 
02-07 11:44:18.661   899  1390 I SAG_EQ a64: SetVolume() VolumeIndexInt [15] 
02-07 11:44:18.661   899  1390 I SoundBooster_Interface2000_a64: [AE_LOG] Exe() mMode : 0,  n : 256    VolumeIndexFloat : 0.000087 mSamplingRate : 48000
02-07 11:44:18.660  5240  5720 I agbg    : default assist app metadata should not be logged
02-07 11:44:18.665  5240  5716 W AppFunctions: Unknown schema [category=persons, name=findPersons, version=1]
02-07 11:44:18.665  5240  5716 D AppFunctions: Unable to resolve AppFunctionMetadata.
02-07 11:44:18.665  5240  5716 W AppFunctions: Unknown schema [category=phone, name=showCallRecord, version=1]
02-07 11:44:18.665  5240  5716 D AppFunctions: Unable to resolve AppFunctionMetadata.
02-07 11:44:18.665  5240  5716 W AppFunctions: Unknown schema [category=persons, name=getPersons, version=1]
02-07 11:44:18.665  5240  5636 D WM-Processor: mkx: processing WorkGenerationalId(workSpecId=20fa075d-b8a3-4e7f-90ea-146545c5026b, generation=0)
02-07 11:44:18.665  5240  5716 D AppFunctions: Unable to resolve AppFunctionMetadata.
02-07 11:44:18.665  5240  5716 W AppFunctions: Unknown schema [category=photos, name=findMediaItems, version=1]
02-07 11:44:18.665  5240  5716 D AppFunctions: Unable to resolve AppFunctionMetadata.
02-07 11:44:18.665  5240  5716 W AppFunctions: Unknown schema [category=photos, name=showMediaItemFilterEditor, version=1]
02-07 11:44:18.665  5240  5716 D AppFunctions: Unable to resolve AppFunctionMetadata.
02-07 11:44:18.665  5240  5716 W AppFunctions: Unknown schema [category=phone, name=makeCall, version=1]
02-07 11:44:18.665  5240  5716 D AppFunctions: Unable to resolve AppFunctionMetadata.
02-07 11:44:18.665  5240  5716 W AppFunctions: Unknown schema [category=persons, name=getPersons, version=1]
02-07 11:44:18.665  5240  5716 D AppFunctions: Unable to resolve AppFunctionMetadata.
02-07 11:44:18.665  5240  5716 W AppFunctions: Unknown schema [category=photos, name=showMediaItem, version=1]
02-07 11:44:18.665  5240  5716 D AppFunctions: Unable to resolve AppFunctionMetadata.
02-07 11:44:18.665  5240  5716 W AppFunctions: Unknown schema [category=photos, name=setMediaItemFilter, version=1]
02-07 11:44:18.665  5240  5716 D AppFunctions: Unable to resolve AppFunctionMetadata.
02-07 11:44:18.665  5240  5716 W AppFunctions: Unknown schema [category=photos, name=straightenMediaItem, version=1]
02-07 11:44:18.665  5240  5716 D AppFunctions: Unable to resolve AppFunctionMetadata.
02-07 11:44:18.666  5240  5715 W AppFunctions: Unknown schema [category=persons, name=findPersons, version=1]
02-07 11:44:18.666  5240  5715 D AppFunctions: Unable to resolve AppFunctionMetadata.
02-07 11:44:18.666  5240  5715 W AppFunctions: Unknown schema [category=phone, name=showCallRecord, version=1]
02-07 11:44:18.666  5240  5715 D AppFunctions: Unable to resolve AppFunctionMetadata.
02-07 11:44:18.666  5240  5715 W AppFunctions: Unknown schema [category=persons, name=getPersons, version=1]
02-07 11:44:18.666  5240  5715 D AppFunctions: Unable to resolve AppFunctionMetadata.
02-07 11:44:18.666  5240  5715 W AppFunctions: Unknown schema [category=photos, name=findMediaItems, version=1]
02-07 11:44:18.666  5240  5715 D AppFunctions: Unable to resolve AppFunctionMetadata.
02-07 11:44:18.666  5240  5715 W AppFunctions: Unknown schema [category=photos, name=showMediaItemFilterEditor, version=1]
02-07 11:44:18.667  5240  5715 D AppFunctions: Unable to resolve AppFunctionMetadata.
02-07 11:44:18.667  5240  5715 W AppFunctions: Unknown schema [category=phone, name=makeCall, version=1]
02-07 11:44:18.667  5240  5715 D AppFunctions: Unable to resolve AppFunctionMetadata.
02-07 11:44:18.667  5240  5715 W AppFunctions: Unknown schema [category=persons, name=getPersons, version=1]
02-07 11:44:18.667  5240  5715 D AppFunctions: Unable to resolve AppFunctionMetadata.
02-07 11:44:18.667  5240  5715 W AppFunctions: Unknown schema [category=photos, name=showMediaItem, version=1]
02-07 11:44:18.667  5240  5715 D AppFunctions: Unable to resolve AppFunctionMetadata.
02-07 11:44:18.667  5240  5715 W AppFunctions: Unknown schema [category=photos, name=setMediaItemFilter, version=1]
02-07 11:44:18.667  5240  5715 D AppFunctions: Unable to resolve AppFunctionMetadata.
02-07 11:44:18.667  5240  5715 W AppFunctions: Unknown schema [category=photos, name=straightenMediaItem, version=1]
02-07 11:44:18.667  5240  5715 D AppFunctions: Unable to resolve AppFunctionMetadata.
02-07 11:44:18.667  2579  2579 I HoneySpace.SysuiUnlockAnimationController: alpha amount=0.93743527
02-07 11:44:18.667  1911  2241 D SensorManager: cancelTrigger :: 25, Pick Up Gesture, com.android.systemui.deviceentry.ui.binder.LiftToRunFaceAuthBinder$listener$1@4065860
02-07 11:44:18.668  5240  5605 D WM-Processor: Work WorkGenerationalId(workSpecId=5fbef013-9c74-4d80-9a43-8922e3e02e58, generation=4) is already enqueued for processing
02-07 11:44:18.670  5240  5605 D WM-Processor: Work WorkGenerationalId(workSpecId=267ec8f9-c209-4e74-bffb-be17a33955c7, generation=8) is already enqueued for processing
02-07 11:44:18.671   866  1433 W AudioALSAPlaybackHandlerBase: compensatePresentationPosition(), timestamp 65.343168618 older then mPreviousTime 65.345558772!!
02-07 11:44:18.672  2277  2277 D libnfc_nci: nfcManager_doSetScreenState: state = 8 prevScreenState= 4, discovry_param = 1
02-07 11:44:18.673  5240  5605 D WM-Processor: Work WorkGenerationalId(workSpecId=d1df4480-d6af-4742-b511-137a833aae1a, generation=0) is already enqueued for processing
02-07 11:44:18.673  1435  2320 D ConnectivityService: requestNetwork for uid/pid:10230/2719 activeRequest: null callbackRequest: 224 [NetworkRequest [ TRACK_DEFAULT id=225, [ Capabilities: INTERNET&NOT_RESTRICTED&TRUSTED&NOT_VCN_MANAGED&NOT_BANDWIDTH_CONSTRAINED Uid: 10230 RequestorUid: 10230 RequestorPkg: com.google.android.gms UnderlyingNetworks: Null] ], NetworkRequest [ REQUEST id=226, [ Transports: SATELLITE Capabilities: INTERNET&NOT_RESTRICTED&TRUSTED&NOT_VCN_MANAGED Uid: 10230 RequestorUid: 10230 RequestorPkg: com.google.android.gms UnderlyingNetworks: Null] ]] callback flags: 0 order: 2147483647 isUidTracked: false declaredMethods: AVAIL|LOSING|LOST|UNAVAIL|NC|LP|BLK
02-07 11:44:18.673   866  1433 W AudioALSAPlaybackHandlerBase: compensatePresentationPosition(), timestamp 65.343168618 older then mPreviousTime 65.345558772!!
02-07 11:44:18.675  5240  5605 D WM-Processor: Work WorkGenerationalId(workSpecId=c6089ccc-53d5-4eb7-8519-cb4cbf25491e, generation=1886) is already enqueued for processing
02-07 11:44:18.678  1435  1435 E PocketModeEvent: PocketModeSetting is off 
02-07 11:44:18.678  2579  2579 I HoneySpace.SysuiUnlockAnimationController: alpha amount=0.95966315
02-07 11:44:18.678  1435  1671 D SGM:FgCheckThread: onLooperPrepared(), msg: MSG_USER_PRESENT
02-07 11:44:18.678  1435  1671 D SGM:FgCheckThread: handleUserPresent()
02-07 11:44:18.680  1911  1911 D StackScrollerController:  stateChanged setMaxDisplayedNotifications as -1
02-07 11:44:18.681  1435  1671 D SGM:FgCheckThread:   handleUserPresent(). resume signal is needed for com.sec.android.app.launcher
02-07 11:44:18.681  1911  1911 D QSScrimViewSwitch: 0 => 8: sb: SHADE | cks: GONE | ts: FINISHED | sps: SCREEN_ON | lsse: 0.0 | lse: 1.0 | qe: 0.0 | sba: 0.0
02-07 11:44:18.682  1435  1435 I MdnieScenarioControlService: action  :  android.intent.action.USER_PRESENT
02-07 11:44:18.684  1911  1911 D QSScrimViewSwitch: set visibility[0 => 8] vis: 8 | pbs: false
02-07 11:44:18.684  1911  1911 D ScrimController: updateScrimColor main=0xffdad9e0 front=0xff000000|0.000000|0 noti=0xffdad9e0|0.000000|8 behind=0xff000000|0.000000|8 vis=0
02-07 11:44:18.684  1911  1911 D ScrimController: updateScrimColor main=0xffdad9e0 front=0xff000000|0.000000|8 noti=0xffdad9e0|0.000000|8 behind=0xff000000|0.000000|8 vis=0
02-07 11:44:18.684  1911  2525 D engmode_client_aidl: engmodeManager_hal_getStatus
02-07 11:44:18.685  1911  2525 I engmode_client_list: EM_version = 30
02-07 11:44:18.685  1911  2525 I engmode_client_aidl: com.android.systemui. com.android.systemui. 10064. 0
02-07 11:44:18.686  5240  5720 W AppFunctions: Unknown schema [category=persons, name=findPersons, version=1]
02-07 11:44:18.687  5240  5720 D AppFunctions: Unable to resolve AppFunctionMetadata.
02-07 11:44:18.687  5240  5720 W AppFunctions: Unknown schema [category=persons, name=updatePerson, version=1]
02-07 11:44:18.687  5240  5720 D AppFunctions: Unable to resolve AppFunctionMetadata.
02-07 11:44:18.687  5240  5720 W AppFunctions: Unknown schema [category=phone, name=findCallRecords, version=1]
02-07 11:44:18.687  5240  5720 D AppFunctions: Unable to resolve AppFunctionMetadata.
02-07 11:44:18.687  5240  5720 W AppFunctions: Unknown schema [category=persons, name=getPersons, version=1]
02-07 11:44:18.687  5240  5720 D AppFunctions: Unable to resolve AppFunctionMetadata.
02-07 11:44:18.687  5240  5720 W AppFunctions: Unknown schema [category=photos, name=showMediaItemStraightenEditor, version=1]
02-07 11:44:18.687  5240  5720 D AppFunctions: Unable to resolve AppFunctionMetadata.
02-07 11:44:18.687  5240  5720 W AppFunctions: Unknown schema [category=messages, name=createAndShowMessageDraft, version=1]
02-07 11:44:18.687  5240  5720 D AppFunctions: Unable to resolve AppFunctionMetadata.
02-07 11:44:18.687  5240  5716 W AppFunctions: Unknown schema [category=persons, name=findPersons, version=1]
02-07 11:44:18.687  5240  5716 D AppFunctions: Unable to resolve AppFunctionMetadata.
02-07 11:44:18.687  5240  5720 W AppFunctions: Unknown schema [category=phone, name=addToBlocklist, version=1]
02-07 11:44:18.687  5240  5716 W AppFunctions: Unknown schema [category=persons, name=updatePerson, version=1]
02-07 11:44:18.687  5240  5716 D AppFunctions: Unable to resolve AppFunctionMetadata.
02-07 11:44:18.687  5240  5716 W AppFunctions: Unknown schema [category=phone, name=findCallRecords, version=1]
02-07 11:44:18.687  5240  5716 D AppFunctions: Unable to resolve AppFunctionMetadata.
02-07 11:44:18.687  5240  5716 W AppFunctions: Unknown schema [category=persons, name=getPersons, version=1]
02-07 11:44:18.687  5240  5716 D AppFunctions: Unable to resolve AppFunctionMetadata.
02-07 11:44:18.687  5240  5716 W AppFunctions: Unknown schema [category=photos, name=showMediaItemStraightenEditor, version=1]
02-07 11:44:18.687  5240  5716 D AppFunctions: Unable to resolve AppFunctionMetadata.
02-07 11:44:18.687  5240  5716 W AppFunctions: Unknown schema [category=messages, name=createAndShowMessageDraft, version=1]
02-07 11:44:18.687  5240  5716 D AppFunctions: Unable to resolve AppFunctionMetadata.
02-07 11:44:18.687  5240  5716 W AppFunctions: Unknown schema [category=phone, name=addToBlocklist, version=1]
02-07 11:44:18.687  5240  5716 D AppFunctions: Unable to resolve AppFunctionMetadata.
02-07 11:44:18.687  5240  5716 W AppFunctions: Unknown schema [category=photos, name=showAlbum, version=1]
02-07 11:44:18.687  5240  5716 D AppFunctions: Unable to resolve AppFunctionMetadata.
02-07 11:44:18.687  5240  5716 W AppFunctions: Unknown schema [category=photos, name=findAlbums, version=1]
02-07 11:44:18.687  5240  5716 D AppFunctions: Unable to resolve AppFunctionMetadata.
02-07 11:44:18.687  5240  5716 W AppFunctions: Unknown schema [category=messages, name=replyMessage, version=1]
02-07 11:44:18.687  2719  7406 E LoadedApk: Exception : java.lang.NullPointerException: Attempt to invoke virtual method 'boolean android.os.Looper.isPerfLogEnable()' on a null object reference
02-07 11:44:18.687  5240  5716 D AppFunctions: Unable to resolve AppFunctionMetadata.
02-07 11:44:18.687  5240  5720 D AppFunctions: Unable to resolve AppFunctionMetadata.
02-07 11:44:18.687  5240  5720 W AppFunctions: Unknown schema [category=photos, name=showAlbum, version=1]
02-07 11:44:18.687  5240  5720 D AppFunctions: Unable to resolve AppFunctionMetadata.
02-07 11:44:18.687  5240  5720 W AppFunctions: Unknown schema [category=photos, name=findAlbums, version=1]
02-07 11:44:18.687  5240  5720 D AppFunctions: Unable to resolve AppFunctionMetadata.
02-07 11:44:18.688  5240  5720 W AppFunctions: Unknown schema [category=messages, name=replyMessage, version=1]
02-07 11:44:18.688  5240  5720 D AppFunctions: Unable to resolve AppFunctionMetadata.
02-07 11:44:18.689  2579  2579 I HoneySpace.SysuiUnlockAnimationController: alpha amount=0.97598714
02-07 11:44:18.689  2719  2776 I NearbyUWB: (REDACTED) onGetService: Create client bridge with key %s
02-07 11:44:18.691  2719  2719 I NearbyConnections: GestureExchangeRegistrar is not enabled.
02-07 11:44:18.692  1911  1911 D LockscreenShadeTransitionController: onStateChanged SHADE and notify onExpansionFinished
02-07 11:44:18.692  1911  1911 D LockScreenNotiIconCoordinator: onExpansionFinished
02-07 11:44:18.692  1911  1911 D KeyguardEditModeAnimatorController: startCancelAnimation
02-07 11:44:18.692  1911  1911 D KeyguardEditModeAnimatorController: startCancelAnimation : is not keyguard state
02-07 11:44:18.692  1911  1911 D KeyguardEditModeAnimatorController: resetViews
02-07 11:44:18.692  1911  1911 D KeyguardEditModeController: cancel() true
02-07 11:44:18.692  1911  1911 D LockscreenNotificationManager: BarState updated : 0
02-07 11:44:18.693  1911  1911 D KeyguardSecIndicationPolicy:  remove Item pos = DEFAULT, type =     LEGACY_TRANSIENT
02-07 11:44:18.693  1911  1911 I NowBarCardViewModel: setVisibility visible = 8 / nowBarRootVisibility = 8
02-07 11:44:18.695  1911  1911 I FaceWidgetViewModel: onNioViewStateUpdated : alpha 1.0, visibility 4
02-07 11:44:18.696  1911  2525 I engmode_client_aidl: process is com.android.systemui
02-07 11:44:18.696  1911  2525 I engmode_client_aidl: com.android.systemui called getstatus (0x40)
02-07 11:44:18.696  1911  2525 I engmode_client_list: checkClient: [ProcessName = com.android.systemui]
02-07 11:44:18.696  1911  2525 E engmode_client_list: Cannot find client
02-07 11:44:18.696  1911  2525 E engmode_client_aidl: Client error
02-07 11:44:18.696  1911  2525 I engmode_client_aidl: Caller check fail
02-07 11:44:18.697  1911  1911 D KeyguardStatusBarViewExt: v:4, a:1.00, com.android.systemui.shade.NotificationPanelViewController$StatusBarStateListener.onStateChanged:69 com.android.systemui.shade.NotificationPanelViewController$StatusBarStateListener.onStateChanged:1 com.android.systemui.statusbar.StatusBarStateControllerImpl.setState:266 com.android.systemui.statusbar.phone.CentralSurfacesImpl.updateIsKeyguard:284 com.android.systemui.statusbar.phone.CentralSurfacesImpl.hideKeyguard:8 
02-07 11:44:18.698  1911  1911 D NotificationPanelView: onBarStateChanged() to 0
02-07 11:44:18.698  1435  1733 D ConnectivityService:    accepting network in place of null for NetworkRequest [ TRACK_DEFAULT id=225, [ Capabilities: INTERNET&NOT_RESTRICTED&TRUSTED&NOT_VCN_MANAGED&NOT_BANDWIDTH_CONSTRAINED Uid: 10230 RequestorUid: 10230 RequestorPkg: com.google.android.gms UnderlyingNetworks: Null] ]
02-07 11:44:18.698   675   675 I engmode_aidl_service: Connect to service
02-07 11:44:18.698   675   675 I engmode_binder_client: engmode client create
02-07 11:44:18.698   675   675 I engmode_binder_client: EM version = 30.6.08
02-07 11:44:18.699   675   675 I engmode_binder_client: engmodeclient.get_server 0xb400007658e0a300
02-07 11:44:18.699   675   675 I engmode_binder_client: get service done
02-07 11:44:18.700   845   853 I engmode_binder_server: EngineeringMode version = 30.6.08,(675/1000)
02-07 11:44:18.700   845   853 I engmode_binder_server: (675/1000) got mutex
02-07 11:44:18.700  2579  2579 I HoneySpace.SysuiUnlockAnimationController: alpha amount=0.98799413
02-07 11:44:18.700  2719  3321 I NearbyMediums: WifiNetwork defaultNetworkCallback onAvailable netId:100
02-07 11:44:18.700  3514  4883 I PROV/QueryUriConversations: [CONVERSATION]done query conversations, containsRecipientList : false, category : null, Elapsed time : 156.96123 ms
02-07 11:44:18.700  3514  4883 I PROV/MsgContentProviderQuery: query, uriMatch : 1001, Elapsed time : 156.99939 ms
02-07 11:44:18.700  1911  1911 D PluginLockDelegateApp: onBarStateChanged 
02-07 11:44:18.700  1911  1911 I DymLock|DynamicLockManager: setBarState() state[0] mIsScreenOn[false] dls_state[2]
02-07 11:44:18.700  1911  1911 D SecLockIconViewController: updateVisibility
02-07 11:44:18.700  1911  1911 I {OngoingActivityController}: onStateChanged: status bar state 1-->0
02-07 11:44:18.700  1911  1911 D {OngoingActivityController}: updateParentViewVisibility() animate:false shouldVisible()
02-07 11:44:18.701  1911  1911 D CollapsedStatusBarFragment: onHideActivityChip() animate:false
02-07 11:44:18.701   845   853 I engmode_binder_server: acquire_wake_lock : wakelock-emservice
02-07 11:44:18.701   845   853 I engmode_binder_server: onTransact called with 0x00000001
02-07 11:44:18.701  2719  2719 I Dtdi    : (REDACTED) [TidepoolSettingsSubDelegate] Tidepool Toggles: %s, %s, %s
02-07 11:44:18.701  1911  1911 D PanelTransitionAnimator: clearAnimationState SHADE_STATE
02-07 11:44:18.702   845   853 I engmode_steady: read from steady(11264)
02-07 11:44:18.702   845   853 I engmode_world: Read esi
02-07 11:44:18.702  3514  4883 I ORC/ComposerParameter: create from builder
02-07 11:44:18.702  3514  4883 I ORC/OpenConversationUtil: openConversation
02-07 11:44:18.703  3514  4883 I ORC/PackageInfo: componentName=com.samsung.android.messaging.ui.RcsTransferContent, currentState=1
02-07 11:44:18.703  3514  4883 W BitmapFactory: Null Options, creating a new one.
02-07 11:44:18.703  3514  4883 I Kumiho-Kumiho: getPackageName: com.samsung.android.messaging
02-07 11:44:18.704  1911  2255 D KnoxStateMonitorImpl: unlockSdp :: Maybe keyguard hidden as user 0
02-07 11:44:18.705   845   853 I engmode_steady: read from steady(69632)
02-07 11:44:18.705   845   853 I engmode_world: Read token
02-07 11:44:18.705   845   853 E engmode_world: Unknown token(00/00/00)
02-07 11:44:18.705   845   853 I engmode_binder_server: onTransact(0x00000001) ret 0xd0060012
02-07 11:44:18.706   675   675 E engmode_aidl_service: error to server(0xd0060012)
02-07 11:44:18.706   675   675 I engmode_binder_client: engmode client destructor
02-07 11:44:18.705  2719  2784 I NearbyMediums: WifiNetwork setTelephonyIsDataConnected:true
02-07 11:44:18.707  2719  2776 I NearbyUWB: (REDACTED) Analytics is enabled for package %s
02-07 11:44:18.708  1911  1911 D SecPanelExpansionStateInteractor: onStateChanged to SHADE
02-07 11:44:18.711  2579  2579 I HoneySpace.SysuiUnlockAnimationController: alpha amount=0.9947528
02-07 11:44:18.714  2719  2719 D BoundBrokerSvc: onBind: Intent { act=com.google.android.gms.pseudonymous.service.START xflg=0x4 pkg=com.google.android.gms }
02-07 11:44:18.714  2719  2719 D BoundBrokerSvc: Loading bound service for intent: Intent { act=com.google.android.gms.pseudonymous.service.START xflg=0x4 pkg=com.google.android.gms }
02-07 11:44:18.705  1435  1733 D ConnectivityService: Rematched networks [computed 1ms] [applied 11ms] [issued 7]
02-07 11:44:18.715  1435  1733 D ConnectivityService: NetworkReassignment :
02-07 11:44:18.715  1435  1733 D ConnectivityService:   225 : null ??100
02-07 11:44:18.715  1435  1435 D MdnieScenarioControlService:  packageName : com.sec.android.app.launcher    className : com.sec.android.app.launcher.Launcher
02-07 11:44:18.716  1435  1435 I AdaptiveDisplaySolutionService: action  :  android.intent.action.USER_PRESENT
02-07 11:44:18.716  1435  1435 I EyeComfortSolutionService: action  :  android.intent.action.USER_PRESENT
02-07 11:44:18.716  1435  1435 I PersonaManagerService: UserReceiver.onReceive() {action:android.intent.action.USER_PRESENT userHandle:-1}
02-07 11:44:18.716  1435  1746 V MdnieScenarioControlService: setUIMode from UI function(3)
02-07 11:44:18.718  1911  1911 D SecPanelExpansionStateRepository: NOTIFY !!! CLOSED -> OPEN
02-07 11:44:18.718  1911  1911 D QSMumButton: onPanelExpansionStateChanged isPanelExpanding = false > false
02-07 11:44:18.718  1911  1911 D SecQSDetailController: onPanelExpansionStateChanged isPanelExpanding = false
02-07 11:44:18.718  1911  1911 D WallpaperManager: getSeedColors: which = 1, fromGoogle = false
02-07 11:44:18.718  1911  1911 D WallpaperManager: semGetWallpaperColors: which = 1
02-07 11:44:18.719  4772  6070 W chbox:googleapp: Long monitor contention with owner Blocking Thread #5 (6068) at java.lang.Object dcob.a(java.lang.String)(PG:56) waiters=0 in java.lang.Object dcob.a(java.lang.String) for 1.850s
02-07 11:44:18.719  1911  1911 D SemWallpaperColorsArea: SemWallpaperColorsArea [1080, 2340] which: 5 rotation: 0 has Base: false
02-07 11:44:18.719  1911  1911 D SemWallpaperColorsArea: SemWallpaperColorsArea which = 5, mDensity : 2.8125, 1080x2340,384x832,28,48, 2
02-07 11:44:18.719  1911  1911 I SemWallpaperColorsArea: Final area : Rect(67, 5 - 1012, 78)
02-07 11:44:18.719  1911  1911 I SemWallpaperColorsArea: Final area : Rect(36, 163 - 1043, 1881)
02-07 11:44:18.719  1911  1911 I SemWallpaperColorsArea: Final area : Rect(0, 2205 - 1080, 2340)
02-07 11:44:18.719  1911  1911 D ColoredBackgroundWallpaperInteractor: home MatchingColor : 0xff3b4c56
02-07 11:44:18.719  1911  1911 D WallpaperManager: getSeedColors: which = 2, fromGoogle = false
02-07 11:44:18.719  1911  1911 D WallpaperManager: semGetWallpaperColors: which = 2
02-07 11:44:18.719  1911  1911 D SemWallpaperColorsArea: SemWallpaperColorsArea [1080, 2340] which: 6 rotation: 0 has Base: false
02-07 11:44:18.719  1911  1911 D SemWallpaperColorsArea: SemWallpaperColorsArea which = 6, mDensity : 2.8125, 1080x2340,384x832,28,48, 2
02-07 11:44:18.719  1911  1911 I SemWallpaperColorsArea: Final area : Rect(67, 5 - 1012, 78)
02-07 11:44:18.719  1911  1911 I SemWallpaperColorsArea: Final area : Rect(112, 466 - 967, 756)
02-07 11:44:18.719  1911  1911 I SemWallpaperColorsArea: Final area : Rect(112, 1274 - 967, 1330)
02-07 11:44:18.719  1911  1911 I SemWallpaperColorsArea: Final area : Rect(112, 1358 - 967, 1828)
02-07 11:44:18.719  1911  1911 I SemWallpaperColorsArea: Final area : Rect(112, 2092 - 967, 2255)
02-07 11:44:18.719  1911  1911 I SemWallpaperColorsArea: Final area : Rect(0, 0 - 1080, 2340)
02-07 11:44:18.720  1911  1911 D ColoredBackgroundWallpaperInteractor: lock MatchingColor : 0xff56360c
02-07 11:44:18.720  1911  1911 D ColoredBackgroundWallpaperInteractor: HOME h : 202.22223 s : 0.3139535 v : 0.3372549
02-07 11:44:18.720  1911  1911 D ColoredBackgroundWallpaperInteractor: getBGColor isWhiteWallpaper = false isBlackWallpaper = false wallPaperStatus = HOME 0xff3b4c56
02-07 11:44:18.720  1911  1911 D ColoredBackgroundRepository: bgColorOverlaid = false, extractColor = 0xff3b4c56, alpha = 61, alphaAppliedColor = 0x3d3b4c56
02-07 11:44:18.720  1911  1911 D ColoredBGHelper: bgColor from interactor = 0x3d3b4c56
02-07 11:44:18.720  1911  1911 D ColoredBGHelper: updateBGColor extractColor = 0x3d56360c > 0x3d3b4c56
02-07 11:44:18.720  1911  1911 D ColoredBGHelper: setBackGroundDrawable alpha = 61 > 61, color = 0x3d56360c > 0x3d3b4c56, actualAppliedColor = 0x3d56360c > 0x3d3b4c56 com.android.systemui.qs.bar.ColoredBGHelper$1$1.invokeSuspend:60
02-07 11:44:18.720  1911  1911 D ColoredBGHelper:  com.android.systemui.qs.bar.ColoredBGHelper$1$1.invoke:21
02-07 11:44:18.720  1911  1911 D ColoredBGHelper:  kotlinx.coroutines.flow.FlowKt__MergeKt$mapLatest$1.invokeSuspend:49
02-07 11:44:18.720  5240  5605 D WM-GreedyScheduler: Cancelling work ID e8653204-c575-4d9c-adb3-14da73337e73
02-07 11:44:18.722  2579  2579 I HoneySpace.SysuiUnlockAnimationController: alpha amount=0.99822897
02-07 11:44:18.729  4772  6070 E PhFileGroupPop: Failed to add file group 
02-07 11:44:18.729  4772  6070 E PhFileGroupPop: Failed to add file group 
02-07 11:44:18.729  4772  6070 E PhFileGroupPop: Failed to add file group 
02-07 11:44:18.729  4772  6070 E PhFileGroupPop: Failed to add file group 
02-07 11:44:18.729  4772  6070 E PhFileGroupPop: Failed to add file group 
02-07 11:44:18.729  4772  6070 E PhFileGroupPop: Failed to add file group 
02-07 11:44:18.730  4772  6070 E PhFileGroupPop: Failed to add file group 
02-07 11:44:18.730  4772  6070 E PhFileGroupPop: Failed to add file group 
02-07 11:44:18.730  4772  6070 E PhFileGroupPop: Failed to add file group 
02-07 11:44:18.730  4772  6070 E PhFileGroupPop: Failed to add file group 
02-07 11:44:18.731  4772  6070 I drjc    : Scheduling next refresh
02-07 11:44:18.732   866  1433 D audio_ringbuf: dynamic_change_ring_buf_size(), 0xebad8000: 8208 -> 16400, data_count 8192, write_size 4096, free_space 0
02-07 11:44:18.733  2579  2579 I HoneySpace.SysuiUnlockAnimationController: alpha amount=0.99911445
02-07 11:44:18.735  5240  5716 W AppFunctions: Unknown schema [category=messages, name=sendMessage, version=1]
02-07 11:44:18.735  5240  5716 D AppFunctions: Unable to resolve AppFunctionMetadata.
02-07 11:44:18.736  5240  5716 W AppFunctions: Unknown schema [category=files, name=showFile, version=1]
02-07 11:44:18.736  5240  5716 D AppFunctions: Unable to resolve AppFunctionMetadata.
02-07 11:44:18.736  5240  5716 W AppFunctions: Unknown schema [category=files, name=getFileContentUris, version=1]
02-07 11:44:18.736  5240  5716 D AppFunctions: Unable to resolve AppFunctionMetadata.
02-07 11:44:18.736  5240  5716 W AppFunctions: Unknown schema [category=files, name=findFiles, version=1]
02-07 11:44:18.736  5240  5716 D AppFunctions: Unable to resolve AppFunctionMetadata.
02-07 11:44:18.736  5240  5716 W AppFunctions: Unknown schema [category=browser, name=showSite, version=1]
02-07 11:44:18.736  5240  5716 D AppFunctions: Unable to resolve AppFunctionMetadata.
02-07 11:44:18.736  5240  5716 W AppFunctions: Unknown schema [category=browser, name=showTab, version=1]
02-07 11:44:18.736  5240  5716 D AppFunctions: Unable to resolve AppFunctionMetadata.
02-07 11:44:18.736  5240  5716 W AppFunctions: Unknown schema [category=browser, name=findTabs, version=1]
02-07 11:44:18.736  5240  5716 D AppFunctions: Unable to resolve AppFunctionMetadata.
02-07 11:44:18.736  5240  5716 W AppFunctions: Unknown schema [category=browser, name=createBookmark, version=1]
02-07 11:44:18.736  5240  5716 D AppFunctions: Unable to resolve AppFunctionMetadata.
02-07 11:44:18.736  5240  5716 W AppFunctions: Unknown schema [category=browser, name=updateBookmark, version=1]
02-07 11:44:18.736  5240  5716 D AppFunctions: Unable to resolve AppFunctionMetadata.
02-07 11:44:18.736  5240  5716 W AppFunctions: Unknown schema [category=browser, name=deleteBookmarks, version=1]
02-07 11:44:18.736  5240  5716 D AppFunctions: Unable to resolve AppFunctionMetadata.
02-07 11:44:18.739  1911  1911 D SecQpBlurController: statusBarState : SHADE , panelExpandedFraction : 1.0
02-07 11:44:18.740  1911  1911 D InsignificantCoordinator: onStatePostChange :  0
02-07 11:44:18.740   866  3725 W AudioALSAPlaybackHandlerBase: compensatePresentationPosition(), timestamp 65.428518079 older then mPreviousTime 65.428574772!!
02-07 11:44:18.740  4772  6068 E PhFileGroupPop: Failed to add file group 
02-07 11:44:18.740  4772  6068 E PhFileGroupPop: Failed to add file group 
02-07 11:44:18.740  4772  6068 E PhFileGroupPop: Failed to add file group 
02-07 11:44:18.740  4772  6068 E PhFileGroupPop: Failed to add file group 
02-07 11:44:18.740  4772  6068 E PhFileGroupPop: Failed to add file group 
02-07 11:44:18.740  4772  6068 E PhFileGroupPop: Failed to add file group 
02-07 11:44:18.740  1435  2327 D StatusBarManagerService:   setPanelExpandStateToType : state = true, barType = 0
02-07 11:44:18.741  4772  6068 E PhFileGroupPop: Failed to add file group 
02-07 11:44:18.741  4772  6068 E PhFileGroupPop: Failed to add file group 
02-07 11:44:18.741  4772  6068 E PhFileGroupPop: Failed to add file group 
02-07 11:44:18.741  4772  6068 E PhFileGroupPop: Failed to add file group 
02-07 11:44:18.741  1911  1911 D QuickPanelLog: NPVC | instantCollapse
02-07 11:44:18.741  1911  1911 D QuickPanelLog:  - com.android.systemui.shade.NotificationPanelViewController.instantCollapse:7
02-07 11:44:18.741  1911  1911 D QuickPanelLog:  - com.android.systemui.shade.ShadeControllerImpl.instantCollapseShade:5
02-07 11:44:18.741  1911  1911 D QuickPanelLog:  - com.android.systemui.statusbar.phone.CentralSurfacesImpl.updateIsKeyguard:429
02-07 11:44:18.741  1911  1911 D QuickPanelLog:  - com.android.systemui.statusbar.phone.CentralSurfacesImpl.hideKeyguard:8
02-07 11:44:18.741  1911  1911 D QuickPanelLog:  - com.android.systemui.statusbar.phone.StatusBarKeyguardViewManager.hide:231
02-07 11:44:18.741  1911  1911 D QuickPanelLog:  - com.android.systemui.statusbar.phone.SecStatusBarKeyguardViewManager.hide:43
02-07 11:44:18.741  1911  1911 D QuickPanelLog:  - com.android.systemui.keyguard.KeyguardUnlockAnimationController.hideKeyguardViewAfterRemoteAnimation:15
02-07 11:44:18.741  1911  1911 D QuickPanelLog:  - com.android.systemui.keyguard.KeyguardViewMediator$$ExternalSyntheticLambda1.run:206
02-07 11:44:18.741  1911  1911 D QuickPanelLog:  - com.android.systemui.DejankUtils.postAfterTraversal:5
02-07 11:44:18.741  1911  1911 D QuickPanelLog:  - com.android.systemui.keyguard.KeyguardViewMediator.postAfterTraversal:1
02-07 11:44:18.743  1911  1911 D TileChunkLayoutBar: calculateContainerHeight Expanded row: 4 Collapsed row: 2
02-07 11:44:18.744  1911  1911 D StatusBarHideIconsForBouncerManager: hideIconsForBouncer=false wereIconsJustHidden=true
02-07 11:44:18.745  1911  1911 D StatusBarHideIconsForBouncerManager: hideIconsForBouncer=false wereIconsJustHidden=true
02-07 11:44:18.746  2579  2579 I HoneySpace.SysuiUnlockAnimationController: alpha amount=1.0
02-07 11:44:18.746  2579  2579 I HoneySpace.SysuiUnlockAnimationController: onAnimationEnd
02-07 11:44:18.746   866  3725 W AudioALSAPlaybackHandlerBase: compensatePresentationPosition(), timestamp 65.428518079 older then mPreviousTime 65.428574772!!
02-07 11:44:18.747  1911  2176 D Tile.SoundModeTile: handleSetListening: listening true
02-07 11:44:18.748  1911  1911 I ComplicationWidgetPluginController: onShadeExpandedChanged false false
02-07 11:44:18.748  1911  1911 D KeyguardUpdateMonitor: isUserUnlocked userId:0, unlocked:true
